00:00 +0: loading C:/Users/Atharva Patil/Documents/projects/gymlog/test/upgrade/error_reassurance_render_test.dart
00:00 +0: (setUpAll)
00:00 +0: async-error-higgsfield-1.0x-synthetic
00:00 +1: app-error-higgsfield-1.0x-synthetic
00:00 +2: detail-error-higgsfield-1.0x-synthetic
00:00 +3: routine-error-higgsfield-1.0x-synthetic
00:01 +4: roles-higgsfield-1.0x-synthetic
00:01 +5: offline-higgsfield-1.0x-synthetic
00:01 +6: sync-error-higgsfield-1.0x-synthetic
00:01 +7: storage-free-higgsfield-1.0x-synthetic
00:02 +8: storage-pro-higgsfield-1.0x-synthetic
00:02 +9: async-error-higgsfield-1.6x-synthetic
00:02 +10: app-error-higgsfield-1.6x-synthetic
00:02 +11: detail-error-higgsfield-1.6x-synthetic
00:02 +12: routine-error-higgsfield-1.6x-synthetic
00:02 +13: roles-higgsfield-1.6x-synthetic
00:02 +14: offline-higgsfield-1.6x-synthetic
00:03 +15: sync-error-higgsfield-1.6x-synthetic
00:03 +16: storage-free-higgsfield-1.6x-synthetic
00:03 +17: storage-pro-higgsfield-1.6x-synthetic
00:04 +18: async-error-neonPurple-1.0x-synthetic
00:04 +19: app-error-neonPurple-1.0x-synthetic
00:04 +20: detail-error-neonPurple-1.0x-synthetic
00:04 +21: routine-error-neonPurple-1.0x-synthetic
00:04 +22: roles-neonPurple-1.0x-synthetic
00:04 +23: offline-neonPurple-1.0x-synthetic
00:04 +24: sync-error-neonPurple-1.0x-synthetic
00:04 +25: storage-free-neonPurple-1.0x-synthetic
00:05 +26: storage-pro-neonPurple-1.0x-synthetic
00:05 +27: async-error-neonPurple-1.6x-synthetic
00:05 +28: app-error-neonPurple-1.6x-synthetic
00:05 +29: detail-error-neonPurple-1.6x-synthetic
00:05 +30: routine-error-neonPurple-1.6x-synthetic
00:05 +31: roles-neonPurple-1.6x-synthetic
00:05 +32: offline-neonPurple-1.6x-synthetic
00:06 +33: sync-error-neonPurple-1.6x-synthetic
00:06 +34: storage-free-neonPurple-1.6x-synthetic
00:06 +35: storage-pro-neonPurple-1.6x-synthetic
00:06 +36: async-error-white-1.0x-synthetic
00:06 +37: app-error-white-1.0x-synthetic
00:06 +38: detail-error-white-1.0x-synthetic
00:07 +39: routine-error-white-1.0x-synthetic
00:07 +40: roles-white-1.0x-synthetic
00:07 +41: offline-white-1.0x-synthetic
00:07 +42: sync-error-white-1.0x-synthetic
00:07 +43: storage-free-white-1.0x-synthetic
00:07 +44: storage-pro-white-1.0x-synthetic
00:07 +45: async-error-white-1.6x-synthetic
00:08 +46: app-error-white-1.6x-synthetic
00:08 +47: detail-error-white-1.6x-synthetic
00:08 +48: routine-error-white-1.6x-synthetic
00:08 +49: roles-white-1.6x-synthetic
00:08 +50: offline-white-1.6x-synthetic
00:08 +51: sync-error-white-1.6x-synthetic
00:08 +52: storage-free-white-1.6x-synthetic
00:08 +53: storage-pro-white-1.6x-synthetic
00:09 +54: async-error-neonCyan-1.0x-synthetic
00:09 +55: app-error-neonCyan-1.0x-synthetic
00:09 +56: detail-error-neonCyan-1.0x-synthetic
00:09 +57: routine-error-neonCyan-1.0x-synthetic
00:09 +58: roles-neonCyan-1.0x-synthetic
00:09 +59: offline-neonCyan-1.0x-synthetic
00:09 +60: sync-error-neonCyan-1.0x-synthetic
00:09 +61: storage-free-neonCyan-1.0x-synthetic
00:10 +62: storage-pro-neonCyan-1.0x-synthetic
00:10 +63: async-error-neonCyan-1.6x-synthetic
00:10 +64: app-error-neonCyan-1.6x-synthetic
00:10 +65: detail-error-neonCyan-1.6x-synthetic
00:10 +66: routine-error-neonCyan-1.6x-synthetic
00:10 +67: roles-neonCyan-1.6x-synthetic
00:10 +68: offline-neonCyan-1.6x-synthetic
00:10 +69: sync-error-neonCyan-1.6x-synthetic
00:10 +70: storage-free-neonCyan-1.6x-synthetic
00:11 +71: storage-pro-neonCyan-1.6x-synthetic
00:11 +72: async-error-neonMagenta-1.0x-synthetic
00:11 +73: app-error-neonMagenta-1.0x-synthetic
00:11 +74: detail-error-neonMagenta-1.0x-synthetic
00:11 +75: routine-error-neonMagenta-1.0x-synthetic
00:11 +76: roles-neonMagenta-1.0x-synthetic
00:11 +77: offline-neonMagenta-1.0x-synthetic
00:11 +78: sync-error-neonMagenta-1.0x-synthetic
00:12 +79: storage-free-neonMagenta-1.0x-synthetic
00:12 +80: storage-pro-neonMagenta-1.0x-synthetic
00:12 +81: async-error-neonMagenta-1.6x-synthetic
00:12 +82: app-error-neonMagenta-1.6x-synthetic
00:12 +83: detail-error-neonMagenta-1.6x-synthetic
00:12 +84: routine-error-neonMagenta-1.6x-synthetic
00:12 +85: roles-neonMagenta-1.6x-synthetic
00:12 +86: offline-neonMagenta-1.6x-synthetic
00:12 +87: sync-error-neonMagenta-1.6x-synthetic
00:13 +88: storage-free-neonMagenta-1.6x-synthetic
00:13 +89: storage-pro-neonMagenta-1.6x-synthetic
00:13 +90: async-error-blazeOrange-1.0x-synthetic
00:13 +91: app-error-blazeOrange-1.0x-synthetic
00:13 +92: detail-error-blazeOrange-1.0x-synthetic
00:13 +93: routine-error-blazeOrange-1.0x-synthetic
00:13 +94: roles-blazeOrange-1.0x-synthetic
00:13 +95: offline-blazeOrange-1.0x-synthetic
00:13 +96: sync-error-blazeOrange-1.0x-synthetic
00:14 +97: storage-free-blazeOrange-1.0x-synthetic
00:14 +98: storage-pro-blazeOrange-1.0x-synthetic
00:14 +99: async-error-blazeOrange-1.6x-synthetic
00:14 +100: app-error-blazeOrange-1.6x-synthetic
00:14 +101: detail-error-blazeOrange-1.6x-synthetic
00:14 +102: routine-error-blazeOrange-1.6x-synthetic
00:14 +103: roles-blazeOrange-1.6x-synthetic
00:14 +104: offline-blazeOrange-1.6x-synthetic
00:14 +105: sync-error-blazeOrange-1.6x-synthetic
00:15 +106: storage-free-blazeOrange-1.6x-synthetic
00:15 +107: storage-pro-blazeOrange-1.6x-synthetic
00:15 +108: (tearDownAll)
00:15 +108: All tests passed!
