00:00 +0: loading C:/Users/Atharva Patil/Documents/projects/gymlog/test/upgrade/error_reassurance_render_test.dart
00:00 +0: (setUpAll)
00:00 +0: async-error-higgsfield-1.0x-synthetic
00:00 +1: app-error-higgsfield-1.0x-synthetic
00:00 +2: detail-error-higgsfield-1.0x-synthetic
00:00 +3: routine-error-higgsfield-1.0x-synthetic
00:00 +4: roles-higgsfield-1.0x-synthetic
00:01 +5: offline-higgsfield-1.0x-synthetic
00:01 +6: storage-free-higgsfield-1.0x-synthetic
00:01 +7: storage-pro-higgsfield-1.0x-synthetic
00:01 +8: async-error-higgsfield-1.6x-synthetic
00:01 +9: app-error-higgsfield-1.6x-synthetic
00:01 +10: detail-error-higgsfield-1.6x-synthetic
00:01 +11: routine-error-higgsfield-1.6x-synthetic
00:02 +12: roles-higgsfield-1.6x-synthetic
00:02 +13: offline-higgsfield-1.6x-synthetic
00:02 +14: storage-free-higgsfield-1.6x-synthetic
00:02 +15: storage-pro-higgsfield-1.6x-synthetic
00:02 +16: async-error-neonPurple-1.0x-synthetic
00:02 +17: app-error-neonPurple-1.0x-synthetic
00:02 +18: detail-error-neonPurple-1.0x-synthetic
00:02 +19: routine-error-neonPurple-1.0x-synthetic
00:02 +20: roles-neonPurple-1.0x-synthetic
00:02 +21: offline-neonPurple-1.0x-synthetic
00:03 +22: storage-free-neonPurple-1.0x-synthetic
00:03 +23: storage-pro-neonPurple-1.0x-synthetic
00:03 +24: async-error-neonPurple-1.6x-synthetic
00:03 +25: app-error-neonPurple-1.6x-synthetic
00:03 +26: detail-error-neonPurple-1.6x-synthetic
00:03 +27: routine-error-neonPurple-1.6x-synthetic
00:03 +28: roles-neonPurple-1.6x-synthetic
00:03 +29: offline-neonPurple-1.6x-synthetic
00:03 +30: storage-free-neonPurple-1.6x-synthetic
00:04 +31: storage-pro-neonPurple-1.6x-synthetic
00:04 +32: (tearDownAll)
00:04 +32: All tests passed!
