00:00 +0: loading C:/Users/Atharva Patil/Documents/projects/gymlog/test/upgrade/session_1_render_test.dart
00:00 +0: (setUpAll)
00:00 +0: header-weighted-higgsfield-1.0x-synthetic
00:00 +1: header-reps-higgsfield-1.0x-synthetic
00:00 +2: header-timed-higgsfield-1.0x-synthetic
00:00 +3: header-distance-higgsfield-1.0x-synthetic
00:00 +4: header-empty-higgsfield-1.0x-synthetic
00:00 +5: finish-weighted-higgsfield-1.0x-synthetic
00:01 +6: finish-reps-higgsfield-1.0x-synthetic
00:01 +7: finish-timed-higgsfield-1.0x-synthetic
00:01 +8: finish-distance-higgsfield-1.0x-synthetic
00:01 +9: pr-higgsfield-1.0x-synthetic
00:01 +10: detail-higgsfield-1.0x-synthetic
00:01 +11: detail-error-higgsfield-1.0x-synthetic
00:01 +12: detail-empty-higgsfield-1.0x-synthetic
00:01 +13: exercise-higgsfield-1.0x-synthetic
00:01 +14: progress-higgsfield-1.0x-synthetic
00:01 +15: progress-low-higgsfield-1.0x-synthetic
00:02 +16: progress-empty-higgsfield-1.0x-synthetic
00:02 +17: roles-higgsfield-1.0x-synthetic
00:02 +18: header-weighted-higgsfield-1.6x-synthetic
00:02 +19: header-reps-higgsfield-1.6x-synthetic
00:02 +20: header-timed-higgsfield-1.6x-synthetic
00:02 +21: header-distance-higgsfield-1.6x-synthetic
00:02 +22: header-empty-higgsfield-1.6x-synthetic
00:02 +23: finish-weighted-higgsfield-1.6x-synthetic
00:02 +24: finish-reps-higgsfield-1.6x-synthetic
00:02 +25: finish-timed-higgsfield-1.6x-synthetic
00:02 +26: finish-distance-higgsfield-1.6x-synthetic
00:02 +27: pr-higgsfield-1.6x-synthetic
00:02 +28: detail-higgsfield-1.6x-synthetic
00:02 +29: detail-error-higgsfield-1.6x-synthetic
00:03 +30: detail-empty-higgsfield-1.6x-synthetic
00:03 +31: exercise-higgsfield-1.6x-synthetic
00:03 +32: progress-higgsfield-1.6x-synthetic
00:03 +33: progress-low-higgsfield-1.6x-synthetic
00:03 +34: progress-empty-higgsfield-1.6x-synthetic
00:03 +35: roles-higgsfield-1.6x-synthetic
00:03 +36: header-weighted-neonPurple-1.0x-synthetic
00:03 +37: header-reps-neonPurple-1.0x-synthetic
00:03 +38: header-timed-neonPurple-1.0x-synthetic
00:03 +39: header-distance-neonPurple-1.0x-synthetic
00:03 +40: header-empty-neonPurple-1.0x-synthetic
00:03 +41: finish-weighted-neonPurple-1.0x-synthetic
00:03 +42: finish-reps-neonPurple-1.0x-synthetic
00:03 +43: finish-timed-neonPurple-1.0x-synthetic
00:03 +44: finish-distance-neonPurple-1.0x-synthetic
00:03 +45: pr-neonPurple-1.0x-synthetic
00:04 +46: detail-neonPurple-1.0x-synthetic
00:04 +47: detail-error-neonPurple-1.0x-synthetic
00:04 +48: detail-empty-neonPurple-1.0x-synthetic
00:04 +49: exercise-neonPurple-1.0x-synthetic
00:04 +50: progress-neonPurple-1.0x-synthetic
00:04 +51: progress-low-neonPurple-1.0x-synthetic
00:04 +52: progress-empty-neonPurple-1.0x-synthetic
00:04 +53: roles-neonPurple-1.0x-synthetic
00:04 +54: header-weighted-neonPurple-1.6x-synthetic
00:04 +55: header-reps-neonPurple-1.6x-synthetic
00:04 +56: header-timed-neonPurple-1.6x-synthetic
00:04 +57: header-distance-neonPurple-1.6x-synthetic
00:04 +58: header-empty-neonPurple-1.6x-synthetic
00:04 +59: finish-weighted-neonPurple-1.6x-synthetic
00:04 +60: finish-reps-neonPurple-1.6x-synthetic
00:04 +61: finish-timed-neonPurple-1.6x-synthetic
00:04 +62: finish-distance-neonPurple-1.6x-synthetic
00:05 +63: pr-neonPurple-1.6x-synthetic
00:05 +64: detail-neonPurple-1.6x-synthetic
00:05 +65: detail-error-neonPurple-1.6x-synthetic
00:05 +66: detail-empty-neonPurple-1.6x-synthetic
00:05 +67: exercise-neonPurple-1.6x-synthetic
00:05 +68: progress-neonPurple-1.6x-synthetic
00:05 +69: progress-low-neonPurple-1.6x-synthetic
00:05 +70: progress-empty-neonPurple-1.6x-synthetic
00:05 +71: roles-neonPurple-1.6x-synthetic
00:05 +72: (tearDownAll)
00:05 +72: All tests passed!
