00:00 +0: loading C:/Users/Atharva Patil/Documents/projects/gymlog/test/upgrade/session_1_render_test.dart
00:00 +0: (setUpAll)
00:00 +0: detail-higgsfield-1.0x-synthetic
#0      Element._debugCheckStateIsActiveForAncestorLookup.<anonymous closure> (package:flutter/src/widgets/framework.dart:5049:9)
#1      Element._debugCheckStateIsActiveForAncestorLookup (package:flutter/src/widgets/framework.dart:5063:6)
#2      Element.getElementForInheritedWidgetOfExactType (package:flutter/src/widgets/framework.dart:5098:12)
#3      Element.getInheritedWidgetOfExactType (package:flutter/src/widgets/framework.dart:5093:12)
#4      TickerMode.getValuesNotifier (package:flutter/src/widgets/ticker_provider.dart:177:10)
#5      SingleTickerProviderStateMixin._updateTickerModeNotifier (package:flutter/src/widgets/ticker_provider.dart:395:68)
#6      SingleTickerProviderStateMixin.createTicker (package:flutter/src/widgets/ticker_provider.dart:345:5)
#7      new AnimationController (package:flutter/src/animation/animation_controller.dart:257:21)
#8      _SkeletonPulseState._controller (package:gymlog/shared/widgets/ui/skeleton.dart:34:48)
#9      _SkeletonPulseState._controller (package:gymlog/shared/widgets/ui/skeleton.dart)
#10     _SkeletonPulseState.dispose (package:gymlog/shared/widgets/ui/skeleton.dart:41:5)
#11     StatefulElement.unmount (package:flutter/src/widgets/framework.dart:6030:11)
#12     _InactiveElements._unmount (package:flutter/src/widgets/framework.dart:2117:13)
#13     _InactiveElements._unmount.<anonymous closure> (package:flutter/src/widgets/framework.dart:2115:7)
#14     SingleChildRenderObjectElement.visitChildren (package:flutter/src/widgets/framework.dart:7101:14)
#15     _InactiveElements._unmount (package:flutter/src/widgets/framework.dart:2113:13)
#16     _InactiveElements._unmount.<anonymous closure> (package:flutter/src/widgets/framework.dart:2115:7)
#17     SingleChildRenderObjectElement.visitChildren (package:flutter/src/widgets/framework.dart:7101:14)
#18     _InactiveElements._unmount (package:flutter/src/widgets/framework.dart:2113:13)
#19     _InactiveElements._unmount.<anonymous closure> (package:flutter/src/widgets/framework.dart:2115:7)
#20     ComponentElement.visitChildren (package:flutter/src/widgets/framework.dart:5871:14)
#21     _InactiveElements._unmount (package:flutter/src/widgets/framework.dart:2113:13)
#22     _InactiveElements._unmount.<anonymous closure> (package:flutter/src/widgets/framework.dart:2115:7)
#23     ComponentElement.visitChildren (package:flutter/src/widgets/framework.dart:5871:14)
#24     _InactiveElements._unmount (package:flutter/src/widgets/framework.dart:2113:13)
#25     _InactiveElements._unmount.<anonymous closure> (package:flutter/src/widgets/framework.dart:2115:7)
#26     ComponentElement.visitChildren (package:flutter/src/widgets/framework.dart:5871:14)
#27     _InactiveElements._unmount (package:flutter/src/widgets/framework.dart:2113:13)
#28     _InactiveElements._unmount.<anonymous closure> (package:flutter/src/widgets/framework.dart:2115:7)
#29     ComponentElement.visitChildren (package:flutter/src/widgets/framework.dart:5871:14)
#30     _InactiveElements._unmount (package:flutter/src/widgets/framework.dart:2113:13)
#31     _InactiveElements._unmount.<anonymous closure> (package:flutter/src/widgets/framework.dart:2115:7)
#32     ComponentElement.visitChildren (package:flutter/src/widgets/framework.dart:5871:14)
#33     _InactiveElements._unmount (package:flutter/src/widgets/framework.dart:2113:13)
#34     _InactiveElements._unmount.<anonymous closure> (package:flutter/src/widgets/framework.dart:2115:7)
#35     MultiChildRenderObjectElement.visitChildren (package:flutter/src/widgets/framework.dart:7223:16)
#36     _InactiveElements._unmount (package:flutter/src/widgets/framework.dart:2113:13)
#37     _InactiveElements._unmount.<anonymous closure> (package:flutter/src/widgets/framework.dart:2115:7)
#38     ComponentElement.visitChildren (package:flutter/src/widgets/framework.dart:5871:14)
#39     _InactiveElements._unmount (package:flutter/src/widgets/framework.dart:2113:13)
#40     _InactiveElements._unmount.<anonymous closure> (package:flutter/src/widgets/framework.dart:2115:7)
#41     ComponentElement.visitChildren (package:flutter/src/widgets/framework.dart:5871:14)
#42     _InactiveElements._unmount (package:flutter/src/widgets/framework.dart:2113:13)
#43     _InactiveElements._unmount.<anonymous closure> (package:flutter/src/widgets/framework.dart:2115:7)
#44     ComponentElement.visitChildren (package:flutter/src/widgets/framework.dart:5871:14)
#45     _InactiveElements._unmount (package:flutter/src/widgets/framework.dart:2113:13)
#46     _InactiveElements._unmount.<anonymous closure> (package:flutter/src/widgets/framework.dart:2115:7)
#47     ComponentElement.visitChildren (package:flutter/src/widgets/framework.dart:5871:14)
#48     _InactiveElements._unmount (package:flutter/src/widgets/framework.dart:2113:13)
#49     _InactiveElements._unmount.<anonymous closure> (package:flutter/src/widgets/framework.dart:2115:7)
#50     ComponentElement.visitChildren (package:flutter/src/widgets/framework.dart:5871:14)
#51     _InactiveElements._unmount (package:flutter/src/widgets/framework.dart:2113:13)
#52     _InactiveElements._unmount.<anonymous closure> (package:flutter/src/widgets/framework.dart:2115:7)
#53     SingleChildRenderObjectElement.visitChildren (package:flutter/src/widgets/framework.dart:7101:14)
#54     _InactiveElements._unmount (package:flutter/src/widgets/framework.dart:2113:13)
#55     _InactiveElements._unmount.<anonymous closure> (package:flutter/src/widgets/framework.dart:2115:7)
#56     ComponentElement.visitChildren (package:flutter/src/widgets/framework.dart:5871:14)
#57     _InactiveElements._unmount (package:flutter/src/widgets/framework.dart:2113:13)
#58     _InactiveElements._unmount.<anonymous closure> (package:flutter/src/widgets/framework.dart:2115:7)
#59     SingleChildRenderObjectElement.visitChildren (package:flutter/src/widgets/framework.dart:7101:14)
#60     _InactiveElements._unmount (package:flutter/src/widgets/framework.dart:2113:13)
#61     _InactiveElements._unmount.<anonymous closure> (package:flutter/src/widgets/framework.dart:2115:7)
#62     ComponentElement.visitChildren (package:flutter/src/widgets/framework.dart:5871:14)
#63     _InactiveElements._unmount (package:flutter/src/widgets/framework.dart:2113:13)
#64     _InactiveElements._unmount.<anonymous closure> (package:flutter/src/widgets/framework.dart:2115:7)
#65     ComponentElement.visitChildren (package:flutter/src/widgets/framework.dart:5871:14)
#66     _InactiveElements._unmount (package:flutter/src/widgets/framework.dart:2113:13)
#67     _InactiveElements._unmount.<anonymous closure> (package:flutter/src/widgets/framework.dart:2115:7)
#68     ComponentElement.visitChildren (package:flutter/src/widgets/framework.dart:5871:14)
#69     _InactiveElements._unmount (package:flutter/src/widgets/framework.dart:2113:13)
#70     _InactiveElements._unmount.<anonymous closure> (package:flutter/src/widgets/framework.dart:2115:7)
#71     ComponentElement.visitChildren (package:flutter/src/widgets/framework.dart:5871:14)
#72     _InactiveElements._unmount (package:flutter/src/widgets/framework.dart:2113:13)
#73     _InactiveElements._unmount.<anonymous closure> (package:flutter/src/widgets/framework.dart:2115:7)
#74     ComponentElement.visitChildren (package:flutter/src/widgets/framework.dart:5871:14)
#75     _InactiveElements._unmount (package:flutter/src/widgets/framework.dart:2113:13)
#76     _InactiveElements._unmount.<anonymous closure> (package:flutter/src/widgets/framework.dart:2115:7)
#77     ComponentElement.visitChildren (package:flutter/src/widgets/framework.dart:5871:14)
#78     _InactiveElements._unmount (package:flutter/src/widgets/framework.dart:2113:13)
#79     _InactiveElements._unmount.<anonymous closure> (package:flutter/src/widgets/framework.dart:2115:7)
#80     ComponentElement.visitChildren (package:flutter/src/widgets/framework.dart:5871:14)
#81     _InactiveElements._unmount (package:flutter/src/widgets/framework.dart:2113:13)
#82     _InactiveElements._unmount.<anonymous closure> (package:flutter/src/widgets/framework.dart:2115:7)
#83     ComponentElement.visitChildren (package:flutter/src/widgets/framework.dart:5871:14)
#84     _InactiveElements._unmount (package:flutter/src/widgets/framework.dart:2113:13)
#85     ListIterable.forEach (dart:_internal/iterable.dart:49:13)
#86     _InactiveElements._unmountAll (package:flutter/src/widgets/framework.dart:2126:25)
#87     BuildOwner.lockState (package:flutter/src/widgets/framework.dart:3020:15)
#88     BuildOwner.finalizeTree (package:flutter/src/widgets/framework.dart:3344:7)
#89     AutomatedTestWidgetsFlutterBinding.drawFrame (package:flutter_test/src/binding.dart:2453:19)
#90     RendererBinding._handlePersistentFrameCallback (package:flutter/src/rendering/binding.dart:509:5)
#91     SchedulerBinding._invokeFrameCallback (package:flutter/src/scheduler/binding.dart:1430:15)
#92     SchedulerBinding.handleDrawFrame (package:flutter/src/scheduler/binding.dart:1345:9)
#93     AutomatedTestWidgetsFlutterBinding.pump.<anonymous closure> (package:flutter_test/src/binding.dart:2260:9)
#94     _rootRun (dart:async/zone_root.dart:35:13)
#95     _CustomZone.run (dart:async/zone.dart:726:19)
#96     TestAsyncUtils.guard (package:flutter_test/src/test_async_utils.dart:74:41)
#97     AutomatedTestWidgetsFlutterBinding.pump (package:flutter_test/src/binding.dart:2249:27)
#98     WidgetTester.pumpAndSettle.<anonymous closure> (package:flutter_test/src/widget_tester.dart:719:23)
#99     _rootRun (dart:async/zone_root.dart:35:13)
#100    _CustomZone.run (dart:async/zone.dart:726:19)
#101    TestAsyncUtils.guard (package:flutter_test/src/test_async_utils.dart:74:41)
#102    WidgetTester.pumpAndSettle (package:flutter_test/src/widget_tester.dart:712:27)
#103    main.<anonymous closure> (file:///C:/Users/Atharva%20Patil/Documents/projects/gymlog/test/upgrade/session_1_render_test.dart:48:24)
<asynchronous suspension>
#104    testWidgets.<anonymous closure>.<anonymous closure> (package:flutter_test/src/widget_tester.dart:192:15)
<asynchronous suspension>
#105    TestWidgetsFlutterBinding._runTestBody (package:flutter_test/src/binding.dart:1952:5)
<asynchronous suspension>
#106    StackZoneSpecification._registerCallback.<anonymous closure> (package:stack_trace/src/stack_zone_specification.dart:114:42)
<asynchronous suspension>

#0      fail (package:matcher/src/expect/expect.dart:187:31)
#1      _expect (package:matcher/src/expect/expect.dart:182:3)
#2      expect (package:matcher/src/expect/expect.dart:65:3)
#3      expect (package:flutter_test/src/widget_tester.dart:473:18)
#4      main.<anonymous closure> (file:///C:/Users/Atharva%20Patil/Documents/projects/gymlog/test/upgrade/session_1_render_test.dart:55:11)
<asynchronous suspension>
#5      testWidgets.<anonymous closure>.<anonymous closure> (package:flutter_test/src/widget_tester.dart:192:15)
<asynchronous suspension>
#6      TestWidgetsFlutterBinding._runTestBody (package:flutter_test/src/binding.dart:1952:5)
<asynchronous suspension>
#7      StackZoneSpecification._registerCallback.<anonymous closure> (package:stack_trace/src/stack_zone_specification.dart:114:42)
<asynchronous suspension>

══╡ EXCEPTION CAUGHT BY FLUTTER TEST FRAMEWORK ╞════════════════════════════════════════════════════
The following TestFailure was thrown running a test:
Expected: null
  Actual: FlutterError:<Looking up a deactivated widget's ancestor is unsafe.
          At this point the state of the widget's element tree is no longer stable.
          To safely refer to a widget's ancestor in its dispose() method, save a reference to the
ancestor by calling dependOnInheritedWidgetOfExactType() in the widget's didChangeDependencies()
method.>

When the exception was thrown, this was the stack:
#4      main.<anonymous closure> (file:///C:/Users/Atharva%20Patil/Documents/projects/gymlog/test/upgrade/session_1_render_test.dart:55:11)
<asynchronous suspension>
#5      testWidgets.<anonymous closure>.<anonymous closure> (package:flutter_test/src/widget_tester.dart:192:15)
<asynchronous suspension>
#6      TestWidgetsFlutterBinding._runTestBody (package:flutter_test/src/binding.dart:1952:5)
<asynchronous suspension>
<asynchronous suspension>
(elided one frame from package:stack_trace)

This was caught by the test expectation on the following line:
  file:///C:/Users/Atharva%20Patil/Documents/projects/gymlog/test/upgrade/session_1_render_test.dart line 55
The test description was:
  detail-higgsfield-1.0x-synthetic
════════════════════════════════════════════════════════════════════════════════════════════════════
00:01 +0 -1: detail-higgsfield-1.0x-synthetic [E]
  Test failed. See exception logs above.
  The test description was: detail-higgsfield-1.0x-synthetic
  
00:01 +0 -1: (tearDownAll)
00:01 +0 -1: Some tests failed.

Failing tests:
  C:/Users/Atharva Patil/Documents/projects/gymlog/test/upgrade/session_1_render_test.dart: detail-higgsfield-1.0x-synthetic
