00:00 +0: loading C:/Users/Atharva Patil/Documents/projects/gymlog/test/upgrade/session_2_acceptance_render_test.dart
00:00 +0: (setUpAll)
00:00 +0: home-chosen-higgsfield-1.0x-synthetic
00:01 +1: library-chosen-higgsfield-1.0x-synthetic
00:01 +2: home-no-choice-higgsfield-1.0x-synthetic
00:01 +3: library-no-choice-higgsfield-1.0x-synthetic
00:01 +4: home-deleted-choice-higgsfield-1.0x-synthetic
00:02 +5: library-deleted-choice-higgsfield-1.0x-synthetic
00:02 +6: home-empty-choice-higgsfield-1.0x-synthetic
00:02 +7: library-empty-choice-higgsfield-1.0x-synthetic
00:02 +8: home-new-user-higgsfield-1.0x-synthetic
00:02 +9: library-new-user-higgsfield-1.0x-synthetic
00:02 +10: home-no-routine-higgsfield-1.0x-synthetic
00:02 +11: library-no-routine-higgsfield-1.0x-synthetic
00:02 +12: home-inactive-return-higgsfield-1.0x-synthetic
00:03 +13: library-inactive-return-higgsfield-1.0x-synthetic
00:03 +14: home-low-data-higgsfield-1.0x-synthetic
00:03 +15: library-low-data-higgsfield-1.0x-synthetic
00:03 +16: home-error-higgsfield-1.0x-synthetic
00:03 +17: library-error-higgsfield-1.0x-synthetic
00:03 +18: home-previous-error-higgsfield-1.0x-synthetic
00:03 +19: library-previous-error-higgsfield-1.0x-synthetic
00:04 +20: home-choice-error-higgsfield-1.0x-synthetic
00:04 +21: library-choice-error-higgsfield-1.0x-synthetic
00:04 +22: home-loading-higgsfield-1.0x-synthetic
00:04 +23: library-loading-higgsfield-1.0x-synthetic
00:04 +24: home-chosen-higgsfield-1.6x-synthetic
00:04 +25: library-chosen-higgsfield-1.6x-synthetic
00:04 +26: home-no-choice-higgsfield-1.6x-synthetic
00:04 +27: library-no-choice-higgsfield-1.6x-synthetic
00:05 +28: home-deleted-choice-higgsfield-1.6x-synthetic
00:05 +29: library-deleted-choice-higgsfield-1.6x-synthetic
00:05 +30: home-empty-choice-higgsfield-1.6x-synthetic
00:05 +31: library-empty-choice-higgsfield-1.6x-synthetic
00:05 +32: home-new-user-higgsfield-1.6x-synthetic
00:05 +33: library-new-user-higgsfield-1.6x-synthetic
00:05 +34: home-no-routine-higgsfield-1.6x-synthetic
00:05 +35: library-no-routine-higgsfield-1.6x-synthetic
00:05 +36: home-inactive-return-higgsfield-1.6x-synthetic
00:06 +37: library-inactive-return-higgsfield-1.6x-synthetic
00:06 +38: home-low-data-higgsfield-1.6x-synthetic
00:06 +39: library-low-data-higgsfield-1.6x-synthetic
00:06 +40: home-error-higgsfield-1.6x-synthetic
00:06 +41: library-error-higgsfield-1.6x-synthetic
00:06 +42: home-previous-error-higgsfield-1.6x-synthetic
00:06 +43: library-previous-error-higgsfield-1.6x-synthetic
00:06 +44: home-choice-error-higgsfield-1.6x-synthetic
00:06 +45: library-choice-error-higgsfield-1.6x-synthetic
00:07 +46: home-loading-higgsfield-1.6x-synthetic
00:07 +47: library-loading-higgsfield-1.6x-synthetic
00:07 +48: home-chosen-neonPurple-1.0x-synthetic
00:07 +49: library-chosen-neonPurple-1.0x-synthetic
00:07 +50: home-no-choice-neonPurple-1.0x-synthetic
00:07 +51: library-no-choice-neonPurple-1.0x-synthetic
00:07 +52: home-deleted-choice-neonPurple-1.0x-synthetic
00:07 +53: library-deleted-choice-neonPurple-1.0x-synthetic
00:08 +54: home-empty-choice-neonPurple-1.0x-synthetic
00:08 +55: library-empty-choice-neonPurple-1.0x-synthetic
00:08 +56: home-new-user-neonPurple-1.0x-synthetic
00:08 +57: library-new-user-neonPurple-1.0x-synthetic
00:08 +58: home-no-routine-neonPurple-1.0x-synthetic
00:08 +59: library-no-routine-neonPurple-1.0x-synthetic
00:08 +60: home-inactive-return-neonPurple-1.0x-synthetic
00:08 +61: library-inactive-return-neonPurple-1.0x-synthetic
00:08 +62: home-low-data-neonPurple-1.0x-synthetic
00:09 +63: library-low-data-neonPurple-1.0x-synthetic
00:09 +64: home-error-neonPurple-1.0x-synthetic
00:09 +65: library-error-neonPurple-1.0x-synthetic
00:09 +66: home-previous-error-neonPurple-1.0x-synthetic
00:09 +67: library-previous-error-neonPurple-1.0x-synthetic
00:09 +68: home-choice-error-neonPurple-1.0x-synthetic
00:09 +69: library-choice-error-neonPurple-1.0x-synthetic
00:09 +70: home-loading-neonPurple-1.0x-synthetic
00:09 +71: library-loading-neonPurple-1.0x-synthetic
00:10 +72: home-chosen-neonPurple-1.6x-synthetic
00:10 +73: library-chosen-neonPurple-1.6x-synthetic
00:10 +74: home-no-choice-neonPurple-1.6x-synthetic
00:10 +75: library-no-choice-neonPurple-1.6x-synthetic
00:10 +76: home-deleted-choice-neonPurple-1.6x-synthetic
00:10 +77: library-deleted-choice-neonPurple-1.6x-synthetic
00:10 +78: home-empty-choice-neonPurple-1.6x-synthetic
00:10 +79: library-empty-choice-neonPurple-1.6x-synthetic
00:10 +80: home-new-user-neonPurple-1.6x-synthetic
00:11 +81: library-new-user-neonPurple-1.6x-synthetic
00:11 +82: home-no-routine-neonPurple-1.6x-synthetic
00:11 +83: library-no-routine-neonPurple-1.6x-synthetic
00:11 +84: home-inactive-return-neonPurple-1.6x-synthetic
00:11 +85: library-inactive-return-neonPurple-1.6x-synthetic
00:11 +86: home-low-data-neonPurple-1.6x-synthetic
00:11 +87: library-low-data-neonPurple-1.6x-synthetic
00:11 +88: home-error-neonPurple-1.6x-synthetic
00:11 +89: library-error-neonPurple-1.6x-synthetic
00:11 +90: home-previous-error-neonPurple-1.6x-synthetic
00:11 +91: library-previous-error-neonPurple-1.6x-synthetic
00:12 +92: home-choice-error-neonPurple-1.6x-synthetic
00:12 +93: library-choice-error-neonPurple-1.6x-synthetic
00:12 +94: home-loading-neonPurple-1.6x-synthetic
00:12 +95: library-loading-neonPurple-1.6x-synthetic
00:12 +96: home-chosen-white-1.0x-synthetic
00:12 +97: library-chosen-white-1.0x-synthetic
00:12 +98: home-no-choice-white-1.0x-synthetic
00:12 +99: library-no-choice-white-1.0x-synthetic
00:13 +100: home-deleted-choice-white-1.0x-synthetic
00:13 +101: library-deleted-choice-white-1.0x-synthetic
00:13 +102: home-empty-choice-white-1.0x-synthetic
00:13 +103: library-empty-choice-white-1.0x-synthetic
00:13 +104: home-new-user-white-1.0x-synthetic
00:13 +105: library-new-user-white-1.0x-synthetic
00:13 +106: home-no-routine-white-1.0x-synthetic
00:13 +107: library-no-routine-white-1.0x-synthetic
00:13 +108: home-inactive-return-white-1.0x-synthetic
00:13 +109: library-inactive-return-white-1.0x-synthetic
00:13 +110: home-low-data-white-1.0x-synthetic
00:14 +111: library-low-data-white-1.0x-synthetic
00:14 +112: home-error-white-1.0x-synthetic
00:14 +113: library-error-white-1.0x-synthetic
00:14 +114: home-previous-error-white-1.0x-synthetic
00:14 +115: library-previous-error-white-1.0x-synthetic
00:14 +116: home-choice-error-white-1.0x-synthetic
00:14 +117: library-choice-error-white-1.0x-synthetic
00:14 +118: home-loading-white-1.0x-synthetic
00:14 +119: library-loading-white-1.0x-synthetic
00:14 +120: home-chosen-white-1.6x-synthetic
00:15 +121: library-chosen-white-1.6x-synthetic
00:15 +122: home-no-choice-white-1.6x-synthetic
00:15 +123: library-no-choice-white-1.6x-synthetic
00:15 +124: home-deleted-choice-white-1.6x-synthetic
00:15 +125: library-deleted-choice-white-1.6x-synthetic
00:15 +126: home-empty-choice-white-1.6x-synthetic
00:15 +127: library-empty-choice-white-1.6x-synthetic
00:15 +128: home-new-user-white-1.6x-synthetic
00:15 +129: library-new-user-white-1.6x-synthetic
00:15 +130: home-no-routine-white-1.6x-synthetic
00:16 +131: library-no-routine-white-1.6x-synthetic
00:16 +132: home-inactive-return-white-1.6x-synthetic
00:16 +133: library-inactive-return-white-1.6x-synthetic
00:16 +134: home-low-data-white-1.6x-synthetic
00:16 +135: library-low-data-white-1.6x-synthetic
00:16 +136: home-error-white-1.6x-synthetic
00:16 +137: library-error-white-1.6x-synthetic
00:16 +138: home-previous-error-white-1.6x-synthetic
00:16 +139: library-previous-error-white-1.6x-synthetic
00:16 +140: home-choice-error-white-1.6x-synthetic
00:16 +141: library-choice-error-white-1.6x-synthetic
00:17 +142: home-loading-white-1.6x-synthetic
00:17 +143: library-loading-white-1.6x-synthetic
00:17 +144: home-chosen-neonCyan-1.0x-synthetic
00:17 +145: library-chosen-neonCyan-1.0x-synthetic
00:17 +146: home-no-choice-neonCyan-1.0x-synthetic
00:17 +147: library-no-choice-neonCyan-1.0x-synthetic
00:17 +148: home-deleted-choice-neonCyan-1.0x-synthetic
00:18 +149: library-deleted-choice-neonCyan-1.0x-synthetic
00:18 +150: home-empty-choice-neonCyan-1.0x-synthetic
00:18 +151: library-empty-choice-neonCyan-1.0x-synthetic
00:18 +152: home-new-user-neonCyan-1.0x-synthetic
00:18 +153: library-new-user-neonCyan-1.0x-synthetic
00:18 +154: home-no-routine-neonCyan-1.0x-synthetic
00:18 +155: library-no-routine-neonCyan-1.0x-synthetic
00:18 +156: home-inactive-return-neonCyan-1.0x-synthetic
00:18 +157: library-inactive-return-neonCyan-1.0x-synthetic
00:19 +158: home-low-data-neonCyan-1.0x-synthetic
00:19 +159: library-low-data-neonCyan-1.0x-synthetic
00:19 +160: home-error-neonCyan-1.0x-synthetic
00:19 +161: library-error-neonCyan-1.0x-synthetic
00:19 +162: home-previous-error-neonCyan-1.0x-synthetic
00:19 +163: library-previous-error-neonCyan-1.0x-synthetic
00:19 +164: home-choice-error-neonCyan-1.0x-synthetic
00:19 +165: library-choice-error-neonCyan-1.0x-synthetic
00:20 +166: home-loading-neonCyan-1.0x-synthetic
00:20 +167: library-loading-neonCyan-1.0x-synthetic
00:20 +168: home-chosen-neonCyan-1.6x-synthetic
00:20 +169: library-chosen-neonCyan-1.6x-synthetic
00:20 +170: home-no-choice-neonCyan-1.6x-synthetic
00:20 +171: library-no-choice-neonCyan-1.6x-synthetic
00:20 +172: home-deleted-choice-neonCyan-1.6x-synthetic
00:20 +173: library-deleted-choice-neonCyan-1.6x-synthetic
00:21 +174: home-empty-choice-neonCyan-1.6x-synthetic
00:21 +175: library-empty-choice-neonCyan-1.6x-synthetic
00:21 +176: home-new-user-neonCyan-1.6x-synthetic
00:21 +177: library-new-user-neonCyan-1.6x-synthetic
00:21 +178: home-no-routine-neonCyan-1.6x-synthetic
00:21 +179: library-no-routine-neonCyan-1.6x-synthetic
00:21 +180: home-inactive-return-neonCyan-1.6x-synthetic
00:21 +181: library-inactive-return-neonCyan-1.6x-synthetic
00:21 +182: home-low-data-neonCyan-1.6x-synthetic
00:22 +183: library-low-data-neonCyan-1.6x-synthetic
00:22 +184: home-error-neonCyan-1.6x-synthetic
00:22 +185: library-error-neonCyan-1.6x-synthetic
00:22 +186: home-previous-error-neonCyan-1.6x-synthetic
00:22 +187: library-previous-error-neonCyan-1.6x-synthetic
00:22 +188: home-choice-error-neonCyan-1.6x-synthetic
00:22 +189: library-choice-error-neonCyan-1.6x-synthetic
00:22 +190: home-loading-neonCyan-1.6x-synthetic
00:22 +191: library-loading-neonCyan-1.6x-synthetic
00:23 +192: home-chosen-neonMagenta-1.0x-synthetic
00:23 +193: library-chosen-neonMagenta-1.0x-synthetic
00:23 +194: home-no-choice-neonMagenta-1.0x-synthetic
00:23 +195: library-no-choice-neonMagenta-1.0x-synthetic
00:23 +196: home-deleted-choice-neonMagenta-1.0x-synthetic
00:23 +197: library-deleted-choice-neonMagenta-1.0x-synthetic
00:23 +198: home-empty-choice-neonMagenta-1.0x-synthetic
00:24 +199: library-empty-choice-neonMagenta-1.0x-synthetic
00:24 +200: home-new-user-neonMagenta-1.0x-synthetic
00:24 +201: library-new-user-neonMagenta-1.0x-synthetic
00:24 +202: home-no-routine-neonMagenta-1.0x-synthetic
00:24 +203: library-no-routine-neonMagenta-1.0x-synthetic
00:24 +204: home-inactive-return-neonMagenta-1.0x-synthetic
00:25 +205: library-inactive-return-neonMagenta-1.0x-synthetic
00:25 +206: home-low-data-neonMagenta-1.0x-synthetic
00:25 +207: library-low-data-neonMagenta-1.0x-synthetic
00:25 +208: home-error-neonMagenta-1.0x-synthetic
00:25 +209: library-error-neonMagenta-1.0x-synthetic
00:25 +210: home-previous-error-neonMagenta-1.0x-synthetic
00:25 +211: library-previous-error-neonMagenta-1.0x-synthetic
00:26 +212: home-choice-error-neonMagenta-1.0x-synthetic
00:26 +213: library-choice-error-neonMagenta-1.0x-synthetic
00:26 +214: home-loading-neonMagenta-1.0x-synthetic
00:26 +215: library-loading-neonMagenta-1.0x-synthetic
00:26 +216: home-chosen-neonMagenta-1.6x-synthetic
00:26 +217: library-chosen-neonMagenta-1.6x-synthetic
00:26 +218: home-no-choice-neonMagenta-1.6x-synthetic
00:26 +219: library-no-choice-neonMagenta-1.6x-synthetic
00:27 +220: home-deleted-choice-neonMagenta-1.6x-synthetic
00:27 +221: library-deleted-choice-neonMagenta-1.6x-synthetic
00:27 +222: home-empty-choice-neonMagenta-1.6x-synthetic
00:27 +223: library-empty-choice-neonMagenta-1.6x-synthetic
00:27 +224: home-new-user-neonMagenta-1.6x-synthetic
00:27 +225: library-new-user-neonMagenta-1.6x-synthetic
00:27 +226: home-no-routine-neonMagenta-1.6x-synthetic
00:27 +227: library-no-routine-neonMagenta-1.6x-synthetic
00:27 +228: home-inactive-return-neonMagenta-1.6x-synthetic
00:28 +229: library-inactive-return-neonMagenta-1.6x-synthetic
00:28 +230: home-low-data-neonMagenta-1.6x-synthetic
00:28 +231: library-low-data-neonMagenta-1.6x-synthetic
00:28 +232: home-error-neonMagenta-1.6x-synthetic
00:28 +233: library-error-neonMagenta-1.6x-synthetic
00:28 +234: home-previous-error-neonMagenta-1.6x-synthetic
00:28 +235: library-previous-error-neonMagenta-1.6x-synthetic
00:29 +236: home-choice-error-neonMagenta-1.6x-synthetic
00:29 +237: library-choice-error-neonMagenta-1.6x-synthetic
00:29 +238: home-loading-neonMagenta-1.6x-synthetic
00:29 +239: library-loading-neonMagenta-1.6x-synthetic
00:29 +240: home-chosen-blazeOrange-1.0x-synthetic
00:29 +241: library-chosen-blazeOrange-1.0x-synthetic
00:29 +242: home-no-choice-blazeOrange-1.0x-synthetic
00:29 +243: library-no-choice-blazeOrange-1.0x-synthetic
00:30 +244: home-deleted-choice-blazeOrange-1.0x-synthetic
00:30 +245: library-deleted-choice-blazeOrange-1.0x-synthetic
00:30 +246: home-empty-choice-blazeOrange-1.0x-synthetic
00:30 +247: library-empty-choice-blazeOrange-1.0x-synthetic
00:30 +248: home-new-user-blazeOrange-1.0x-synthetic
00:30 +249: library-new-user-blazeOrange-1.0x-synthetic
00:30 +250: home-no-routine-blazeOrange-1.0x-synthetic
00:30 +251: library-no-routine-blazeOrange-1.0x-synthetic
00:31 +252: home-inactive-return-blazeOrange-1.0x-synthetic
00:31 +253: library-inactive-return-blazeOrange-1.0x-synthetic
00:31 +254: home-low-data-blazeOrange-1.0x-synthetic
00:31 +255: library-low-data-blazeOrange-1.0x-synthetic
00:31 +256: home-error-blazeOrange-1.0x-synthetic
00:31 +257: library-error-blazeOrange-1.0x-synthetic
00:31 +258: home-previous-error-blazeOrange-1.0x-synthetic
00:31 +259: library-previous-error-blazeOrange-1.0x-synthetic
00:32 +260: home-choice-error-blazeOrange-1.0x-synthetic
00:32 +261: library-choice-error-blazeOrange-1.0x-synthetic
00:32 +262: home-loading-blazeOrange-1.0x-synthetic
00:32 +263: library-loading-blazeOrange-1.0x-synthetic
00:32 +264: home-chosen-blazeOrange-1.6x-synthetic
00:32 +265: library-chosen-blazeOrange-1.6x-synthetic
00:32 +266: home-no-choice-blazeOrange-1.6x-synthetic
00:32 +267: library-no-choice-blazeOrange-1.6x-synthetic
00:32 +268: home-deleted-choice-blazeOrange-1.6x-synthetic
00:33 +269: library-deleted-choice-blazeOrange-1.6x-synthetic
00:33 +270: home-empty-choice-blazeOrange-1.6x-synthetic
00:33 +271: library-empty-choice-blazeOrange-1.6x-synthetic
00:33 +272: home-new-user-blazeOrange-1.6x-synthetic
00:33 +273: library-new-user-blazeOrange-1.6x-synthetic
00:33 +274: home-no-routine-blazeOrange-1.6x-synthetic
00:33 +275: library-no-routine-blazeOrange-1.6x-synthetic
00:33 +276: home-inactive-return-blazeOrange-1.6x-synthetic
00:33 +277: library-inactive-return-blazeOrange-1.6x-synthetic
00:33 +278: home-low-data-blazeOrange-1.6x-synthetic
00:34 +279: library-low-data-blazeOrange-1.6x-synthetic
00:34 +280: home-error-blazeOrange-1.6x-synthetic
00:34 +281: library-error-blazeOrange-1.6x-synthetic
00:34 +282: home-previous-error-blazeOrange-1.6x-synthetic
00:34 +283: library-previous-error-blazeOrange-1.6x-synthetic
00:34 +284: home-choice-error-blazeOrange-1.6x-synthetic
00:34 +285: library-choice-error-blazeOrange-1.6x-synthetic
00:34 +286: home-loading-blazeOrange-1.6x-synthetic
00:34 +287: library-loading-blazeOrange-1.6x-synthetic
00:35 +288: (tearDownAll)
00:35 +288: All tests passed!
