00:00 +0: loading C:/Users/Atharva Patil/Documents/projects/gymlog/test/upgrade/session_2_render_test.dart
00:00 +0: (setUpAll)
00:00 +0: before/home-returning-higgsfield-1.0x-synthetic
00:00 +1: before/library-returning-higgsfield-1.0x-synthetic
00:01 +2: before/home-inactive-higgsfield-1.0x-synthetic
00:01 +3: before/library-inactive-higgsfield-1.0x-synthetic
00:01 +4: before/home-empty-higgsfield-1.0x-synthetic
00:01 +5: before/library-empty-higgsfield-1.0x-synthetic
00:01 +6: before/home-noRoutine-higgsfield-1.0x-synthetic
00:01 +7: before/library-noRoutine-higgsfield-1.0x-synthetic
00:01 +8: before/home-lowData-higgsfield-1.0x-synthetic
00:01 +9: before/library-lowData-higgsfield-1.0x-synthetic
00:01 +10: before/home-error-higgsfield-1.0x-synthetic
00:01 +11: before/library-error-higgsfield-1.0x-synthetic
00:02 +12: before/home-returning-higgsfield-1.6x-synthetic
00:02 +13: before/library-returning-higgsfield-1.6x-synthetic
00:02 +14: before/home-inactive-higgsfield-1.6x-synthetic
00:02 +15: before/library-inactive-higgsfield-1.6x-synthetic
00:02 +16: before/home-empty-higgsfield-1.6x-synthetic
00:02 +17: before/library-empty-higgsfield-1.6x-synthetic
00:02 +18: before/home-noRoutine-higgsfield-1.6x-synthetic
00:02 +19: before/library-noRoutine-higgsfield-1.6x-synthetic
00:02 +20: before/home-lowData-higgsfield-1.6x-synthetic
00:03 +21: before/library-lowData-higgsfield-1.6x-synthetic
00:03 +22: before/home-error-higgsfield-1.6x-synthetic
00:03 +23: before/library-error-higgsfield-1.6x-synthetic
00:03 +24: before/home-returning-neonPurple-1.0x-synthetic
00:03 +25: before/library-returning-neonPurple-1.0x-synthetic
00:03 +26: before/home-inactive-neonPurple-1.0x-synthetic
00:03 +27: before/library-inactive-neonPurple-1.0x-synthetic
00:03 +28: before/home-empty-neonPurple-1.0x-synthetic
00:03 +29: before/library-empty-neonPurple-1.0x-synthetic
00:03 +30: before/home-noRoutine-neonPurple-1.0x-synthetic
00:04 +31: before/library-noRoutine-neonPurple-1.0x-synthetic
00:04 +32: before/home-lowData-neonPurple-1.0x-synthetic
00:04 +33: before/library-lowData-neonPurple-1.0x-synthetic
00:04 +34: before/home-error-neonPurple-1.0x-synthetic
00:04 +35: before/library-error-neonPurple-1.0x-synthetic
00:04 +36: before/home-returning-neonPurple-1.6x-synthetic
00:04 +37: before/library-returning-neonPurple-1.6x-synthetic
00:04 +38: before/home-inactive-neonPurple-1.6x-synthetic
00:04 +39: before/library-inactive-neonPurple-1.6x-synthetic
00:04 +40: before/home-empty-neonPurple-1.6x-synthetic
00:04 +41: before/library-empty-neonPurple-1.6x-synthetic
00:05 +42: before/home-noRoutine-neonPurple-1.6x-synthetic
00:05 +43: before/library-noRoutine-neonPurple-1.6x-synthetic
00:05 +44: before/home-lowData-neonPurple-1.6x-synthetic
00:05 +45: before/library-lowData-neonPurple-1.6x-synthetic
00:05 +46: before/home-error-neonPurple-1.6x-synthetic
00:05 +47: before/library-error-neonPurple-1.6x-synthetic
00:05 +48: chosen/home-returning-higgsfield-1.0x-synthetic
00:05 +49: chosen/library-returning-higgsfield-1.0x-synthetic
00:05 +50: chosen/home-inactive-higgsfield-1.0x-synthetic
00:05 +51: chosen/library-inactive-higgsfield-1.0x-synthetic
00:05 +52: chosen/home-empty-higgsfield-1.0x-synthetic
00:06 +53: chosen/library-empty-higgsfield-1.0x-synthetic
00:06 +54: chosen/home-noRoutine-higgsfield-1.0x-synthetic
00:06 +55: chosen/library-noRoutine-higgsfield-1.0x-synthetic
00:06 +56: chosen/home-lowData-higgsfield-1.0x-synthetic
00:06 +57: chosen/library-lowData-higgsfield-1.0x-synthetic
00:06 +58: chosen/home-error-higgsfield-1.0x-synthetic
00:06 +59: chosen/library-error-higgsfield-1.0x-synthetic
00:06 +60: chosen/home-returning-higgsfield-1.6x-synthetic
00:06 +61: chosen/library-returning-higgsfield-1.6x-synthetic
00:06 +62: chosen/home-inactive-higgsfield-1.6x-synthetic
00:06 +63: chosen/library-inactive-higgsfield-1.6x-synthetic
00:06 +64: chosen/home-empty-higgsfield-1.6x-synthetic
00:06 +65: chosen/library-empty-higgsfield-1.6x-synthetic
00:06 +66: chosen/home-noRoutine-higgsfield-1.6x-synthetic
00:07 +67: chosen/library-noRoutine-higgsfield-1.6x-synthetic
00:07 +68: chosen/home-lowData-higgsfield-1.6x-synthetic
00:07 +69: chosen/library-lowData-higgsfield-1.6x-synthetic
00:07 +70: chosen/home-error-higgsfield-1.6x-synthetic
00:07 +71: chosen/library-error-higgsfield-1.6x-synthetic
00:07 +72: chosen/home-returning-neonPurple-1.0x-synthetic
00:07 +73: chosen/library-returning-neonPurple-1.0x-synthetic
00:07 +74: chosen/home-returning-neonPurple-1.6x-synthetic
00:07 +75: chosen/library-returning-neonPurple-1.6x-synthetic
00:07 +76: sequence/home-returning-higgsfield-1.0x-synthetic
00:07 +77: sequence/library-returning-higgsfield-1.0x-synthetic
00:08 +78: sequence/home-inactive-higgsfield-1.0x-synthetic
00:08 +79: sequence/library-inactive-higgsfield-1.0x-synthetic
00:08 +80: sequence/home-empty-higgsfield-1.0x-synthetic
00:08 +81: sequence/library-empty-higgsfield-1.0x-synthetic
00:08 +82: sequence/home-noRoutine-higgsfield-1.0x-synthetic
00:08 +83: sequence/library-noRoutine-higgsfield-1.0x-synthetic
00:08 +84: sequence/home-lowData-higgsfield-1.0x-synthetic
00:08 +85: sequence/library-lowData-higgsfield-1.0x-synthetic
00:08 +86: sequence/home-error-higgsfield-1.0x-synthetic
00:08 +87: sequence/library-error-higgsfield-1.0x-synthetic
00:08 +88: sequence/home-returning-higgsfield-1.6x-synthetic
00:08 +89: sequence/library-returning-higgsfield-1.6x-synthetic
00:08 +90: sequence/home-inactive-higgsfield-1.6x-synthetic
00:09 +91: sequence/library-inactive-higgsfield-1.6x-synthetic
00:09 +92: sequence/home-empty-higgsfield-1.6x-synthetic
00:09 +93: sequence/library-empty-higgsfield-1.6x-synthetic
00:09 +94: sequence/home-noRoutine-higgsfield-1.6x-synthetic
00:09 +95: sequence/library-noRoutine-higgsfield-1.6x-synthetic
00:09 +96: sequence/home-lowData-higgsfield-1.6x-synthetic
00:09 +97: sequence/library-lowData-higgsfield-1.6x-synthetic
00:09 +98: sequence/home-error-higgsfield-1.6x-synthetic
00:09 +99: sequence/library-error-higgsfield-1.6x-synthetic
00:09 +100: sequence/home-returning-neonPurple-1.0x-synthetic
00:09 +101: sequence/library-returning-neonPurple-1.0x-synthetic
00:09 +102: sequence/home-returning-neonPurple-1.6x-synthetic
00:09 +103: sequence/library-returning-neonPurple-1.6x-synthetic
00:09 +104: chooser/home-returning-higgsfield-1.0x-synthetic
00:10 +105: chooser/library-returning-higgsfield-1.0x-synthetic
00:10 +106: chooser/home-inactive-higgsfield-1.0x-synthetic
00:10 +107: chooser/library-inactive-higgsfield-1.0x-synthetic
00:10 +108: chooser/home-empty-higgsfield-1.0x-synthetic
00:10 +109: chooser/library-empty-higgsfield-1.0x-synthetic
00:10 +110: chooser/home-noRoutine-higgsfield-1.0x-synthetic
00:10 +111: chooser/library-noRoutine-higgsfield-1.0x-synthetic
00:10 +112: chooser/home-lowData-higgsfield-1.0x-synthetic
00:10 +113: chooser/library-lowData-higgsfield-1.0x-synthetic
00:10 +114: chooser/home-error-higgsfield-1.0x-synthetic
00:10 +115: chooser/library-error-higgsfield-1.0x-synthetic
00:10 +116: chooser/home-returning-higgsfield-1.6x-synthetic
00:10 +117: chooser/library-returning-higgsfield-1.6x-synthetic
00:10 +118: chooser/home-inactive-higgsfield-1.6x-synthetic
00:10 +119: chooser/library-inactive-higgsfield-1.6x-synthetic
00:10 +120: chooser/home-empty-higgsfield-1.6x-synthetic
00:11 +121: chooser/library-empty-higgsfield-1.6x-synthetic
00:11 +122: chooser/home-noRoutine-higgsfield-1.6x-synthetic
00:11 +123: chooser/library-noRoutine-higgsfield-1.6x-synthetic
00:11 +124: chooser/home-lowData-higgsfield-1.6x-synthetic
00:11 +125: chooser/library-lowData-higgsfield-1.6x-synthetic
00:11 +126: chooser/home-error-higgsfield-1.6x-synthetic
00:11 +127: chooser/library-error-higgsfield-1.6x-synthetic
00:11 +128: chooser/home-returning-neonPurple-1.0x-synthetic
00:11 +129: chooser/library-returning-neonPurple-1.0x-synthetic
00:11 +130: chooser/home-returning-neonPurple-1.6x-synthetic
00:11 +131: chooser/library-returning-neonPurple-1.6x-synthetic
00:11 +132: (tearDownAll)
00:11 +132: All tests passed!
