00:00 +0: loading C:/Users/Atharva Patil/AppData/Local/Temp/gymlog-session-2-isolated-_7ofw15r/test/upgrade/session_2_acceptance_render_test.dart
00:00 +0: (setUpAll)
00:00 +0: home-chosen-higgsfield-1.0x-synthetic
00:02 +1: library-chosen-higgsfield-1.0x-synthetic
00:03 +2: home-no-choice-higgsfield-1.0x-synthetic
00:03 +3: library-no-choice-higgsfield-1.0x-synthetic
00:03 +4: home-deleted-choice-higgsfield-1.0x-synthetic
00:03 +5: library-deleted-choice-higgsfield-1.0x-synthetic
00:03 +6: home-empty-choice-higgsfield-1.0x-synthetic
00:03 +7: library-empty-choice-higgsfield-1.0x-synthetic
00:03 +8: home-new-user-higgsfield-1.0x-synthetic
00:04 +9: library-new-user-higgsfield-1.0x-synthetic
00:04 +10: home-no-routine-higgsfield-1.0x-synthetic
00:04 +11: library-no-routine-higgsfield-1.0x-synthetic
00:04 +12: home-inactive-return-higgsfield-1.0x-synthetic
00:04 +13: library-inactive-return-higgsfield-1.0x-synthetic
00:04 +14: home-low-data-higgsfield-1.0x-synthetic
00:05 +15: library-low-data-higgsfield-1.0x-synthetic
00:05 +16: home-error-higgsfield-1.0x-synthetic
00:05 +17: library-error-higgsfield-1.0x-synthetic
00:05 +18: home-previous-error-higgsfield-1.0x-synthetic
00:05 +19: library-previous-error-higgsfield-1.0x-synthetic
00:05 +20: home-choice-error-higgsfield-1.0x-synthetic
00:05 +21: library-choice-error-higgsfield-1.0x-synthetic
00:06 +22: home-loading-higgsfield-1.0x-synthetic
00:06 +23: library-loading-higgsfield-1.0x-synthetic
00:06 +24: home-active-chosen-higgsfield-1.0x-synthetic
00:06 +25: library-active-chosen-higgsfield-1.0x-synthetic
00:06 +26: home-active-no-choice-higgsfield-1.0x-synthetic
00:06 +27: library-active-no-choice-higgsfield-1.0x-synthetic
00:06 +28: home-active-no-routine-higgsfield-1.0x-synthetic
00:06 +29: library-active-no-routine-higgsfield-1.0x-synthetic
00:06 +30: home-active-error-higgsfield-1.0x-synthetic
00:06 +31: library-active-error-higgsfield-1.0x-synthetic
00:07 +32: home-chosen-higgsfield-1.6x-synthetic
00:07 +33: library-chosen-higgsfield-1.6x-synthetic
00:07 +34: home-no-choice-higgsfield-1.6x-synthetic
00:07 +35: library-no-choice-higgsfield-1.6x-synthetic
00:07 +36: home-deleted-choice-higgsfield-1.6x-synthetic
00:08 +37: library-deleted-choice-higgsfield-1.6x-synthetic
00:08 +38: home-empty-choice-higgsfield-1.6x-synthetic
00:08 +39: library-empty-choice-higgsfield-1.6x-synthetic
00:08 +40: home-new-user-higgsfield-1.6x-synthetic
00:08 +41: library-new-user-higgsfield-1.6x-synthetic
00:08 +42: home-no-routine-higgsfield-1.6x-synthetic
00:08 +43: library-no-routine-higgsfield-1.6x-synthetic
00:08 +44: home-inactive-return-higgsfield-1.6x-synthetic
00:08 +45: library-inactive-return-higgsfield-1.6x-synthetic
00:08 +46: home-low-data-higgsfield-1.6x-synthetic
00:08 +47: library-low-data-higgsfield-1.6x-synthetic
00:09 +48: home-error-higgsfield-1.6x-synthetic
00:09 +49: library-error-higgsfield-1.6x-synthetic
00:09 +50: home-previous-error-higgsfield-1.6x-synthetic
00:09 +51: library-previous-error-higgsfield-1.6x-synthetic
00:09 +52: home-choice-error-higgsfield-1.6x-synthetic
00:09 +53: library-choice-error-higgsfield-1.6x-synthetic
00:09 +54: home-loading-higgsfield-1.6x-synthetic
00:09 +55: library-loading-higgsfield-1.6x-synthetic
00:09 +56: home-active-chosen-higgsfield-1.6x-synthetic
00:09 +57: library-active-chosen-higgsfield-1.6x-synthetic
00:09 +58: home-active-no-choice-higgsfield-1.6x-synthetic
00:10 +59: library-active-no-choice-higgsfield-1.6x-synthetic
00:10 +60: home-active-no-routine-higgsfield-1.6x-synthetic
00:10 +61: library-active-no-routine-higgsfield-1.6x-synthetic
00:10 +62: home-active-error-higgsfield-1.6x-synthetic
00:10 +63: library-active-error-higgsfield-1.6x-synthetic
00:10 +64: home-chosen-neonPurple-1.0x-synthetic
00:10 +65: library-chosen-neonPurple-1.0x-synthetic
00:11 +66: home-no-choice-neonPurple-1.0x-synthetic
00:11 +67: library-no-choice-neonPurple-1.0x-synthetic
00:11 +68: home-deleted-choice-neonPurple-1.0x-synthetic
00:11 +69: library-deleted-choice-neonPurple-1.0x-synthetic
00:11 +70: home-empty-choice-neonPurple-1.0x-synthetic
00:11 +71: library-empty-choice-neonPurple-1.0x-synthetic
00:11 +72: home-new-user-neonPurple-1.0x-synthetic
00:11 +73: library-new-user-neonPurple-1.0x-synthetic
00:11 +74: home-no-routine-neonPurple-1.0x-synthetic
00:11 +75: library-no-routine-neonPurple-1.0x-synthetic
00:11 +76: home-inactive-return-neonPurple-1.0x-synthetic
00:12 +77: library-inactive-return-neonPurple-1.0x-synthetic
00:12 +78: home-low-data-neonPurple-1.0x-synthetic
00:12 +79: library-low-data-neonPurple-1.0x-synthetic
00:12 +80: home-error-neonPurple-1.0x-synthetic
00:12 +81: library-error-neonPurple-1.0x-synthetic
00:12 +82: home-previous-error-neonPurple-1.0x-synthetic
00:12 +83: library-previous-error-neonPurple-1.0x-synthetic
00:12 +84: home-choice-error-neonPurple-1.0x-synthetic
00:12 +85: library-choice-error-neonPurple-1.0x-synthetic
00:12 +86: home-loading-neonPurple-1.0x-synthetic
00:12 +87: library-loading-neonPurple-1.0x-synthetic
00:12 +88: home-active-chosen-neonPurple-1.0x-synthetic
00:13 +89: library-active-chosen-neonPurple-1.0x-synthetic
00:13 +90: home-active-no-choice-neonPurple-1.0x-synthetic
00:13 +91: library-active-no-choice-neonPurple-1.0x-synthetic
00:13 +92: home-active-no-routine-neonPurple-1.0x-synthetic
00:13 +93: library-active-no-routine-neonPurple-1.0x-synthetic
00:13 +94: home-active-error-neonPurple-1.0x-synthetic
00:13 +95: library-active-error-neonPurple-1.0x-synthetic
00:13 +96: home-chosen-neonPurple-1.6x-synthetic
00:14 +97: library-chosen-neonPurple-1.6x-synthetic
00:14 +98: home-no-choice-neonPurple-1.6x-synthetic
00:14 +99: library-no-choice-neonPurple-1.6x-synthetic
00:14 +100: home-deleted-choice-neonPurple-1.6x-synthetic
00:14 +101: library-deleted-choice-neonPurple-1.6x-synthetic
00:14 +102: home-empty-choice-neonPurple-1.6x-synthetic
00:14 +103: library-empty-choice-neonPurple-1.6x-synthetic
00:14 +104: home-new-user-neonPurple-1.6x-synthetic
00:14 +105: library-new-user-neonPurple-1.6x-synthetic
00:14 +106: home-no-routine-neonPurple-1.6x-synthetic
00:14 +107: library-no-routine-neonPurple-1.6x-synthetic
00:15 +108: home-inactive-return-neonPurple-1.6x-synthetic
00:15 +109: library-inactive-return-neonPurple-1.6x-synthetic
00:15 +110: home-low-data-neonPurple-1.6x-synthetic
00:15 +111: library-low-data-neonPurple-1.6x-synthetic
00:15 +112: home-error-neonPurple-1.6x-synthetic
00:15 +113: library-error-neonPurple-1.6x-synthetic
00:15 +114: home-previous-error-neonPurple-1.6x-synthetic
00:15 +115: library-previous-error-neonPurple-1.6x-synthetic
00:15 +116: home-choice-error-neonPurple-1.6x-synthetic
00:15 +117: library-choice-error-neonPurple-1.6x-synthetic
00:15 +118: home-loading-neonPurple-1.6x-synthetic
00:15 +119: library-loading-neonPurple-1.6x-synthetic
00:16 +120: home-active-chosen-neonPurple-1.6x-synthetic
00:16 +121: library-active-chosen-neonPurple-1.6x-synthetic
00:16 +122: home-active-no-choice-neonPurple-1.6x-synthetic
00:16 +123: library-active-no-choice-neonPurple-1.6x-synthetic
00:16 +124: home-active-no-routine-neonPurple-1.6x-synthetic
00:16 +125: library-active-no-routine-neonPurple-1.6x-synthetic
00:16 +126: home-active-error-neonPurple-1.6x-synthetic
00:16 +127: library-active-error-neonPurple-1.6x-synthetic
00:16 +128: home-chosen-white-1.0x-synthetic
00:17 +129: library-chosen-white-1.0x-synthetic
00:17 +130: home-no-choice-white-1.0x-synthetic
00:17 +131: library-no-choice-white-1.0x-synthetic
00:17 +132: home-deleted-choice-white-1.0x-synthetic
00:17 +133: library-deleted-choice-white-1.0x-synthetic
00:17 +134: home-empty-choice-white-1.0x-synthetic
00:17 +135: library-empty-choice-white-1.0x-synthetic
00:17 +136: home-new-user-white-1.0x-synthetic
00:17 +137: library-new-user-white-1.0x-synthetic
00:17 +138: home-no-routine-white-1.0x-synthetic
00:17 +139: library-no-routine-white-1.0x-synthetic
00:18 +140: home-inactive-return-white-1.0x-synthetic
00:18 +141: library-inactive-return-white-1.0x-synthetic
00:18 +142: home-low-data-white-1.0x-synthetic
00:18 +143: library-low-data-white-1.0x-synthetic
00:18 +144: home-error-white-1.0x-synthetic
00:18 +145: library-error-white-1.0x-synthetic
00:18 +146: home-previous-error-white-1.0x-synthetic
00:18 +147: library-previous-error-white-1.0x-synthetic
00:18 +148: home-choice-error-white-1.0x-synthetic
00:18 +149: library-choice-error-white-1.0x-synthetic
00:18 +150: home-loading-white-1.0x-synthetic
00:18 +151: library-loading-white-1.0x-synthetic
00:19 +152: home-active-chosen-white-1.0x-synthetic
00:19 +153: library-active-chosen-white-1.0x-synthetic
00:19 +154: home-active-no-choice-white-1.0x-synthetic
00:19 +155: library-active-no-choice-white-1.0x-synthetic
00:19 +156: home-active-no-routine-white-1.0x-synthetic
00:19 +157: library-active-no-routine-white-1.0x-synthetic
00:19 +158: home-active-error-white-1.0x-synthetic
00:19 +159: library-active-error-white-1.0x-synthetic
00:19 +160: home-chosen-white-1.6x-synthetic
00:20 +161: library-chosen-white-1.6x-synthetic
00:20 +162: home-no-choice-white-1.6x-synthetic
00:20 +163: library-no-choice-white-1.6x-synthetic
00:20 +164: home-deleted-choice-white-1.6x-synthetic
00:20 +165: library-deleted-choice-white-1.6x-synthetic
00:20 +166: home-empty-choice-white-1.6x-synthetic
00:20 +167: library-empty-choice-white-1.6x-synthetic
00:20 +168: home-new-user-white-1.6x-synthetic
00:20 +169: library-new-user-white-1.6x-synthetic
00:20 +170: home-no-routine-white-1.6x-synthetic
00:20 +171: library-no-routine-white-1.6x-synthetic
00:20 +172: home-inactive-return-white-1.6x-synthetic
00:21 +173: library-inactive-return-white-1.6x-synthetic
00:21 +174: home-low-data-white-1.6x-synthetic
00:21 +175: library-low-data-white-1.6x-synthetic
00:21 +176: home-error-white-1.6x-synthetic
00:21 +177: library-error-white-1.6x-synthetic
00:21 +178: home-previous-error-white-1.6x-synthetic
00:21 +179: library-previous-error-white-1.6x-synthetic
00:21 +180: home-choice-error-white-1.6x-synthetic
00:21 +181: library-choice-error-white-1.6x-synthetic
00:21 +182: home-loading-white-1.6x-synthetic
00:21 +183: library-loading-white-1.6x-synthetic
00:21 +184: home-active-chosen-white-1.6x-synthetic
00:22 +185: library-active-chosen-white-1.6x-synthetic
00:22 +186: home-active-no-choice-white-1.6x-synthetic
00:22 +187: library-active-no-choice-white-1.6x-synthetic
00:22 +188: home-active-no-routine-white-1.6x-synthetic
00:22 +189: library-active-no-routine-white-1.6x-synthetic
00:22 +190: home-active-error-white-1.6x-synthetic
00:22 +191: library-active-error-white-1.6x-synthetic
00:22 +192: home-chosen-neonCyan-1.0x-synthetic
00:23 +193: library-chosen-neonCyan-1.0x-synthetic
00:23 +194: home-no-choice-neonCyan-1.0x-synthetic
00:23 +195: library-no-choice-neonCyan-1.0x-synthetic
00:23 +196: home-deleted-choice-neonCyan-1.0x-synthetic
00:23 +197: library-deleted-choice-neonCyan-1.0x-synthetic
00:23 +198: home-empty-choice-neonCyan-1.0x-synthetic
00:23 +199: library-empty-choice-neonCyan-1.0x-synthetic
00:23 +200: home-new-user-neonCyan-1.0x-synthetic
00:23 +201: library-new-user-neonCyan-1.0x-synthetic
00:23 +202: home-no-routine-neonCyan-1.0x-synthetic
00:23 +203: library-no-routine-neonCyan-1.0x-synthetic
00:24 +204: home-inactive-return-neonCyan-1.0x-synthetic
00:24 +205: library-inactive-return-neonCyan-1.0x-synthetic
00:24 +206: home-low-data-neonCyan-1.0x-synthetic
00:24 +207: library-low-data-neonCyan-1.0x-synthetic
00:24 +208: home-error-neonCyan-1.0x-synthetic
00:24 +209: library-error-neonCyan-1.0x-synthetic
00:24 +210: home-previous-error-neonCyan-1.0x-synthetic
00:24 +211: library-previous-error-neonCyan-1.0x-synthetic
00:24 +212: home-choice-error-neonCyan-1.0x-synthetic
00:24 +213: library-choice-error-neonCyan-1.0x-synthetic
00:24 +214: home-loading-neonCyan-1.0x-synthetic
00:24 +215: library-loading-neonCyan-1.0x-synthetic
00:25 +216: home-active-chosen-neonCyan-1.0x-synthetic
00:25 +217: library-active-chosen-neonCyan-1.0x-synthetic
00:25 +218: home-active-no-choice-neonCyan-1.0x-synthetic
00:25 +219: library-active-no-choice-neonCyan-1.0x-synthetic
00:25 +220: home-active-no-routine-neonCyan-1.0x-synthetic
00:25 +221: library-active-no-routine-neonCyan-1.0x-synthetic
00:25 +222: home-active-error-neonCyan-1.0x-synthetic
00:25 +223: library-active-error-neonCyan-1.0x-synthetic
00:25 +224: home-chosen-neonCyan-1.6x-synthetic
00:26 +225: library-chosen-neonCyan-1.6x-synthetic
00:26 +226: home-no-choice-neonCyan-1.6x-synthetic
00:26 +227: library-no-choice-neonCyan-1.6x-synthetic
00:26 +228: home-deleted-choice-neonCyan-1.6x-synthetic
00:26 +229: library-deleted-choice-neonCyan-1.6x-synthetic
00:26 +230: home-empty-choice-neonCyan-1.6x-synthetic
00:26 +231: library-empty-choice-neonCyan-1.6x-synthetic
00:26 +232: home-new-user-neonCyan-1.6x-synthetic
00:26 +233: library-new-user-neonCyan-1.6x-synthetic
00:26 +234: home-no-routine-neonCyan-1.6x-synthetic
00:26 +235: library-no-routine-neonCyan-1.6x-synthetic
00:26 +236: home-inactive-return-neonCyan-1.6x-synthetic
00:27 +237: library-inactive-return-neonCyan-1.6x-synthetic
00:27 +238: home-low-data-neonCyan-1.6x-synthetic
00:27 +239: library-low-data-neonCyan-1.6x-synthetic
00:27 +240: home-error-neonCyan-1.6x-synthetic
00:27 +241: library-error-neonCyan-1.6x-synthetic
00:27 +242: home-previous-error-neonCyan-1.6x-synthetic
00:27 +243: library-previous-error-neonCyan-1.6x-synthetic
00:27 +244: home-choice-error-neonCyan-1.6x-synthetic
00:27 +245: library-choice-error-neonCyan-1.6x-synthetic
00:27 +246: home-loading-neonCyan-1.6x-synthetic
00:27 +247: library-loading-neonCyan-1.6x-synthetic
00:27 +248: home-active-chosen-neonCyan-1.6x-synthetic
00:28 +249: library-active-chosen-neonCyan-1.6x-synthetic
00:28 +250: home-active-no-choice-neonCyan-1.6x-synthetic
00:28 +251: library-active-no-choice-neonCyan-1.6x-synthetic
00:28 +252: home-active-no-routine-neonCyan-1.6x-synthetic
00:28 +253: library-active-no-routine-neonCyan-1.6x-synthetic
00:28 +254: home-active-error-neonCyan-1.6x-synthetic
00:28 +255: library-active-error-neonCyan-1.6x-synthetic
00:28 +256: home-chosen-neonMagenta-1.0x-synthetic
00:28 +257: library-chosen-neonMagenta-1.0x-synthetic
00:29 +258: home-no-choice-neonMagenta-1.0x-synthetic
00:29 +259: library-no-choice-neonMagenta-1.0x-synthetic
00:29 +260: home-deleted-choice-neonMagenta-1.0x-synthetic
00:29 +261: library-deleted-choice-neonMagenta-1.0x-synthetic
00:29 +262: home-empty-choice-neonMagenta-1.0x-synthetic
00:29 +263: library-empty-choice-neonMagenta-1.0x-synthetic
00:29 +264: home-new-user-neonMagenta-1.0x-synthetic
00:29 +265: library-new-user-neonMagenta-1.0x-synthetic
00:29 +266: home-no-routine-neonMagenta-1.0x-synthetic
00:29 +267: library-no-routine-neonMagenta-1.0x-synthetic
00:29 +268: home-inactive-return-neonMagenta-1.0x-synthetic
00:30 +269: library-inactive-return-neonMagenta-1.0x-synthetic
00:30 +270: home-low-data-neonMagenta-1.0x-synthetic
00:30 +271: library-low-data-neonMagenta-1.0x-synthetic
00:30 +272: home-error-neonMagenta-1.0x-synthetic
00:30 +273: library-error-neonMagenta-1.0x-synthetic
00:30 +274: home-previous-error-neonMagenta-1.0x-synthetic
00:30 +275: library-previous-error-neonMagenta-1.0x-synthetic
00:30 +276: home-choice-error-neonMagenta-1.0x-synthetic
00:30 +277: library-choice-error-neonMagenta-1.0x-synthetic
00:30 +278: home-loading-neonMagenta-1.0x-synthetic
00:30 +279: library-loading-neonMagenta-1.0x-synthetic
00:30 +280: home-active-chosen-neonMagenta-1.0x-synthetic
00:31 +281: library-active-chosen-neonMagenta-1.0x-synthetic
00:31 +282: home-active-no-choice-neonMagenta-1.0x-synthetic
00:31 +283: library-active-no-choice-neonMagenta-1.0x-synthetic
00:31 +284: home-active-no-routine-neonMagenta-1.0x-synthetic
00:31 +285: library-active-no-routine-neonMagenta-1.0x-synthetic
00:31 +286: home-active-error-neonMagenta-1.0x-synthetic
00:31 +287: library-active-error-neonMagenta-1.0x-synthetic
00:31 +288: home-chosen-neonMagenta-1.6x-synthetic
00:32 +289: library-chosen-neonMagenta-1.6x-synthetic
00:32 +290: home-no-choice-neonMagenta-1.6x-synthetic
00:32 +291: library-no-choice-neonMagenta-1.6x-synthetic
00:32 +292: home-deleted-choice-neonMagenta-1.6x-synthetic
00:32 +293: library-deleted-choice-neonMagenta-1.6x-synthetic
00:32 +294: home-empty-choice-neonMagenta-1.6x-synthetic
00:32 +295: library-empty-choice-neonMagenta-1.6x-synthetic
00:32 +296: home-new-user-neonMagenta-1.6x-synthetic
00:32 +297: library-new-user-neonMagenta-1.6x-synthetic
00:32 +298: home-no-routine-neonMagenta-1.6x-synthetic
00:32 +299: library-no-routine-neonMagenta-1.6x-synthetic
00:32 +300: home-inactive-return-neonMagenta-1.6x-synthetic
00:32 +301: library-inactive-return-neonMagenta-1.6x-synthetic
00:33 +302: home-low-data-neonMagenta-1.6x-synthetic
00:33 +303: library-low-data-neonMagenta-1.6x-synthetic
00:33 +304: home-error-neonMagenta-1.6x-synthetic
00:33 +305: library-error-neonMagenta-1.6x-synthetic
00:33 +306: home-previous-error-neonMagenta-1.6x-synthetic
00:33 +307: library-previous-error-neonMagenta-1.6x-synthetic
00:33 +308: home-choice-error-neonMagenta-1.6x-synthetic
00:33 +309: library-choice-error-neonMagenta-1.6x-synthetic
00:33 +310: home-loading-neonMagenta-1.6x-synthetic
00:33 +311: library-loading-neonMagenta-1.6x-synthetic
00:33 +312: home-active-chosen-neonMagenta-1.6x-synthetic
00:33 +313: library-active-chosen-neonMagenta-1.6x-synthetic
00:33 +314: home-active-no-choice-neonMagenta-1.6x-synthetic
00:34 +315: library-active-no-choice-neonMagenta-1.6x-synthetic
00:34 +316: home-active-no-routine-neonMagenta-1.6x-synthetic
00:34 +317: library-active-no-routine-neonMagenta-1.6x-synthetic
00:34 +318: home-active-error-neonMagenta-1.6x-synthetic
00:34 +319: library-active-error-neonMagenta-1.6x-synthetic
00:34 +320: home-chosen-blazeOrange-1.0x-synthetic
00:34 +321: library-chosen-blazeOrange-1.0x-synthetic
00:34 +322: home-no-choice-blazeOrange-1.0x-synthetic
00:35 +323: library-no-choice-blazeOrange-1.0x-synthetic
00:35 +324: home-deleted-choice-blazeOrange-1.0x-synthetic
00:35 +325: library-deleted-choice-blazeOrange-1.0x-synthetic
00:35 +326: home-empty-choice-blazeOrange-1.0x-synthetic
00:35 +327: library-empty-choice-blazeOrange-1.0x-synthetic
00:35 +328: home-new-user-blazeOrange-1.0x-synthetic
00:35 +329: library-new-user-blazeOrange-1.0x-synthetic
00:35 +330: home-no-routine-blazeOrange-1.0x-synthetic
00:35 +331: library-no-routine-blazeOrange-1.0x-synthetic
00:35 +332: home-inactive-return-blazeOrange-1.0x-synthetic
00:35 +333: library-inactive-return-blazeOrange-1.0x-synthetic
00:35 +334: home-low-data-blazeOrange-1.0x-synthetic
00:35 +335: library-low-data-blazeOrange-1.0x-synthetic
00:36 +336: home-error-blazeOrange-1.0x-synthetic
00:36 +337: library-error-blazeOrange-1.0x-synthetic
00:36 +338: home-previous-error-blazeOrange-1.0x-synthetic
00:36 +339: library-previous-error-blazeOrange-1.0x-synthetic
00:36 +340: home-choice-error-blazeOrange-1.0x-synthetic
00:36 +341: library-choice-error-blazeOrange-1.0x-synthetic
00:36 +342: home-loading-blazeOrange-1.0x-synthetic
00:36 +343: library-loading-blazeOrange-1.0x-synthetic
00:36 +344: home-active-chosen-blazeOrange-1.0x-synthetic
00:36 +345: library-active-chosen-blazeOrange-1.0x-synthetic
00:36 +346: home-active-no-choice-blazeOrange-1.0x-synthetic
00:36 +347: library-active-no-choice-blazeOrange-1.0x-synthetic
00:37 +348: home-active-no-routine-blazeOrange-1.0x-synthetic
00:37 +349: library-active-no-routine-blazeOrange-1.0x-synthetic
00:37 +350: home-active-error-blazeOrange-1.0x-synthetic
00:37 +351: library-active-error-blazeOrange-1.0x-synthetic
00:37 +352: home-chosen-blazeOrange-1.6x-synthetic
00:37 +353: library-chosen-blazeOrange-1.6x-synthetic
00:37 +354: home-no-choice-blazeOrange-1.6x-synthetic
00:37 +355: library-no-choice-blazeOrange-1.6x-synthetic
00:38 +356: home-deleted-choice-blazeOrange-1.6x-synthetic
00:38 +357: library-deleted-choice-blazeOrange-1.6x-synthetic
00:38 +358: home-empty-choice-blazeOrange-1.6x-synthetic
00:38 +359: library-empty-choice-blazeOrange-1.6x-synthetic
00:38 +360: home-new-user-blazeOrange-1.6x-synthetic
00:38 +361: library-new-user-blazeOrange-1.6x-synthetic
00:38 +362: home-no-routine-blazeOrange-1.6x-synthetic
00:38 +363: library-no-routine-blazeOrange-1.6x-synthetic
00:38 +364: home-inactive-return-blazeOrange-1.6x-synthetic
00:38 +365: library-inactive-return-blazeOrange-1.6x-synthetic
00:38 +366: home-low-data-blazeOrange-1.6x-synthetic
00:38 +367: library-low-data-blazeOrange-1.6x-synthetic
00:38 +368: home-error-blazeOrange-1.6x-synthetic
00:38 +369: library-error-blazeOrange-1.6x-synthetic
00:39 +370: home-previous-error-blazeOrange-1.6x-synthetic
00:39 +371: library-previous-error-blazeOrange-1.6x-synthetic
00:39 +372: home-choice-error-blazeOrange-1.6x-synthetic
00:39 +373: library-choice-error-blazeOrange-1.6x-synthetic
00:39 +374: home-loading-blazeOrange-1.6x-synthetic
00:39 +375: library-loading-blazeOrange-1.6x-synthetic
00:39 +376: home-active-chosen-blazeOrange-1.6x-synthetic
00:39 +377: library-active-chosen-blazeOrange-1.6x-synthetic
00:39 +378: home-active-no-choice-blazeOrange-1.6x-synthetic
00:39 +379: library-active-no-choice-blazeOrange-1.6x-synthetic
00:39 +380: home-active-no-routine-blazeOrange-1.6x-synthetic
00:39 +381: library-active-no-routine-blazeOrange-1.6x-synthetic
00:40 +382: home-active-error-blazeOrange-1.6x-synthetic
00:40 +383: library-active-error-blazeOrange-1.6x-synthetic
00:40 +384: (tearDownAll)
00:40 +384: All tests passed!
