00:00 +0: loading C:/Users/Atharva Patil/Documents/projects/gymlog/test/upgrade/session_2_launchpad_test.dart
00:00 +0: home uses explicit choice and one-tap Change
══╡ EXCEPTION CAUGHT BY FLUTTER TEST FRAMEWORK ╞════════════════════════════════════════════════════
The following TestFailure was thrown running a test:
Expected: at least one matching candidate
  Actual: _TextWidgetFinder:<Found 0 widgets with text "Start Push A": []>
   Which: means none were found but some were expected

When the exception was thrown, this was the stack:
#4      main.<anonymous closure> (file:///C:/Users/Atharva%20Patil/Documents/projects/gymlog/test/upgrade/session_2_launchpad_test.dart:33:7)
<asynchronous suspension>
#5      testWidgets.<anonymous closure>.<anonymous closure> (package:flutter_test/src/widget_tester.dart:192:15)
<asynchronous suspension>
#6      TestWidgetsFlutterBinding._runTestBody (package:flutter_test/src/binding.dart:1952:5)
<asynchronous suspension>
<asynchronous suspension>
(elided one frame from package:stack_trace)

This was caught by the test expectation on the following line:
  file:///C:/Users/Atharva%20Patil/Documents/projects/gymlog/test/upgrade/session_2_launchpad_test.dart line 33
The test description was:
  home uses explicit choice and one-tap Change
════════════════════════════════════════════════════════════════════════════════════════════════════
00:01 +0 -1: home uses explicit choice and one-tap Change [E]
  Test failed. See exception logs above.
  The test description was: home uses explicit choice and one-tap Change
  
00:01 +0 -1: home never chooses the first routine by inference
══╡ EXCEPTION CAUGHT BY FLUTTER TEST FRAMEWORK ╞════════════════════════════════════════════════════
The following TestFailure was thrown running a test:
Expected: exactly one matching candidate
  Actual: _TextWidgetFinder:<Found 0 widgets with text "Choose a routine for today": []>
   Which: means none were found but one was expected

When the exception was thrown, this was the stack:
#4      main.<anonymous closure> (file:///C:/Users/Atharva%20Patil/Documents/projects/gymlog/test/upgrade/session_2_launchpad_test.dart:47:7)
<asynchronous suspension>
#5      testWidgets.<anonymous closure>.<anonymous closure> (package:flutter_test/src/widget_tester.dart:192:15)
<asynchronous suspension>
#6      TestWidgetsFlutterBinding._runTestBody (package:flutter_test/src/binding.dart:1952:5)
<asynchronous suspension>
<asynchronous suspension>
(elided one frame from package:stack_trace)

This was caught by the test expectation on the following line:
  file:///C:/Users/Atharva%20Patil/Documents/projects/gymlog/test/upgrade/session_2_launchpad_test.dart line 47
The test description was:
  home never chooses the first routine by inference
════════════════════════════════════════════════════════════════════════════════════════════════════
00:01 +0 -2: home never chooses the first routine by inference [E]
  Test failed. See exception logs above.
  The test description was: home never chooses the first routine by inference
  
00:01 +0 -2: home shows a deleted choice without replacing it
══╡ EXCEPTION CAUGHT BY FLUTTER TEST FRAMEWORK ╞════════════════════════════════════════════════════
The following TestFailure was thrown running a test:
Expected: exactly one matching candidate
  Actual: _TextWidgetFinder:<Found 0 widgets with text "Chosen routine unavailable": []>
   Which: means none were found but one was expected

When the exception was thrown, this was the stack:
#4      main.<anonymous closure> (file:///C:/Users/Atharva%20Patil/Documents/projects/gymlog/test/upgrade/session_2_launchpad_test.dart:55:7)
<asynchronous suspension>
#5      testWidgets.<anonymous closure>.<anonymous closure> (package:flutter_test/src/widget_tester.dart:192:15)
<asynchronous suspension>
#6      TestWidgetsFlutterBinding._runTestBody (package:flutter_test/src/binding.dart:1952:5)
<asynchronous suspension>
<asynchronous suspension>
(elided one frame from package:stack_trace)

This was caught by the test expectation on the following line:
  file:///C:/Users/Atharva%20Patil/Documents/projects/gymlog/test/upgrade/session_2_launchpad_test.dart line 55
The test description was:
  home shows a deleted choice without replacing it
════════════════════════════════════════════════════════════════════════════════════════════════════
00:01 +0 -3: home shows a deleted choice without replacing it [E]
  Test failed. See exception logs above.
  The test description was: home shows a deleted choice without replacing it
  
00:01 +0 -3: home new user has a designed first-session entry
══╡ EXCEPTION CAUGHT BY FLUTTER TEST FRAMEWORK ╞════════════════════════════════════════════════════
The following TestFailure was thrown running a test:
Expected: exactly one matching candidate
  Actual: _TextWidgetFinder:<Found 0 widgets with text "Your first session starts here": []>
   Which: means none were found but one was expected

When the exception was thrown, this was the stack:
#4      main.<anonymous closure> (file:///C:/Users/Atharva%20Patil/Documents/projects/gymlog/test/upgrade/session_2_launchpad_test.dart:62:7)
<asynchronous suspension>
#5      testWidgets.<anonymous closure>.<anonymous closure> (package:flutter_test/src/widget_tester.dart:192:15)
<asynchronous suspension>
#6      TestWidgetsFlutterBinding._runTestBody (package:flutter_test/src/binding.dart:1952:5)
<asynchronous suspension>
<asynchronous suspension>
(elided one frame from package:stack_trace)

This was caught by the test expectation on the following line:
  file:///C:/Users/Atharva%20Patil/Documents/projects/gymlog/test/upgrade/session_2_launchpad_test.dart line 62
The test description was:
  home new user has a designed first-session entry
════════════════════════════════════════════════════════════════════════════════════════════════════
00:01 +0 -4: home new user has a designed first-session entry [E]
  Test failed. See exception logs above.
  The test description was: home new user has a designed first-session entry
  
00:01 +0 -4: library uses explicit choice and one-tap Change
══╡ EXCEPTION CAUGHT BY FLUTTER TEST FRAMEWORK ╞════════════════════════════════════════════════════
The following TestFailure was thrown running a test:
Expected: at least one matching candidate
  Actual: _TextWidgetFinder:<Found 0 widgets with text "Start Push A": []>
   Which: means none were found but some were expected

When the exception was thrown, this was the stack:
#4      main.<anonymous closure> (file:///C:/Users/Atharva%20Patil/Documents/projects/gymlog/test/upgrade/session_2_launchpad_test.dart:33:7)
<asynchronous suspension>
#5      testWidgets.<anonymous closure>.<anonymous closure> (package:flutter_test/src/widget_tester.dart:192:15)
<asynchronous suspension>
#6      TestWidgetsFlutterBinding._runTestBody (package:flutter_test/src/binding.dart:1952:5)
<asynchronous suspension>
<asynchronous suspension>
(elided one frame from package:stack_trace)

This was caught by the test expectation on the following line:
  file:///C:/Users/Atharva%20Patil/Documents/projects/gymlog/test/upgrade/session_2_launchpad_test.dart line 33
The test description was:
  library uses explicit choice and one-tap Change
════════════════════════════════════════════════════════════════════════════════════════════════════
00:02 +0 -5: library uses explicit choice and one-tap Change [E]
  Test failed. See exception logs above.
  The test description was: library uses explicit choice and one-tap Change
  
00:02 +0 -5: library never chooses the first routine by inference
══╡ EXCEPTION CAUGHT BY FLUTTER TEST FRAMEWORK ╞════════════════════════════════════════════════════
The following TestFailure was thrown running a test:
Expected: exactly one matching candidate
  Actual: _TextWidgetFinder:<Found 0 widgets with text "Choose a routine for today": []>
   Which: means none were found but one was expected

When the exception was thrown, this was the stack:
#4      main.<anonymous closure> (file:///C:/Users/Atharva%20Patil/Documents/projects/gymlog/test/upgrade/session_2_launchpad_test.dart:47:7)
<asynchronous suspension>
#5      testWidgets.<anonymous closure>.<anonymous closure> (package:flutter_test/src/widget_tester.dart:192:15)
<asynchronous suspension>
#6      TestWidgetsFlutterBinding._runTestBody (package:flutter_test/src/binding.dart:1952:5)
<asynchronous suspension>
<asynchronous suspension>
(elided one frame from package:stack_trace)

This was caught by the test expectation on the following line:
  file:///C:/Users/Atharva%20Patil/Documents/projects/gymlog/test/upgrade/session_2_launchpad_test.dart line 47
The test description was:
  library never chooses the first routine by inference
════════════════════════════════════════════════════════════════════════════════════════════════════
00:02 +0 -6: library never chooses the first routine by inference [E]
  Test failed. See exception logs above.
  The test description was: library never chooses the first routine by inference
  
00:02 +0 -6: library shows a deleted choice without replacing it
══╡ EXCEPTION CAUGHT BY FLUTTER TEST FRAMEWORK ╞════════════════════════════════════════════════════
The following TestFailure was thrown running a test:
Expected: exactly one matching candidate
  Actual: _TextWidgetFinder:<Found 0 widgets with text "Chosen routine unavailable": []>
   Which: means none were found but one was expected

When the exception was thrown, this was the stack:
#4      main.<anonymous closure> (file:///C:/Users/Atharva%20Patil/Documents/projects/gymlog/test/upgrade/session_2_launchpad_test.dart:55:7)
<asynchronous suspension>
#5      testWidgets.<anonymous closure>.<anonymous closure> (package:flutter_test/src/widget_tester.dart:192:15)
<asynchronous suspension>
#6      TestWidgetsFlutterBinding._runTestBody (package:flutter_test/src/binding.dart:1952:5)
<asynchronous suspension>
<asynchronous suspension>
(elided one frame from package:stack_trace)

This was caught by the test expectation on the following line:
  file:///C:/Users/Atharva%20Patil/Documents/projects/gymlog/test/upgrade/session_2_launchpad_test.dart line 55
The test description was:
  library shows a deleted choice without replacing it
════════════════════════════════════════════════════════════════════════════════════════════════════
00:02 +0 -7: library shows a deleted choice without replacing it [E]
  Test failed. See exception logs above.
  The test description was: library shows a deleted choice without replacing it
  
00:02 +0 -7: library new user has a designed first-session entry
══╡ EXCEPTION CAUGHT BY FLUTTER TEST FRAMEWORK ╞════════════════════════════════════════════════════
The following TestFailure was thrown running a test:
Expected: exactly one matching candidate
  Actual: _TextWidgetFinder:<Found 0 widgets with text "Your first session starts here": []>
   Which: means none were found but one was expected

When the exception was thrown, this was the stack:
#4      main.<anonymous closure> (file:///C:/Users/Atharva%20Patil/Documents/projects/gymlog/test/upgrade/session_2_launchpad_test.dart:62:7)
<asynchronous suspension>
#5      testWidgets.<anonymous closure>.<anonymous closure> (package:flutter_test/src/widget_tester.dart:192:15)
<asynchronous suspension>
#6      TestWidgetsFlutterBinding._runTestBody (package:flutter_test/src/binding.dart:1952:5)
<asynchronous suspension>
<asynchronous suspension>
(elided one frame from package:stack_trace)

This was caught by the test expectation on the following line:
  file:///C:/Users/Atharva%20Patil/Documents/projects/gymlog/test/upgrade/session_2_launchpad_test.dart line 62
The test description was:
  library new user has a designed first-session entry
════════════════════════════════════════════════════════════════════════════════════════════════════
00:02 +0 -8: library new user has a designed first-session entry [E]
  Test failed. See exception logs above.
  The test description was: library new user has a designed first-session entry
  
00:02 +0 -8: Home keeps freestyle and History secondary and accessible
══╡ EXCEPTION CAUGHT BY FLUTTER TEST FRAMEWORK ╞════════════════════════════════════════════════════
The following TestFailure was thrown running a test:
Expected: exactly one matching candidate
  Actual: _TextWidgetFinder:<Found 0 widgets with text "Log a different workout": []>
   Which: means none were found but one was expected

When the exception was thrown, this was the stack:
#4      main.<anonymous closure> (file:///C:/Users/Atharva%20Patil/Documents/projects/gymlog/test/upgrade/session_2_launchpad_test.dart:70:5)
<asynchronous suspension>
#5      testWidgets.<anonymous closure>.<anonymous closure> (package:flutter_test/src/widget_tester.dart:192:15)
<asynchronous suspension>
#6      TestWidgetsFlutterBinding._runTestBody (package:flutter_test/src/binding.dart:1952:5)
<asynchronous suspension>
<asynchronous suspension>
(elided one frame from package:stack_trace)

This was caught by the test expectation on the following line:
  file:///C:/Users/Atharva%20Patil/Documents/projects/gymlog/test/upgrade/session_2_launchpad_test.dart line 70
The test description was:
  Home keeps freestyle and History secondary and accessible
════════════════════════════════════════════════════════════════════════════════════════════════════
00:03 +0 -9: Home keeps freestyle and History secondary and accessible [E]
  Test failed. See exception logs above.
  The test description was: Home keeps freestyle and History secondary and accessible
  
00:03 +0 -9: Home has no guilt language on an inactive return
══╡ EXCEPTION CAUGHT BY FLUTTER TEST FRAMEWORK ╞════════════════════════════════════════════════════
The following TestFailure was thrown running a test:
Expected: exactly one matching candidate
  Actual: _TextWidgetFinder:<Found 0 widgets with text "Train at your own pace": []>
   Which: means none were found but one was expected

When the exception was thrown, this was the stack:
#4      main.<anonymous closure> (file:///C:/Users/Atharva%20Patil/Documents/projects/gymlog/test/upgrade/session_2_launchpad_test.dart:77:5)
<asynchronous suspension>
#5      testWidgets.<anonymous closure>.<anonymous closure> (package:flutter_test/src/widget_tester.dart:192:15)
<asynchronous suspension>
#6      TestWidgetsFlutterBinding._runTestBody (package:flutter_test/src/binding.dart:1952:5)
<asynchronous suspension>
<asynchronous suspension>
(elided one frame from package:stack_trace)

This was caught by the test expectation on the following line:
  file:///C:/Users/Atharva%20Patil/Documents/projects/gymlog/test/upgrade/session_2_launchpad_test.dart line 77
The test description was:
  Home has no guilt language on an inactive return
════════════════════════════════════════════════════════════════════════════════════════════════════
00:03 +0 -10: Home has no guilt language on an inactive return [E]
  Test failed. See exception logs above.
  The test description was: Home has no guilt language on an inactive return
  
00:03 +0 -10: Change selection updates both launch surfaces and persists
══╡ EXCEPTION CAUGHT BY FLUTTER TEST FRAMEWORK ╞════════════════════════════════════════════════════
The following assertion was thrown running a test:
The finder "Found 0 widgets with key [<'change-training-routine'>]: []" (used in a call to "tap()")
could not find any matching widgets.

When the exception was thrown, this was the stack:
#0      WidgetController._getElementPoint (package:flutter_test/src/controller.dart:2095:7)
#1      WidgetController.getCenter (package:flutter_test/src/controller.dart:1947:12)
#2      WidgetController.tap (package:flutter_test/src/controller.dart:1080:7)
#3      main.<anonymous closure> (file:///C:/Users/Atharva%20Patil/Documents/projects/gymlog/test/upgrade/session_2_launchpad_test.dart:85:18)
<asynchronous suspension>
#4      testWidgets.<anonymous closure>.<anonymous closure> (package:flutter_test/src/widget_tester.dart:192:15)
<asynchronous suspension>
#5      TestWidgetsFlutterBinding._runTestBody (package:flutter_test/src/binding.dart:1952:5)
<asynchronous suspension>
<asynchronous suspension>
(elided one frame from package:stack_trace)

The test description was:
  Change selection updates both launch surfaces and persists
════════════════════════════════════════════════════════════════════════════════════════════════════
00:03 +0 -11: Change selection updates both launch surfaces and persists [E]
  Test failed. See exception logs above.
  The test description was: Change selection updates both launch surfaces and persists
  
00:03 +0 -11: Library groups the program and quiets creation
══╡ EXCEPTION CAUGHT BY FLUTTER TEST FRAMEWORK ╞════════════════════════════════════════════════════
The following TestFailure was thrown running a test:
Expected: exactly one matching candidate
  Actual: _KeyWidgetFinder:<Found 0 widgets with key [<'program-sample-ppl'>]: []>
   Which: means none were found but one was expected

When the exception was thrown, this was the stack:
#4      main.<anonymous closure> (file:///C:/Users/Atharva%20Patil/Documents/projects/gymlog/test/upgrade/session_2_launchpad_test.dart:96:5)
<asynchronous suspension>
#5      testWidgets.<anonymous closure>.<anonymous closure> (package:flutter_test/src/widget_tester.dart:192:15)
<asynchronous suspension>
#6      TestWidgetsFlutterBinding._runTestBody (package:flutter_test/src/binding.dart:1952:5)
<asynchronous suspension>
<asynchronous suspension>
(elided one frame from package:stack_trace)

This was caught by the test expectation on the following line:
  file:///C:/Users/Atharva%20Patil/Documents/projects/gymlog/test/upgrade/session_2_launchpad_test.dart line 96
The test description was:
  Library groups the program and quiets creation
════════════════════════════════════════════════════════════════════════════════════════════════════
00:03 +0 -12: Library groups the program and quiets creation [E]
  Test failed. See exception logs above.
  The test description was: Library groups the program and quiets creation
  
00:03 +0 -12: Some tests failed.

Failing tests:
  C:/Users/Atharva Patil/Documents/projects/gymlog/test/upgrade/session_2_launchpad_test.dart: Change selection updates both launch surfaces and persists
  C:/Users/Atharva Patil/Documents/projects/gymlog/test/upgrade/session_2_launchpad_test.dart: Home has no guilt language on an inactive return
  C:/Users/Atharva Patil/Documents/projects/gymlog/test/upgrade/session_2_launchpad_test.dart: Home keeps freestyle and History secondary and accessible
  C:/Users/Atharva Patil/Documents/projects/gymlog/test/upgrade/session_2_launchpad_test.dart: Library groups the program and quiets creation
  ... and 8 more
