00:00 +0: loading C:/Users/Atharva Patil/Documents/projects/gymlog/test/upgrade/session_2_acceptance_render_test.dart
00:00 +0: (setUpAll)
00:00 +0: home-chosen-higgsfield-1.0x-synthetic
00:03 +1: library-chosen-higgsfield-1.0x-synthetic
00:03 +2: home-no-choice-higgsfield-1.0x-synthetic
00:04 +3: library-no-choice-higgsfield-1.0x-synthetic
00:04 +4: home-deleted-choice-higgsfield-1.0x-synthetic
00:04 +5: library-deleted-choice-higgsfield-1.0x-synthetic
00:05 +6: home-empty-choice-higgsfield-1.0x-synthetic
00:05 +7: library-empty-choice-higgsfield-1.0x-synthetic
00:06 +8: home-new-user-higgsfield-1.0x-synthetic
00:06 +9: library-new-user-higgsfield-1.0x-synthetic
00:06 +10: home-no-routine-higgsfield-1.0x-synthetic
00:07 +11: library-no-routine-higgsfield-1.0x-synthetic
00:07 +12: home-inactive-return-higgsfield-1.0x-synthetic
00:07 +13: library-inactive-return-higgsfield-1.0x-synthetic
00:08 +14: home-low-data-higgsfield-1.0x-synthetic
00:08 +15: library-low-data-higgsfield-1.0x-synthetic
00:08 +16: home-error-higgsfield-1.0x-synthetic
00:08 +17: library-error-higgsfield-1.0x-synthetic
00:09 +18: home-previous-error-higgsfield-1.0x-synthetic
00:09 +19: library-previous-error-higgsfield-1.0x-synthetic
00:09 +20: home-choice-error-higgsfield-1.0x-synthetic
00:10 +21: library-choice-error-higgsfield-1.0x-synthetic
00:10 +22: home-loading-higgsfield-1.0x-synthetic
00:10 +23: library-loading-higgsfield-1.0x-synthetic
00:10 +24: home-active-chosen-higgsfield-1.0x-synthetic
00:10 +25: library-active-chosen-higgsfield-1.0x-synthetic
00:11 +26: home-active-no-choice-higgsfield-1.0x-synthetic
00:11 +27: library-active-no-choice-higgsfield-1.0x-synthetic
00:11 +28: home-active-no-routine-higgsfield-1.0x-synthetic
00:11 +29: library-active-no-routine-higgsfield-1.0x-synthetic
00:11 +30: home-active-error-higgsfield-1.0x-synthetic
00:12 +31: library-active-error-higgsfield-1.0x-synthetic
00:12 +32: home-chosen-higgsfield-1.6x-synthetic
00:13 +33: library-chosen-higgsfield-1.6x-synthetic
00:13 +34: home-no-choice-higgsfield-1.6x-synthetic
00:13 +35: library-no-choice-higgsfield-1.6x-synthetic
00:13 +36: home-deleted-choice-higgsfield-1.6x-synthetic
00:14 +37: library-deleted-choice-higgsfield-1.6x-synthetic
00:14 +38: home-empty-choice-higgsfield-1.6x-synthetic
00:14 +39: library-empty-choice-higgsfield-1.6x-synthetic
00:14 +40: home-new-user-higgsfield-1.6x-synthetic
00:14 +41: library-new-user-higgsfield-1.6x-synthetic
00:14 +42: home-no-routine-higgsfield-1.6x-synthetic
00:14 +43: library-no-routine-higgsfield-1.6x-synthetic
00:14 +44: home-inactive-return-higgsfield-1.6x-synthetic
00:15 +45: library-inactive-return-higgsfield-1.6x-synthetic
00:15 +46: home-low-data-higgsfield-1.6x-synthetic
00:15 +47: library-low-data-higgsfield-1.6x-synthetic
00:15 +48: home-error-higgsfield-1.6x-synthetic
00:15 +49: library-error-higgsfield-1.6x-synthetic
00:15 +50: home-previous-error-higgsfield-1.6x-synthetic
00:15 +51: library-previous-error-higgsfield-1.6x-synthetic
00:16 +52: home-choice-error-higgsfield-1.6x-synthetic
00:16 +53: library-choice-error-higgsfield-1.6x-synthetic
00:16 +54: home-loading-higgsfield-1.6x-synthetic
00:16 +55: library-loading-higgsfield-1.6x-synthetic
00:16 +56: home-active-chosen-higgsfield-1.6x-synthetic
00:16 +57: library-active-chosen-higgsfield-1.6x-synthetic
00:16 +58: home-active-no-choice-higgsfield-1.6x-synthetic
00:16 +59: library-active-no-choice-higgsfield-1.6x-synthetic
00:17 +60: home-active-no-routine-higgsfield-1.6x-synthetic
00:17 +61: library-active-no-routine-higgsfield-1.6x-synthetic
00:17 +62: home-active-error-higgsfield-1.6x-synthetic
00:17 +63: library-active-error-higgsfield-1.6x-synthetic
00:17 +64: home-chosen-neonPurple-1.0x-synthetic
00:18 +65: library-chosen-neonPurple-1.0x-synthetic
00:18 +66: home-no-choice-neonPurple-1.0x-synthetic
00:18 +67: library-no-choice-neonPurple-1.0x-synthetic
00:18 +68: home-deleted-choice-neonPurple-1.0x-synthetic
00:18 +69: library-deleted-choice-neonPurple-1.0x-synthetic
00:18 +70: home-empty-choice-neonPurple-1.0x-synthetic
00:19 +71: library-empty-choice-neonPurple-1.0x-synthetic
00:19 +72: home-new-user-neonPurple-1.0x-synthetic
00:19 +73: library-new-user-neonPurple-1.0x-synthetic
00:19 +74: home-no-routine-neonPurple-1.0x-synthetic
00:19 +75: library-no-routine-neonPurple-1.0x-synthetic
00:19 +76: home-inactive-return-neonPurple-1.0x-synthetic
00:19 +77: library-inactive-return-neonPurple-1.0x-synthetic
00:19 +78: home-low-data-neonPurple-1.0x-synthetic
00:19 +79: library-low-data-neonPurple-1.0x-synthetic
00:20 +80: home-error-neonPurple-1.0x-synthetic
00:20 +81: library-error-neonPurple-1.0x-synthetic
00:20 +82: home-previous-error-neonPurple-1.0x-synthetic
00:20 +83: library-previous-error-neonPurple-1.0x-synthetic
00:20 +84: home-choice-error-neonPurple-1.0x-synthetic
00:20 +85: library-choice-error-neonPurple-1.0x-synthetic
00:20 +86: home-loading-neonPurple-1.0x-synthetic
00:20 +87: library-loading-neonPurple-1.0x-synthetic
00:20 +88: home-active-chosen-neonPurple-1.0x-synthetic
00:21 +89: library-active-chosen-neonPurple-1.0x-synthetic
00:21 +90: home-active-no-choice-neonPurple-1.0x-synthetic
00:21 +91: library-active-no-choice-neonPurple-1.0x-synthetic
00:21 +92: home-active-no-routine-neonPurple-1.0x-synthetic
00:21 +93: library-active-no-routine-neonPurple-1.0x-synthetic
00:21 +94: home-active-error-neonPurple-1.0x-synthetic
00:21 +95: library-active-error-neonPurple-1.0x-synthetic
00:21 +96: home-chosen-neonPurple-1.6x-synthetic
00:22 +97: library-chosen-neonPurple-1.6x-synthetic
00:22 +98: home-no-choice-neonPurple-1.6x-synthetic
00:22 +99: library-no-choice-neonPurple-1.6x-synthetic
00:23 +100: home-deleted-choice-neonPurple-1.6x-synthetic
00:23 +101: library-deleted-choice-neonPurple-1.6x-synthetic
00:23 +102: home-empty-choice-neonPurple-1.6x-synthetic
00:23 +103: library-empty-choice-neonPurple-1.6x-synthetic
00:23 +104: home-new-user-neonPurple-1.6x-synthetic
00:23 +105: library-new-user-neonPurple-1.6x-synthetic
00:23 +106: home-no-routine-neonPurple-1.6x-synthetic
00:23 +107: library-no-routine-neonPurple-1.6x-synthetic
00:23 +108: home-inactive-return-neonPurple-1.6x-synthetic
00:23 +109: library-inactive-return-neonPurple-1.6x-synthetic
00:24 +110: home-low-data-neonPurple-1.6x-synthetic
00:24 +111: library-low-data-neonPurple-1.6x-synthetic
00:24 +112: home-error-neonPurple-1.6x-synthetic
00:24 +113: library-error-neonPurple-1.6x-synthetic
00:24 +114: home-previous-error-neonPurple-1.6x-synthetic
00:24 +115: library-previous-error-neonPurple-1.6x-synthetic
00:24 +116: home-choice-error-neonPurple-1.6x-synthetic
00:24 +117: library-choice-error-neonPurple-1.6x-synthetic
00:25 +118: home-loading-neonPurple-1.6x-synthetic
00:25 +119: library-loading-neonPurple-1.6x-synthetic
00:25 +120: home-active-chosen-neonPurple-1.6x-synthetic
00:25 +121: library-active-chosen-neonPurple-1.6x-synthetic
00:25 +122: home-active-no-choice-neonPurple-1.6x-synthetic
00:25 +123: library-active-no-choice-neonPurple-1.6x-synthetic
00:25 +124: home-active-no-routine-neonPurple-1.6x-synthetic
00:25 +125: library-active-no-routine-neonPurple-1.6x-synthetic
00:25 +126: home-active-error-neonPurple-1.6x-synthetic
00:26 +127: library-active-error-neonPurple-1.6x-synthetic
00:26 +128: home-chosen-white-1.0x-synthetic
00:26 +129: library-chosen-white-1.0x-synthetic
00:26 +130: home-no-choice-white-1.0x-synthetic
00:27 +131: library-no-choice-white-1.0x-synthetic
00:27 +132: home-deleted-choice-white-1.0x-synthetic
00:27 +133: library-deleted-choice-white-1.0x-synthetic
00:27 +134: home-empty-choice-white-1.0x-synthetic
00:27 +135: library-empty-choice-white-1.0x-synthetic
00:27 +136: home-new-user-white-1.0x-synthetic
00:28 +137: library-new-user-white-1.0x-synthetic
00:28 +138: home-no-routine-white-1.0x-synthetic
00:28 +139: library-no-routine-white-1.0x-synthetic
00:28 +140: home-inactive-return-white-1.0x-synthetic
00:28 +141: library-inactive-return-white-1.0x-synthetic
00:28 +142: home-low-data-white-1.0x-synthetic
00:29 +143: library-low-data-white-1.0x-synthetic
00:29 +144: home-error-white-1.0x-synthetic
00:29 +145: library-error-white-1.0x-synthetic
00:29 +146: home-previous-error-white-1.0x-synthetic
00:29 +147: library-previous-error-white-1.0x-synthetic
00:29 +148: home-choice-error-white-1.0x-synthetic
00:29 +149: library-choice-error-white-1.0x-synthetic
00:29 +150: home-loading-white-1.0x-synthetic
00:30 +151: library-loading-white-1.0x-synthetic
00:30 +152: home-active-chosen-white-1.0x-synthetic
00:30 +153: library-active-chosen-white-1.0x-synthetic
00:30 +154: home-active-no-choice-white-1.0x-synthetic
00:30 +155: library-active-no-choice-white-1.0x-synthetic
00:30 +156: home-active-no-routine-white-1.0x-synthetic
00:30 +157: library-active-no-routine-white-1.0x-synthetic
00:31 +158: home-active-error-white-1.0x-synthetic
00:31 +159: library-active-error-white-1.0x-synthetic
00:31 +160: home-chosen-white-1.6x-synthetic
00:32 +161: library-chosen-white-1.6x-synthetic
00:32 +162: home-no-choice-white-1.6x-synthetic
00:32 +163: library-no-choice-white-1.6x-synthetic
00:32 +164: home-deleted-choice-white-1.6x-synthetic
00:33 +165: library-deleted-choice-white-1.6x-synthetic
00:33 +166: home-empty-choice-white-1.6x-synthetic
00:33 +167: library-empty-choice-white-1.6x-synthetic
00:33 +168: home-new-user-white-1.6x-synthetic
00:33 +169: library-new-user-white-1.6x-synthetic
00:33 +170: home-no-routine-white-1.6x-synthetic
00:33 +171: library-no-routine-white-1.6x-synthetic
00:34 +172: home-inactive-return-white-1.6x-synthetic
00:34 +173: library-inactive-return-white-1.6x-synthetic
00:34 +174: home-low-data-white-1.6x-synthetic
00:34 +175: library-low-data-white-1.6x-synthetic
00:34 +176: home-error-white-1.6x-synthetic
00:34 +177: library-error-white-1.6x-synthetic
00:35 +178: home-previous-error-white-1.6x-synthetic
00:35 +179: library-previous-error-white-1.6x-synthetic
00:35 +180: home-choice-error-white-1.6x-synthetic
00:35 +181: library-choice-error-white-1.6x-synthetic
00:35 +182: home-loading-white-1.6x-synthetic
00:35 +183: library-loading-white-1.6x-synthetic
00:36 +184: home-active-chosen-white-1.6x-synthetic
00:36 +185: library-active-chosen-white-1.6x-synthetic
00:36 +186: home-active-no-choice-white-1.6x-synthetic
00:36 +187: library-active-no-choice-white-1.6x-synthetic
00:36 +188: home-active-no-routine-white-1.6x-synthetic
00:36 +189: library-active-no-routine-white-1.6x-synthetic
00:36 +190: home-active-error-white-1.6x-synthetic
00:37 +191: library-active-error-white-1.6x-synthetic
00:37 +192: home-chosen-neonCyan-1.0x-synthetic
00:38 +193: library-chosen-neonCyan-1.0x-synthetic
00:38 +194: home-no-choice-neonCyan-1.0x-synthetic
00:39 +195: library-no-choice-neonCyan-1.0x-synthetic
00:39 +196: home-deleted-choice-neonCyan-1.0x-synthetic
00:39 +197: library-deleted-choice-neonCyan-1.0x-synthetic
00:39 +198: home-empty-choice-neonCyan-1.0x-synthetic
00:39 +199: library-empty-choice-neonCyan-1.0x-synthetic
00:40 +200: home-new-user-neonCyan-1.0x-synthetic
00:40 +201: library-new-user-neonCyan-1.0x-synthetic
00:40 +202: home-no-routine-neonCyan-1.0x-synthetic
00:40 +203: library-no-routine-neonCyan-1.0x-synthetic
00:40 +204: home-inactive-return-neonCyan-1.0x-synthetic
00:40 +205: library-inactive-return-neonCyan-1.0x-synthetic
00:40 +206: home-low-data-neonCyan-1.0x-synthetic
00:41 +207: library-low-data-neonCyan-1.0x-synthetic
00:41 +208: home-error-neonCyan-1.0x-synthetic
00:41 +209: library-error-neonCyan-1.0x-synthetic
00:41 +210: home-previous-error-neonCyan-1.0x-synthetic
00:41 +211: library-previous-error-neonCyan-1.0x-synthetic
00:41 +212: home-choice-error-neonCyan-1.0x-synthetic
00:42 +213: library-choice-error-neonCyan-1.0x-synthetic
00:42 +214: home-loading-neonCyan-1.0x-synthetic
00:42 +215: library-loading-neonCyan-1.0x-synthetic
00:42 +216: home-active-chosen-neonCyan-1.0x-synthetic
00:42 +217: library-active-chosen-neonCyan-1.0x-synthetic
00:42 +218: home-active-no-choice-neonCyan-1.0x-synthetic
00:42 +219: library-active-no-choice-neonCyan-1.0x-synthetic
00:43 +220: home-active-no-routine-neonCyan-1.0x-synthetic
00:43 +221: library-active-no-routine-neonCyan-1.0x-synthetic
00:43 +222: home-active-error-neonCyan-1.0x-synthetic
00:43 +223: library-active-error-neonCyan-1.0x-synthetic
00:43 +224: home-chosen-neonCyan-1.6x-synthetic
00:44 +225: library-chosen-neonCyan-1.6x-synthetic
00:44 +226: home-no-choice-neonCyan-1.6x-synthetic
00:44 +227: library-no-choice-neonCyan-1.6x-synthetic
00:44 +228: home-deleted-choice-neonCyan-1.6x-synthetic
00:44 +229: library-deleted-choice-neonCyan-1.6x-synthetic
00:45 +230: home-empty-choice-neonCyan-1.6x-synthetic
00:45 +231: library-empty-choice-neonCyan-1.6x-synthetic
00:45 +232: home-new-user-neonCyan-1.6x-synthetic
00:45 +233: library-new-user-neonCyan-1.6x-synthetic
00:45 +234: home-no-routine-neonCyan-1.6x-synthetic
00:45 +235: library-no-routine-neonCyan-1.6x-synthetic
00:45 +236: home-inactive-return-neonCyan-1.6x-synthetic
00:45 +237: library-inactive-return-neonCyan-1.6x-synthetic
00:46 +238: home-low-data-neonCyan-1.6x-synthetic
00:46 +239: library-low-data-neonCyan-1.6x-synthetic
00:46 +240: home-error-neonCyan-1.6x-synthetic
00:46 +241: library-error-neonCyan-1.6x-synthetic
00:46 +242: home-previous-error-neonCyan-1.6x-synthetic
00:46 +243: library-previous-error-neonCyan-1.6x-synthetic
00:46 +244: home-choice-error-neonCyan-1.6x-synthetic
00:47 +245: library-choice-error-neonCyan-1.6x-synthetic
00:47 +246: home-loading-neonCyan-1.6x-synthetic
00:47 +247: library-loading-neonCyan-1.6x-synthetic
00:47 +248: home-active-chosen-neonCyan-1.6x-synthetic
00:47 +249: library-active-chosen-neonCyan-1.6x-synthetic
00:47 +250: home-active-no-choice-neonCyan-1.6x-synthetic
00:47 +251: library-active-no-choice-neonCyan-1.6x-synthetic
00:47 +252: home-active-no-routine-neonCyan-1.6x-synthetic
00:48 +253: library-active-no-routine-neonCyan-1.6x-synthetic
00:48 +254: home-active-error-neonCyan-1.6x-synthetic
00:48 +255: library-active-error-neonCyan-1.6x-synthetic
00:48 +256: home-chosen-neonMagenta-1.0x-synthetic
00:48 +257: library-chosen-neonMagenta-1.0x-synthetic
00:49 +258: home-no-choice-neonMagenta-1.0x-synthetic
00:49 +259: library-no-choice-neonMagenta-1.0x-synthetic
00:49 +260: home-deleted-choice-neonMagenta-1.0x-synthetic
00:49 +261: library-deleted-choice-neonMagenta-1.0x-synthetic
00:49 +262: home-empty-choice-neonMagenta-1.0x-synthetic
00:50 +263: library-empty-choice-neonMagenta-1.0x-synthetic
00:50 +264: home-new-user-neonMagenta-1.0x-synthetic
00:50 +265: library-new-user-neonMagenta-1.0x-synthetic
00:50 +266: home-no-routine-neonMagenta-1.0x-synthetic
00:50 +267: library-no-routine-neonMagenta-1.0x-synthetic
00:50 +268: home-inactive-return-neonMagenta-1.0x-synthetic
00:51 +269: library-inactive-return-neonMagenta-1.0x-synthetic
00:51 +270: home-low-data-neonMagenta-1.0x-synthetic
00:51 +271: library-low-data-neonMagenta-1.0x-synthetic
00:51 +272: home-error-neonMagenta-1.0x-synthetic
00:51 +273: library-error-neonMagenta-1.0x-synthetic
00:52 +274: home-previous-error-neonMagenta-1.0x-synthetic
00:52 +275: library-previous-error-neonMagenta-1.0x-synthetic
00:52 +276: home-choice-error-neonMagenta-1.0x-synthetic
00:52 +277: library-choice-error-neonMagenta-1.0x-synthetic
00:52 +278: home-loading-neonMagenta-1.0x-synthetic
00:53 +279: library-loading-neonMagenta-1.0x-synthetic
00:53 +280: home-active-chosen-neonMagenta-1.0x-synthetic
00:53 +281: library-active-chosen-neonMagenta-1.0x-synthetic
00:54 +282: home-active-no-choice-neonMagenta-1.0x-synthetic
00:54 +283: library-active-no-choice-neonMagenta-1.0x-synthetic
00:54 +284: home-active-no-routine-neonMagenta-1.0x-synthetic
00:54 +285: library-active-no-routine-neonMagenta-1.0x-synthetic
00:55 +286: home-active-error-neonMagenta-1.0x-synthetic
00:55 +287: library-active-error-neonMagenta-1.0x-synthetic
00:55 +288: home-chosen-neonMagenta-1.6x-synthetic
00:56 +289: library-chosen-neonMagenta-1.6x-synthetic
00:56 +290: home-no-choice-neonMagenta-1.6x-synthetic
00:56 +291: library-no-choice-neonMagenta-1.6x-synthetic
00:56 +292: home-deleted-choice-neonMagenta-1.6x-synthetic
00:56 +293: library-deleted-choice-neonMagenta-1.6x-synthetic
00:56 +294: home-empty-choice-neonMagenta-1.6x-synthetic
00:57 +295: library-empty-choice-neonMagenta-1.6x-synthetic
00:57 +296: home-new-user-neonMagenta-1.6x-synthetic
00:57 +297: library-new-user-neonMagenta-1.6x-synthetic
00:57 +298: home-no-routine-neonMagenta-1.6x-synthetic
00:57 +299: library-no-routine-neonMagenta-1.6x-synthetic
00:57 +300: home-inactive-return-neonMagenta-1.6x-synthetic
00:57 +301: library-inactive-return-neonMagenta-1.6x-synthetic
00:57 +302: home-low-data-neonMagenta-1.6x-synthetic
00:58 +303: library-low-data-neonMagenta-1.6x-synthetic
00:58 +304: home-error-neonMagenta-1.6x-synthetic
00:58 +305: library-error-neonMagenta-1.6x-synthetic
00:58 +306: home-previous-error-neonMagenta-1.6x-synthetic
00:58 +307: library-previous-error-neonMagenta-1.6x-synthetic
00:59 +308: home-choice-error-neonMagenta-1.6x-synthetic
00:59 +309: library-choice-error-neonMagenta-1.6x-synthetic
00:59 +310: home-loading-neonMagenta-1.6x-synthetic
00:59 +311: library-loading-neonMagenta-1.6x-synthetic
00:59 +312: home-active-chosen-neonMagenta-1.6x-synthetic
00:59 +313: library-active-chosen-neonMagenta-1.6x-synthetic
01:00 +314: home-active-no-choice-neonMagenta-1.6x-synthetic
01:00 +315: library-active-no-choice-neonMagenta-1.6x-synthetic
01:00 +316: home-active-no-routine-neonMagenta-1.6x-synthetic
01:00 +317: library-active-no-routine-neonMagenta-1.6x-synthetic
01:00 +318: home-active-error-neonMagenta-1.6x-synthetic
01:00 +319: library-active-error-neonMagenta-1.6x-synthetic
01:00 +320: home-chosen-blazeOrange-1.0x-synthetic
01:01 +321: library-chosen-blazeOrange-1.0x-synthetic
01:01 +322: home-no-choice-blazeOrange-1.0x-synthetic
01:01 +323: library-no-choice-blazeOrange-1.0x-synthetic
01:01 +324: home-deleted-choice-blazeOrange-1.0x-synthetic
01:01 +325: library-deleted-choice-blazeOrange-1.0x-synthetic
01:01 +326: home-empty-choice-blazeOrange-1.0x-synthetic
01:02 +327: library-empty-choice-blazeOrange-1.0x-synthetic
01:02 +328: home-new-user-blazeOrange-1.0x-synthetic
01:02 +329: library-new-user-blazeOrange-1.0x-synthetic
01:02 +330: home-no-routine-blazeOrange-1.0x-synthetic
01:02 +331: library-no-routine-blazeOrange-1.0x-synthetic
01:02 +332: home-inactive-return-blazeOrange-1.0x-synthetic
01:02 +333: library-inactive-return-blazeOrange-1.0x-synthetic
01:03 +334: home-low-data-blazeOrange-1.0x-synthetic
01:03 +335: library-low-data-blazeOrange-1.0x-synthetic
01:03 +336: home-error-blazeOrange-1.0x-synthetic
01:03 +337: library-error-blazeOrange-1.0x-synthetic
01:03 +338: home-previous-error-blazeOrange-1.0x-synthetic
01:03 +339: library-previous-error-blazeOrange-1.0x-synthetic
01:03 +340: home-choice-error-blazeOrange-1.0x-synthetic
01:03 +341: library-choice-error-blazeOrange-1.0x-synthetic
01:04 +342: home-loading-blazeOrange-1.0x-synthetic
01:04 +343: library-loading-blazeOrange-1.0x-synthetic
01:04 +344: home-active-chosen-blazeOrange-1.0x-synthetic
01:04 +345: library-active-chosen-blazeOrange-1.0x-synthetic
01:04 +346: home-active-no-choice-blazeOrange-1.0x-synthetic
01:04 +347: library-active-no-choice-blazeOrange-1.0x-synthetic
01:04 +348: home-active-no-routine-blazeOrange-1.0x-synthetic
01:04 +349: library-active-no-routine-blazeOrange-1.0x-synthetic
01:04 +350: home-active-error-blazeOrange-1.0x-synthetic
01:05 +351: library-active-error-blazeOrange-1.0x-synthetic
01:05 +352: home-chosen-blazeOrange-1.6x-synthetic
01:06 +353: library-chosen-blazeOrange-1.6x-synthetic
01:07 +354: home-no-choice-blazeOrange-1.6x-synthetic
01:07 +355: library-no-choice-blazeOrange-1.6x-synthetic
01:07 +356: home-deleted-choice-blazeOrange-1.6x-synthetic
01:07 +357: library-deleted-choice-blazeOrange-1.6x-synthetic
01:07 +358: home-empty-choice-blazeOrange-1.6x-synthetic
01:08 +359: library-empty-choice-blazeOrange-1.6x-synthetic
01:08 +360: home-new-user-blazeOrange-1.6x-synthetic
01:08 +361: library-new-user-blazeOrange-1.6x-synthetic
01:08 +362: home-no-routine-blazeOrange-1.6x-synthetic
01:08 +363: library-no-routine-blazeOrange-1.6x-synthetic
01:08 +364: home-inactive-return-blazeOrange-1.6x-synthetic
01:09 +365: library-inactive-return-blazeOrange-1.6x-synthetic
01:09 +366: home-low-data-blazeOrange-1.6x-synthetic
01:09 +367: library-low-data-blazeOrange-1.6x-synthetic
01:09 +368: home-error-blazeOrange-1.6x-synthetic
01:10 +369: library-error-blazeOrange-1.6x-synthetic
01:10 +370: home-previous-error-blazeOrange-1.6x-synthetic
01:10 +371: library-previous-error-blazeOrange-1.6x-synthetic
01:10 +372: home-choice-error-blazeOrange-1.6x-synthetic
01:10 +373: library-choice-error-blazeOrange-1.6x-synthetic
01:11 +374: home-loading-blazeOrange-1.6x-synthetic
01:11 +375: library-loading-blazeOrange-1.6x-synthetic
01:11 +376: home-active-chosen-blazeOrange-1.6x-synthetic
01:11 +377: library-active-chosen-blazeOrange-1.6x-synthetic
01:11 +378: home-active-no-choice-blazeOrange-1.6x-synthetic
01:12 +379: library-active-no-choice-blazeOrange-1.6x-synthetic
01:12 +380: home-active-no-routine-blazeOrange-1.6x-synthetic
01:12 +381: library-active-no-routine-blazeOrange-1.6x-synthetic
01:12 +382: home-active-error-blazeOrange-1.6x-synthetic
01:12 +383: library-active-error-blazeOrange-1.6x-synthetic
01:12 +384: (tearDownAll)
01:12 +384: All tests passed!
