00:00 +0: loading C:/Users/Atharva Patil/Documents/projects/gymlog/test/upgrade/session_2_acceptance_render_test.dart
00:00 +0: (setUpAll)
00:00 +0: home-chosen-higgsfield-1.0x-synthetic
00:01 +1: library-chosen-higgsfield-1.0x-synthetic
00:01 +2: home-no-choice-higgsfield-1.0x-synthetic
00:01 +3: library-no-choice-higgsfield-1.0x-synthetic
00:01 +4: home-deleted-choice-higgsfield-1.0x-synthetic
00:01 +5: library-deleted-choice-higgsfield-1.0x-synthetic
00:02 +6: home-empty-choice-higgsfield-1.0x-synthetic
00:02 +7: library-empty-choice-higgsfield-1.0x-synthetic
00:02 +8: home-new-user-higgsfield-1.0x-synthetic
00:02 +9: library-new-user-higgsfield-1.0x-synthetic
00:02 +10: home-no-routine-higgsfield-1.0x-synthetic
00:02 +11: library-no-routine-higgsfield-1.0x-synthetic
00:02 +12: home-inactive-return-higgsfield-1.0x-synthetic
00:02 +13: library-inactive-return-higgsfield-1.0x-synthetic
00:03 +14: home-low-data-higgsfield-1.0x-synthetic
00:03 +15: library-low-data-higgsfield-1.0x-synthetic
00:03 +16: home-error-higgsfield-1.0x-synthetic
00:03 +17: library-error-higgsfield-1.0x-synthetic
00:03 +18: home-previous-error-higgsfield-1.0x-synthetic
00:03 +19: library-previous-error-higgsfield-1.0x-synthetic
00:04 +20: home-choice-error-higgsfield-1.0x-synthetic
00:04 +21: library-choice-error-higgsfield-1.0x-synthetic
00:04 +22: home-loading-higgsfield-1.0x-synthetic
00:04 +23: library-loading-higgsfield-1.0x-synthetic
00:04 +24: home-chosen-higgsfield-1.6x-synthetic
00:05 +25: library-chosen-higgsfield-1.6x-synthetic
00:05 +26: home-no-choice-higgsfield-1.6x-synthetic
00:05 +27: library-no-choice-higgsfield-1.6x-synthetic
00:05 +28: home-deleted-choice-higgsfield-1.6x-synthetic
00:05 +29: library-deleted-choice-higgsfield-1.6x-synthetic
00:05 +30: home-empty-choice-higgsfield-1.6x-synthetic
00:06 +31: library-empty-choice-higgsfield-1.6x-synthetic
00:06 +32: home-new-user-higgsfield-1.6x-synthetic
00:06 +33: library-new-user-higgsfield-1.6x-synthetic
00:06 +34: home-no-routine-higgsfield-1.6x-synthetic
00:06 +35: library-no-routine-higgsfield-1.6x-synthetic
00:06 +36: home-inactive-return-higgsfield-1.6x-synthetic
00:06 +37: library-inactive-return-higgsfield-1.6x-synthetic
00:07 +38: home-low-data-higgsfield-1.6x-synthetic
00:07 +39: library-low-data-higgsfield-1.6x-synthetic
00:07 +40: home-error-higgsfield-1.6x-synthetic
00:07 +41: library-error-higgsfield-1.6x-synthetic
00:07 +42: home-previous-error-higgsfield-1.6x-synthetic
00:07 +43: library-previous-error-higgsfield-1.6x-synthetic
00:07 +44: home-choice-error-higgsfield-1.6x-synthetic
00:08 +45: library-choice-error-higgsfield-1.6x-synthetic
00:08 +46: home-loading-higgsfield-1.6x-synthetic
00:08 +47: library-loading-higgsfield-1.6x-synthetic
00:08 +48: home-chosen-neonPurple-1.0x-synthetic
00:08 +49: library-chosen-neonPurple-1.0x-synthetic
00:08 +50: home-no-choice-neonPurple-1.0x-synthetic
00:08 +51: library-no-choice-neonPurple-1.0x-synthetic
00:09 +52: home-deleted-choice-neonPurple-1.0x-synthetic
00:09 +53: library-deleted-choice-neonPurple-1.0x-synthetic
00:09 +54: home-empty-choice-neonPurple-1.0x-synthetic
00:09 +55: library-empty-choice-neonPurple-1.0x-synthetic
00:09 +56: home-new-user-neonPurple-1.0x-synthetic
00:09 +57: library-new-user-neonPurple-1.0x-synthetic
00:09 +58: home-no-routine-neonPurple-1.0x-synthetic
00:09 +59: library-no-routine-neonPurple-1.0x-synthetic
00:10 +60: home-inactive-return-neonPurple-1.0x-synthetic
00:10 +61: library-inactive-return-neonPurple-1.0x-synthetic
00:10 +62: home-low-data-neonPurple-1.0x-synthetic
00:10 +63: library-low-data-neonPurple-1.0x-synthetic
00:10 +64: home-error-neonPurple-1.0x-synthetic
00:10 +65: library-error-neonPurple-1.0x-synthetic
00:10 +66: home-previous-error-neonPurple-1.0x-synthetic
00:11 +67: library-previous-error-neonPurple-1.0x-synthetic
00:11 +68: home-choice-error-neonPurple-1.0x-synthetic
00:11 +69: library-choice-error-neonPurple-1.0x-synthetic
00:11 +70: home-loading-neonPurple-1.0x-synthetic
00:11 +71: library-loading-neonPurple-1.0x-synthetic
00:11 +72: home-chosen-neonPurple-1.6x-synthetic
00:12 +73: library-chosen-neonPurple-1.6x-synthetic
00:12 +74: home-no-choice-neonPurple-1.6x-synthetic
00:12 +75: library-no-choice-neonPurple-1.6x-synthetic
00:12 +76: home-deleted-choice-neonPurple-1.6x-synthetic
00:12 +77: library-deleted-choice-neonPurple-1.6x-synthetic
00:12 +78: home-empty-choice-neonPurple-1.6x-synthetic
00:12 +79: library-empty-choice-neonPurple-1.6x-synthetic
00:12 +80: home-new-user-neonPurple-1.6x-synthetic
00:12 +81: library-new-user-neonPurple-1.6x-synthetic
00:13 +82: home-no-routine-neonPurple-1.6x-synthetic
00:13 +83: library-no-routine-neonPurple-1.6x-synthetic
00:13 +84: home-inactive-return-neonPurple-1.6x-synthetic
00:13 +85: library-inactive-return-neonPurple-1.6x-synthetic
00:13 +86: home-low-data-neonPurple-1.6x-synthetic
00:13 +87: library-low-data-neonPurple-1.6x-synthetic
00:13 +88: home-error-neonPurple-1.6x-synthetic
00:13 +89: library-error-neonPurple-1.6x-synthetic
00:13 +90: home-previous-error-neonPurple-1.6x-synthetic
00:14 +91: library-previous-error-neonPurple-1.6x-synthetic
00:14 +92: home-choice-error-neonPurple-1.6x-synthetic
00:14 +93: library-choice-error-neonPurple-1.6x-synthetic
00:14 +94: home-loading-neonPurple-1.6x-synthetic
00:14 +95: library-loading-neonPurple-1.6x-synthetic
00:14 +96: home-chosen-white-1.0x-synthetic
00:14 +97: library-chosen-white-1.0x-synthetic
00:14 +98: home-no-choice-white-1.0x-synthetic
00:15 +99: library-no-choice-white-1.0x-synthetic
00:15 +100: home-deleted-choice-white-1.0x-synthetic
00:15 +101: library-deleted-choice-white-1.0x-synthetic
00:15 +102: home-empty-choice-white-1.0x-synthetic
00:15 +103: library-empty-choice-white-1.0x-synthetic
00:15 +104: home-new-user-white-1.0x-synthetic
00:15 +105: library-new-user-white-1.0x-synthetic
00:15 +106: home-no-routine-white-1.0x-synthetic
00:15 +107: library-no-routine-white-1.0x-synthetic
00:16 +108: home-inactive-return-white-1.0x-synthetic
00:16 +109: library-inactive-return-white-1.0x-synthetic
00:16 +110: home-low-data-white-1.0x-synthetic
00:16 +111: library-low-data-white-1.0x-synthetic
00:16 +112: home-error-white-1.0x-synthetic
00:16 +113: library-error-white-1.0x-synthetic
00:16 +114: home-previous-error-white-1.0x-synthetic
00:16 +115: library-previous-error-white-1.0x-synthetic
00:17 +116: home-choice-error-white-1.0x-synthetic
00:17 +117: library-choice-error-white-1.0x-synthetic
00:17 +118: home-loading-white-1.0x-synthetic
00:17 +119: library-loading-white-1.0x-synthetic
00:17 +120: home-chosen-white-1.6x-synthetic
00:17 +121: library-chosen-white-1.6x-synthetic
00:17 +122: home-no-choice-white-1.6x-synthetic
00:18 +123: library-no-choice-white-1.6x-synthetic
00:18 +124: home-deleted-choice-white-1.6x-synthetic
00:18 +125: library-deleted-choice-white-1.6x-synthetic
00:18 +126: home-empty-choice-white-1.6x-synthetic
00:18 +127: library-empty-choice-white-1.6x-synthetic
00:18 +128: home-new-user-white-1.6x-synthetic
00:18 +129: library-new-user-white-1.6x-synthetic
00:18 +130: home-no-routine-white-1.6x-synthetic
00:19 +131: library-no-routine-white-1.6x-synthetic
00:19 +132: home-inactive-return-white-1.6x-synthetic
00:19 +133: library-inactive-return-white-1.6x-synthetic
00:19 +134: home-low-data-white-1.6x-synthetic
00:19 +135: library-low-data-white-1.6x-synthetic
00:19 +136: home-error-white-1.6x-synthetic
00:19 +137: library-error-white-1.6x-synthetic
00:19 +138: home-previous-error-white-1.6x-synthetic
00:19 +139: library-previous-error-white-1.6x-synthetic
00:20 +140: home-choice-error-white-1.6x-synthetic
00:20 +141: library-choice-error-white-1.6x-synthetic
00:20 +142: home-loading-white-1.6x-synthetic
00:20 +143: library-loading-white-1.6x-synthetic
00:20 +144: home-chosen-neonCyan-1.0x-synthetic
00:20 +145: library-chosen-neonCyan-1.0x-synthetic
00:20 +146: home-no-choice-neonCyan-1.0x-synthetic
00:21 +147: library-no-choice-neonCyan-1.0x-synthetic
00:21 +148: home-deleted-choice-neonCyan-1.0x-synthetic
00:21 +149: library-deleted-choice-neonCyan-1.0x-synthetic
00:21 +150: home-empty-choice-neonCyan-1.0x-synthetic
00:21 +151: library-empty-choice-neonCyan-1.0x-synthetic
00:21 +152: home-new-user-neonCyan-1.0x-synthetic
00:21 +153: library-new-user-neonCyan-1.0x-synthetic
00:21 +154: home-no-routine-neonCyan-1.0x-synthetic
00:21 +155: library-no-routine-neonCyan-1.0x-synthetic
00:21 +156: home-inactive-return-neonCyan-1.0x-synthetic
00:22 +157: library-inactive-return-neonCyan-1.0x-synthetic
00:22 +158: home-low-data-neonCyan-1.0x-synthetic
00:22 +159: library-low-data-neonCyan-1.0x-synthetic
00:22 +160: home-error-neonCyan-1.0x-synthetic
00:22 +161: library-error-neonCyan-1.0x-synthetic
00:22 +162: home-previous-error-neonCyan-1.0x-synthetic
00:22 +163: library-previous-error-neonCyan-1.0x-synthetic
00:22 +164: home-choice-error-neonCyan-1.0x-synthetic
00:22 +165: library-choice-error-neonCyan-1.0x-synthetic
00:22 +166: home-loading-neonCyan-1.0x-synthetic
00:23 +167: library-loading-neonCyan-1.0x-synthetic
00:23 +168: home-chosen-neonCyan-1.6x-synthetic
00:23 +169: library-chosen-neonCyan-1.6x-synthetic
00:23 +170: home-no-choice-neonCyan-1.6x-synthetic
00:23 +171: library-no-choice-neonCyan-1.6x-synthetic
00:23 +172: home-deleted-choice-neonCyan-1.6x-synthetic
00:23 +173: library-deleted-choice-neonCyan-1.6x-synthetic
00:23 +174: home-empty-choice-neonCyan-1.6x-synthetic
00:23 +175: library-empty-choice-neonCyan-1.6x-synthetic
00:24 +176: home-new-user-neonCyan-1.6x-synthetic
00:24 +177: library-new-user-neonCyan-1.6x-synthetic
00:24 +178: home-no-routine-neonCyan-1.6x-synthetic
00:24 +179: library-no-routine-neonCyan-1.6x-synthetic
00:24 +180: home-inactive-return-neonCyan-1.6x-synthetic
00:24 +181: library-inactive-return-neonCyan-1.6x-synthetic
00:24 +182: home-low-data-neonCyan-1.6x-synthetic
00:24 +183: library-low-data-neonCyan-1.6x-synthetic
00:24 +184: home-error-neonCyan-1.6x-synthetic
00:24 +185: library-error-neonCyan-1.6x-synthetic
00:25 +186: home-previous-error-neonCyan-1.6x-synthetic
00:25 +187: library-previous-error-neonCyan-1.6x-synthetic
00:25 +188: home-choice-error-neonCyan-1.6x-synthetic
00:25 +189: library-choice-error-neonCyan-1.6x-synthetic
00:25 +190: home-loading-neonCyan-1.6x-synthetic
00:25 +191: library-loading-neonCyan-1.6x-synthetic
00:25 +192: home-chosen-neonMagenta-1.0x-synthetic
00:25 +193: library-chosen-neonMagenta-1.0x-synthetic
00:25 +194: home-no-choice-neonMagenta-1.0x-synthetic
00:26 +195: library-no-choice-neonMagenta-1.0x-synthetic
00:26 +196: home-deleted-choice-neonMagenta-1.0x-synthetic
00:26 +197: library-deleted-choice-neonMagenta-1.0x-synthetic
00:26 +198: home-empty-choice-neonMagenta-1.0x-synthetic
00:26 +199: library-empty-choice-neonMagenta-1.0x-synthetic
00:26 +200: home-new-user-neonMagenta-1.0x-synthetic
00:26 +201: library-new-user-neonMagenta-1.0x-synthetic
00:26 +202: home-no-routine-neonMagenta-1.0x-synthetic
00:26 +203: library-no-routine-neonMagenta-1.0x-synthetic
00:27 +204: home-inactive-return-neonMagenta-1.0x-synthetic
00:27 +205: library-inactive-return-neonMagenta-1.0x-synthetic
00:27 +206: home-low-data-neonMagenta-1.0x-synthetic
00:27 +207: library-low-data-neonMagenta-1.0x-synthetic
00:27 +208: home-error-neonMagenta-1.0x-synthetic
00:27 +209: library-error-neonMagenta-1.0x-synthetic
00:27 +210: home-previous-error-neonMagenta-1.0x-synthetic
00:27 +211: library-previous-error-neonMagenta-1.0x-synthetic
00:27 +212: home-choice-error-neonMagenta-1.0x-synthetic
00:27 +213: library-choice-error-neonMagenta-1.0x-synthetic
00:28 +214: home-loading-neonMagenta-1.0x-synthetic
00:28 +215: library-loading-neonMagenta-1.0x-synthetic
00:28 +216: home-chosen-neonMagenta-1.6x-synthetic
00:28 +217: library-chosen-neonMagenta-1.6x-synthetic
00:28 +218: home-no-choice-neonMagenta-1.6x-synthetic
00:28 +219: library-no-choice-neonMagenta-1.6x-synthetic
00:28 +220: home-deleted-choice-neonMagenta-1.6x-synthetic
00:28 +221: library-deleted-choice-neonMagenta-1.6x-synthetic
00:28 +222: home-empty-choice-neonMagenta-1.6x-synthetic
00:28 +223: library-empty-choice-neonMagenta-1.6x-synthetic
00:29 +224: home-new-user-neonMagenta-1.6x-synthetic
00:29 +225: library-new-user-neonMagenta-1.6x-synthetic
00:29 +226: home-no-routine-neonMagenta-1.6x-synthetic
00:29 +227: library-no-routine-neonMagenta-1.6x-synthetic
00:29 +228: home-inactive-return-neonMagenta-1.6x-synthetic
00:29 +229: library-inactive-return-neonMagenta-1.6x-synthetic
00:29 +230: home-low-data-neonMagenta-1.6x-synthetic
00:29 +231: library-low-data-neonMagenta-1.6x-synthetic
00:29 +232: home-error-neonMagenta-1.6x-synthetic
00:29 +233: library-error-neonMagenta-1.6x-synthetic
00:30 +234: home-previous-error-neonMagenta-1.6x-synthetic
00:30 +235: library-previous-error-neonMagenta-1.6x-synthetic
00:30 +236: home-choice-error-neonMagenta-1.6x-synthetic
00:30 +237: library-choice-error-neonMagenta-1.6x-synthetic
00:30 +238: home-loading-neonMagenta-1.6x-synthetic
00:30 +239: library-loading-neonMagenta-1.6x-synthetic
00:30 +240: home-chosen-blazeOrange-1.0x-synthetic
00:30 +241: library-chosen-blazeOrange-1.0x-synthetic
00:30 +242: home-no-choice-blazeOrange-1.0x-synthetic
00:31 +243: library-no-choice-blazeOrange-1.0x-synthetic
00:31 +244: home-deleted-choice-blazeOrange-1.0x-synthetic
00:31 +245: library-deleted-choice-blazeOrange-1.0x-synthetic
00:31 +246: home-empty-choice-blazeOrange-1.0x-synthetic
00:31 +247: library-empty-choice-blazeOrange-1.0x-synthetic
00:31 +248: home-new-user-blazeOrange-1.0x-synthetic
00:31 +249: library-new-user-blazeOrange-1.0x-synthetic
00:31 +250: home-no-routine-blazeOrange-1.0x-synthetic
00:31 +251: library-no-routine-blazeOrange-1.0x-synthetic
00:31 +252: home-inactive-return-blazeOrange-1.0x-synthetic
00:32 +253: library-inactive-return-blazeOrange-1.0x-synthetic
00:32 +254: home-low-data-blazeOrange-1.0x-synthetic
00:32 +255: library-low-data-blazeOrange-1.0x-synthetic
00:32 +256: home-error-blazeOrange-1.0x-synthetic
00:32 +257: library-error-blazeOrange-1.0x-synthetic
00:32 +258: home-previous-error-blazeOrange-1.0x-synthetic
00:32 +259: library-previous-error-blazeOrange-1.0x-synthetic
00:32 +260: home-choice-error-blazeOrange-1.0x-synthetic
00:32 +261: library-choice-error-blazeOrange-1.0x-synthetic
00:32 +262: home-loading-blazeOrange-1.0x-synthetic
00:33 +263: library-loading-blazeOrange-1.0x-synthetic
00:33 +264: home-chosen-blazeOrange-1.6x-synthetic
00:33 +265: library-chosen-blazeOrange-1.6x-synthetic
00:33 +266: home-no-choice-blazeOrange-1.6x-synthetic
00:33 +267: library-no-choice-blazeOrange-1.6x-synthetic
00:33 +268: home-deleted-choice-blazeOrange-1.6x-synthetic
00:33 +269: library-deleted-choice-blazeOrange-1.6x-synthetic
00:33 +270: home-empty-choice-blazeOrange-1.6x-synthetic
00:34 +271: library-empty-choice-blazeOrange-1.6x-synthetic
00:34 +272: home-new-user-blazeOrange-1.6x-synthetic
00:34 +273: library-new-user-blazeOrange-1.6x-synthetic
00:34 +274: home-no-routine-blazeOrange-1.6x-synthetic
00:34 +275: library-no-routine-blazeOrange-1.6x-synthetic
00:34 +276: home-inactive-return-blazeOrange-1.6x-synthetic
00:34 +277: library-inactive-return-blazeOrange-1.6x-synthetic
00:34 +278: home-low-data-blazeOrange-1.6x-synthetic
00:34 +279: library-low-data-blazeOrange-1.6x-synthetic
00:34 +280: home-error-blazeOrange-1.6x-synthetic
00:34 +281: library-error-blazeOrange-1.6x-synthetic
00:35 +282: home-previous-error-blazeOrange-1.6x-synthetic
00:35 +283: library-previous-error-blazeOrange-1.6x-synthetic
00:35 +284: home-choice-error-blazeOrange-1.6x-synthetic
00:35 +285: library-choice-error-blazeOrange-1.6x-synthetic
00:35 +286: home-loading-blazeOrange-1.6x-synthetic
00:35 +287: library-loading-blazeOrange-1.6x-synthetic
00:35 +288: (tearDownAll)
00:35 +288: All tests passed!
