00:00 +0: loading C:/Users/Atharva Patil/AppData/Local/Temp/gymlog-session-1-e59da5b148c9422eb5b38291499006f6/test/upgrade/session_1_render_test.dart
00:00 +0: (setUpAll)
00:00 +0: share-duration-monument-higgsfield-1.0x-synthetic
00:00 +1: share-duration-technical-higgsfield-1.0x-synthetic
00:00 +2: share-duration-sticker-higgsfield-1.0x-synthetic
00:00 +3: share-duration-monument-higgsfield-1.6x-synthetic
00:00 +4: share-duration-technical-higgsfield-1.6x-synthetic
00:00 +5: share-duration-sticker-higgsfield-1.6x-synthetic
00:00 +6: share-duration-monument-neonPurple-1.0x-synthetic
00:00 +7: share-duration-technical-neonPurple-1.0x-synthetic
00:00 +8: share-duration-sticker-neonPurple-1.0x-synthetic
00:01 +9: share-duration-monument-neonPurple-1.6x-synthetic
00:01 +10: share-duration-technical-neonPurple-1.6x-synthetic
00:01 +11: share-duration-sticker-neonPurple-1.6x-synthetic
00:01 +12: (tearDownAll)
00:01 +12: All tests passed!
00:00 +0: loading C:/Users/Atharva Patil/AppData/Local/Temp/gymlog-session-1-e59da5b148c9422eb5b38291499006f6/test/upgrade/session_1_render_test.dart
00:00 +0: (setUpAll)
00:00 +0: share-distance-monument-higgsfield-1.0x-synthetic
00:00 +1: share-distance-technical-higgsfield-1.0x-synthetic
00:00 +2: share-distance-sticker-higgsfield-1.0x-synthetic
00:00 +3: share-distance-monument-higgsfield-1.6x-synthetic
00:00 +4: share-distance-technical-higgsfield-1.6x-synthetic
00:00 +5: share-distance-sticker-higgsfield-1.6x-synthetic
00:00 +6: share-distance-monument-neonPurple-1.0x-synthetic
00:00 +7: share-distance-technical-neonPurple-1.0x-synthetic
00:00 +8: share-distance-sticker-neonPurple-1.0x-synthetic
00:00 +9: share-distance-monument-neonPurple-1.6x-synthetic
00:01 +10: share-distance-technical-neonPurple-1.6x-synthetic
00:01 +11: share-distance-sticker-neonPurple-1.6x-synthetic
00:01 +12: (tearDownAll)
00:01 +12: All tests passed!
