00:00 +0: loading C:/Users/Atharva Patil/AppData/Local/Temp/gymlog-session-2-isolated-_7ofw15r/test/upgrade/session_2_acceptance_render_test.dart
00:00 +0: (setUpAll)
00:00 +0: home-chosen-higgsfield-1.0x-synthetic
00:05 +1: library-chosen-higgsfield-1.0x-synthetic
00:06 +2: home-no-choice-higgsfield-1.0x-synthetic
00:07 +3: library-no-choice-higgsfield-1.0x-synthetic
00:07 +4: home-deleted-choice-higgsfield-1.0x-synthetic
00:08 +5: library-deleted-choice-higgsfield-1.0x-synthetic
00:08 +6: home-empty-choice-higgsfield-1.0x-synthetic
00:09 +7: library-empty-choice-higgsfield-1.0x-synthetic
00:09 +8: home-new-user-higgsfield-1.0x-synthetic
00:10 +9: library-new-user-higgsfield-1.0x-synthetic
00:10 +10: home-no-routine-higgsfield-1.0x-synthetic
00:11 +11: library-no-routine-higgsfield-1.0x-synthetic
00:11 +12: home-inactive-return-higgsfield-1.0x-synthetic
00:11 +13: library-inactive-return-higgsfield-1.0x-synthetic
00:12 +14: home-low-data-higgsfield-1.0x-synthetic
00:12 +15: library-low-data-higgsfield-1.0x-synthetic
00:13 +16: home-error-higgsfield-1.0x-synthetic
00:13 +17: library-error-higgsfield-1.0x-synthetic
00:14 +18: home-previous-error-higgsfield-1.0x-synthetic
00:14 +19: library-previous-error-higgsfield-1.0x-synthetic
00:15 +20: home-choice-error-higgsfield-1.0x-synthetic
00:15 +21: library-choice-error-higgsfield-1.0x-synthetic
00:16 +22: home-loading-higgsfield-1.0x-synthetic
00:16 +23: library-loading-higgsfield-1.0x-synthetic
00:16 +24: home-active-chosen-higgsfield-1.0x-synthetic
00:17 +25: library-active-chosen-higgsfield-1.0x-synthetic
00:17 +26: home-active-no-choice-higgsfield-1.0x-synthetic
00:18 +27: library-active-no-choice-higgsfield-1.0x-synthetic
00:18 +28: home-active-no-routine-higgsfield-1.0x-synthetic
00:18 +29: library-active-no-routine-higgsfield-1.0x-synthetic
00:19 +30: home-active-error-higgsfield-1.0x-synthetic
00:19 +31: library-active-error-higgsfield-1.0x-synthetic
00:19 +32: home-active-deleted-choice-higgsfield-1.0x-synthetic
00:19 +33: library-active-deleted-choice-higgsfield-1.0x-synthetic
00:20 +34: home-active-empty-choice-higgsfield-1.0x-synthetic
00:20 +35: library-active-empty-choice-higgsfield-1.0x-synthetic
00:21 +36: home-active-choice-error-higgsfield-1.0x-synthetic
00:21 +37: library-active-choice-error-higgsfield-1.0x-synthetic
00:22 +38: home-chosen-higgsfield-1.6x-synthetic
00:24 +39: library-chosen-higgsfield-1.6x-synthetic
00:25 +40: home-no-choice-higgsfield-1.6x-synthetic
00:25 +41: library-no-choice-higgsfield-1.6x-synthetic
00:26 +42: home-deleted-choice-higgsfield-1.6x-synthetic
00:26 +43: library-deleted-choice-higgsfield-1.6x-synthetic
00:26 +44: home-empty-choice-higgsfield-1.6x-synthetic
00:27 +45: library-empty-choice-higgsfield-1.6x-synthetic
00:27 +46: home-new-user-higgsfield-1.6x-synthetic
00:27 +47: library-new-user-higgsfield-1.6x-synthetic
00:28 +48: home-no-routine-higgsfield-1.6x-synthetic
00:28 +49: library-no-routine-higgsfield-1.6x-synthetic
00:28 +50: home-inactive-return-higgsfield-1.6x-synthetic
00:29 +51: library-inactive-return-higgsfield-1.6x-synthetic
00:29 +52: home-low-data-higgsfield-1.6x-synthetic
00:30 +53: library-low-data-higgsfield-1.6x-synthetic
00:30 +54: home-error-higgsfield-1.6x-synthetic
00:30 +55: library-error-higgsfield-1.6x-synthetic
00:31 +56: home-previous-error-higgsfield-1.6x-synthetic
00:31 +57: library-previous-error-higgsfield-1.6x-synthetic
00:32 +58: home-choice-error-higgsfield-1.6x-synthetic
00:32 +59: library-choice-error-higgsfield-1.6x-synthetic
00:32 +60: home-loading-higgsfield-1.6x-synthetic
00:33 +61: library-loading-higgsfield-1.6x-synthetic
00:33 +62: home-active-chosen-higgsfield-1.6x-synthetic
00:33 +63: library-active-chosen-higgsfield-1.6x-synthetic
00:34 +64: home-active-no-choice-higgsfield-1.6x-synthetic
00:34 +65: library-active-no-choice-higgsfield-1.6x-synthetic
00:34 +66: home-active-no-routine-higgsfield-1.6x-synthetic
00:35 +67: library-active-no-routine-higgsfield-1.6x-synthetic
00:35 +68: home-active-error-higgsfield-1.6x-synthetic
00:35 +69: library-active-error-higgsfield-1.6x-synthetic
00:35 +70: home-active-deleted-choice-higgsfield-1.6x-synthetic
00:36 +71: library-active-deleted-choice-higgsfield-1.6x-synthetic
00:36 +72: home-active-empty-choice-higgsfield-1.6x-synthetic
00:37 +73: library-active-empty-choice-higgsfield-1.6x-synthetic
00:37 +74: home-active-choice-error-higgsfield-1.6x-synthetic
00:37 +75: library-active-choice-error-higgsfield-1.6x-synthetic
00:38 +76: home-chosen-neonPurple-1.0x-synthetic
00:40 +77: library-chosen-neonPurple-1.0x-synthetic
00:40 +78: home-no-choice-neonPurple-1.0x-synthetic
00:40 +79: library-no-choice-neonPurple-1.0x-synthetic
00:41 +80: home-deleted-choice-neonPurple-1.0x-synthetic
00:41 +81: library-deleted-choice-neonPurple-1.0x-synthetic
00:42 +82: home-empty-choice-neonPurple-1.0x-synthetic
00:42 +83: library-empty-choice-neonPurple-1.0x-synthetic
00:42 +84: home-new-user-neonPurple-1.0x-synthetic
00:43 +85: library-new-user-neonPurple-1.0x-synthetic
00:43 +86: home-no-routine-neonPurple-1.0x-synthetic
00:43 +87: library-no-routine-neonPurple-1.0x-synthetic
00:44 +88: home-inactive-return-neonPurple-1.0x-synthetic
00:44 +89: library-inactive-return-neonPurple-1.0x-synthetic
00:44 +90: home-low-data-neonPurple-1.0x-synthetic
00:45 +91: library-low-data-neonPurple-1.0x-synthetic
00:45 +92: home-error-neonPurple-1.0x-synthetic
00:46 +93: library-error-neonPurple-1.0x-synthetic
00:46 +94: home-previous-error-neonPurple-1.0x-synthetic
00:46 +95: library-previous-error-neonPurple-1.0x-synthetic
00:47 +96: home-choice-error-neonPurple-1.0x-synthetic
00:47 +97: library-choice-error-neonPurple-1.0x-synthetic
00:47 +98: home-loading-neonPurple-1.0x-synthetic
00:48 +99: library-loading-neonPurple-1.0x-synthetic
00:48 +100: home-active-chosen-neonPurple-1.0x-synthetic
00:49 +101: library-active-chosen-neonPurple-1.0x-synthetic
00:49 +102: home-active-no-choice-neonPurple-1.0x-synthetic
00:49 +103: library-active-no-choice-neonPurple-1.0x-synthetic
00:50 +104: home-active-no-routine-neonPurple-1.0x-synthetic
00:50 +105: library-active-no-routine-neonPurple-1.0x-synthetic
00:51 +106: home-active-error-neonPurple-1.0x-synthetic
00:51 +107: library-active-error-neonPurple-1.0x-synthetic
00:51 +108: home-active-deleted-choice-neonPurple-1.0x-synthetic
00:52 +109: library-active-deleted-choice-neonPurple-1.0x-synthetic
00:52 +110: home-active-empty-choice-neonPurple-1.0x-synthetic
00:53 +111: library-active-empty-choice-neonPurple-1.0x-synthetic
00:53 +112: home-active-choice-error-neonPurple-1.0x-synthetic
00:53 +113: library-active-choice-error-neonPurple-1.0x-synthetic
00:54 +114: home-chosen-neonPurple-1.6x-synthetic
00:56 +115: library-chosen-neonPurple-1.6x-synthetic
00:56 +116: home-no-choice-neonPurple-1.6x-synthetic
00:57 +117: library-no-choice-neonPurple-1.6x-synthetic
00:57 +118: home-deleted-choice-neonPurple-1.6x-synthetic
00:58 +119: library-deleted-choice-neonPurple-1.6x-synthetic
00:58 +120: home-empty-choice-neonPurple-1.6x-synthetic
00:58 +121: library-empty-choice-neonPurple-1.6x-synthetic
00:59 +122: home-new-user-neonPurple-1.6x-synthetic
00:59 +123: library-new-user-neonPurple-1.6x-synthetic
01:00 +124: home-no-routine-neonPurple-1.6x-synthetic
01:00 +125: library-no-routine-neonPurple-1.6x-synthetic
01:00 +126: home-inactive-return-neonPurple-1.6x-synthetic
01:01 +127: library-inactive-return-neonPurple-1.6x-synthetic
01:01 +128: home-low-data-neonPurple-1.6x-synthetic
01:01 +129: library-low-data-neonPurple-1.6x-synthetic
01:02 +130: home-error-neonPurple-1.6x-synthetic
01:02 +131: library-error-neonPurple-1.6x-synthetic
01:02 +132: home-previous-error-neonPurple-1.6x-synthetic
01:03 +133: library-previous-error-neonPurple-1.6x-synthetic
01:03 +134: home-choice-error-neonPurple-1.6x-synthetic
01:03 +135: library-choice-error-neonPurple-1.6x-synthetic
01:04 +136: home-loading-neonPurple-1.6x-synthetic
01:04 +137: library-loading-neonPurple-1.6x-synthetic
01:04 +138: home-active-chosen-neonPurple-1.6x-synthetic
01:04 +139: library-active-chosen-neonPurple-1.6x-synthetic
01:05 +140: home-active-no-choice-neonPurple-1.6x-synthetic
01:05 +141: library-active-no-choice-neonPurple-1.6x-synthetic
01:06 +142: home-active-no-routine-neonPurple-1.6x-synthetic
01:06 +143: library-active-no-routine-neonPurple-1.6x-synthetic
01:06 +144: home-active-error-neonPurple-1.6x-synthetic
01:06 +145: library-active-error-neonPurple-1.6x-synthetic
01:07 +146: home-active-deleted-choice-neonPurple-1.6x-synthetic
01:07 +147: library-active-deleted-choice-neonPurple-1.6x-synthetic
01:07 +148: home-active-empty-choice-neonPurple-1.6x-synthetic
01:08 +149: library-active-empty-choice-neonPurple-1.6x-synthetic
01:08 +150: home-active-choice-error-neonPurple-1.6x-synthetic
01:08 +151: library-active-choice-error-neonPurple-1.6x-synthetic
01:09 +152: home-chosen-white-1.0x-synthetic
01:10 +153: library-chosen-white-1.0x-synthetic
01:11 +154: home-no-choice-white-1.0x-synthetic
01:11 +155: library-no-choice-white-1.0x-synthetic
01:12 +156: home-deleted-choice-white-1.0x-synthetic
01:12 +157: library-deleted-choice-white-1.0x-synthetic
01:12 +158: home-empty-choice-white-1.0x-synthetic
01:13 +159: library-empty-choice-white-1.0x-synthetic
01:13 +160: home-new-user-white-1.0x-synthetic
01:13 +161: library-new-user-white-1.0x-synthetic
01:14 +162: home-no-routine-white-1.0x-synthetic
01:14 +163: library-no-routine-white-1.0x-synthetic
01:14 +164: home-inactive-return-white-1.0x-synthetic
01:14 +165: library-inactive-return-white-1.0x-synthetic
01:15 +166: home-low-data-white-1.0x-synthetic
01:15 +167: library-low-data-white-1.0x-synthetic
01:15 +168: home-error-white-1.0x-synthetic
01:16 +169: library-error-white-1.0x-synthetic
01:16 +170: home-previous-error-white-1.0x-synthetic
01:16 +171: library-previous-error-white-1.0x-synthetic
01:17 +172: home-choice-error-white-1.0x-synthetic
01:17 +173: library-choice-error-white-1.0x-synthetic
01:17 +174: home-loading-white-1.0x-synthetic
01:18 +175: library-loading-white-1.0x-synthetic
01:18 +176: home-active-chosen-white-1.0x-synthetic
01:18 +177: library-active-chosen-white-1.0x-synthetic
01:19 +178: home-active-no-choice-white-1.0x-synthetic
01:19 +179: library-active-no-choice-white-1.0x-synthetic
01:19 +180: home-active-no-routine-white-1.0x-synthetic
01:20 +181: library-active-no-routine-white-1.0x-synthetic
01:20 +182: home-active-error-white-1.0x-synthetic
01:20 +183: library-active-error-white-1.0x-synthetic
01:20 +184: home-active-deleted-choice-white-1.0x-synthetic
01:21 +185: library-active-deleted-choice-white-1.0x-synthetic
01:21 +186: home-active-empty-choice-white-1.0x-synthetic
01:22 +187: library-active-empty-choice-white-1.0x-synthetic
01:22 +188: home-active-choice-error-white-1.0x-synthetic
01:22 +189: library-active-choice-error-white-1.0x-synthetic
01:23 +190: home-chosen-white-1.6x-synthetic
01:24 +191: library-chosen-white-1.6x-synthetic
01:25 +192: home-no-choice-white-1.6x-synthetic
01:26 +193: library-no-choice-white-1.6x-synthetic
01:26 +194: home-deleted-choice-white-1.6x-synthetic
01:26 +195: library-deleted-choice-white-1.6x-synthetic
01:27 +196: home-empty-choice-white-1.6x-synthetic
01:27 +197: library-empty-choice-white-1.6x-synthetic
01:27 +198: home-new-user-white-1.6x-synthetic
01:28 +199: library-new-user-white-1.6x-synthetic
01:28 +200: home-no-routine-white-1.6x-synthetic
01:28 +201: library-no-routine-white-1.6x-synthetic
01:29 +202: home-inactive-return-white-1.6x-synthetic
01:29 +203: library-inactive-return-white-1.6x-synthetic
01:29 +204: home-low-data-white-1.6x-synthetic
01:30 +205: library-low-data-white-1.6x-synthetic
01:30 +206: home-error-white-1.6x-synthetic
01:30 +207: library-error-white-1.6x-synthetic
01:31 +208: home-previous-error-white-1.6x-synthetic
01:31 +209: library-previous-error-white-1.6x-synthetic
01:31 +210: home-choice-error-white-1.6x-synthetic
01:32 +211: library-choice-error-white-1.6x-synthetic
01:32 +212: home-loading-white-1.6x-synthetic
01:32 +213: library-loading-white-1.6x-synthetic
01:33 +214: home-active-chosen-white-1.6x-synthetic
01:33 +215: library-active-chosen-white-1.6x-synthetic
01:33 +216: home-active-no-choice-white-1.6x-synthetic
01:34 +217: library-active-no-choice-white-1.6x-synthetic
01:34 +218: home-active-no-routine-white-1.6x-synthetic
01:34 +219: library-active-no-routine-white-1.6x-synthetic
01:35 +220: home-active-error-white-1.6x-synthetic
01:35 +221: library-active-error-white-1.6x-synthetic
01:35 +222: home-active-deleted-choice-white-1.6x-synthetic
01:36 +223: library-active-deleted-choice-white-1.6x-synthetic
01:36 +224: home-active-empty-choice-white-1.6x-synthetic
01:36 +225: library-active-empty-choice-white-1.6x-synthetic
01:37 +226: home-active-choice-error-white-1.6x-synthetic
01:37 +227: library-active-choice-error-white-1.6x-synthetic
01:37 +228: home-chosen-neonCyan-1.0x-synthetic
01:39 +229: library-chosen-neonCyan-1.0x-synthetic
01:40 +230: home-no-choice-neonCyan-1.0x-synthetic
01:40 +231: library-no-choice-neonCyan-1.0x-synthetic
01:41 +232: home-deleted-choice-neonCyan-1.0x-synthetic
01:41 +233: library-deleted-choice-neonCyan-1.0x-synthetic
01:42 +234: home-empty-choice-neonCyan-1.0x-synthetic
01:42 +235: library-empty-choice-neonCyan-1.0x-synthetic
01:42 +236: home-new-user-neonCyan-1.0x-synthetic
01:43 +237: library-new-user-neonCyan-1.0x-synthetic
01:43 +238: home-no-routine-neonCyan-1.0x-synthetic
01:43 +239: library-no-routine-neonCyan-1.0x-synthetic
01:44 +240: home-inactive-return-neonCyan-1.0x-synthetic
01:44 +241: library-inactive-return-neonCyan-1.0x-synthetic
01:44 +242: home-low-data-neonCyan-1.0x-synthetic
01:45 +243: library-low-data-neonCyan-1.0x-synthetic
01:45 +244: home-error-neonCyan-1.0x-synthetic
01:45 +245: library-error-neonCyan-1.0x-synthetic
01:45 +246: home-previous-error-neonCyan-1.0x-synthetic
01:46 +247: library-previous-error-neonCyan-1.0x-synthetic
01:46 +248: home-choice-error-neonCyan-1.0x-synthetic
01:46 +249: library-choice-error-neonCyan-1.0x-synthetic
01:47 +250: home-loading-neonCyan-1.0x-synthetic
01:47 +251: library-loading-neonCyan-1.0x-synthetic
01:47 +252: home-active-chosen-neonCyan-1.0x-synthetic
01:48 +253: library-active-chosen-neonCyan-1.0x-synthetic
01:48 +254: home-active-no-choice-neonCyan-1.0x-synthetic
01:48 +255: library-active-no-choice-neonCyan-1.0x-synthetic
01:49 +256: home-active-no-routine-neonCyan-1.0x-synthetic
01:49 +257: library-active-no-routine-neonCyan-1.0x-synthetic
01:49 +258: home-active-error-neonCyan-1.0x-synthetic
01:49 +259: library-active-error-neonCyan-1.0x-synthetic
01:50 +260: home-active-deleted-choice-neonCyan-1.0x-synthetic
01:50 +261: library-active-deleted-choice-neonCyan-1.0x-synthetic
01:50 +262: home-active-empty-choice-neonCyan-1.0x-synthetic
01:51 +263: library-active-empty-choice-neonCyan-1.0x-synthetic
01:51 +264: home-active-choice-error-neonCyan-1.0x-synthetic
01:51 +265: library-active-choice-error-neonCyan-1.0x-synthetic
01:51 +266: home-chosen-neonCyan-1.6x-synthetic
01:53 +267: library-chosen-neonCyan-1.6x-synthetic
01:54 +268: home-no-choice-neonCyan-1.6x-synthetic
01:54 +269: library-no-choice-neonCyan-1.6x-synthetic
01:55 +270: home-deleted-choice-neonCyan-1.6x-synthetic
01:55 +271: library-deleted-choice-neonCyan-1.6x-synthetic
01:55 +272: home-empty-choice-neonCyan-1.6x-synthetic
01:55 +273: library-empty-choice-neonCyan-1.6x-synthetic
01:56 +274: home-new-user-neonCyan-1.6x-synthetic
01:56 +275: library-new-user-neonCyan-1.6x-synthetic
01:56 +276: home-no-routine-neonCyan-1.6x-synthetic
01:56 +277: library-no-routine-neonCyan-1.6x-synthetic
01:57 +278: home-inactive-return-neonCyan-1.6x-synthetic
01:57 +279: library-inactive-return-neonCyan-1.6x-synthetic
01:57 +280: home-low-data-neonCyan-1.6x-synthetic
01:58 +281: library-low-data-neonCyan-1.6x-synthetic
01:58 +282: home-error-neonCyan-1.6x-synthetic
01:58 +283: library-error-neonCyan-1.6x-synthetic
01:58 +284: home-previous-error-neonCyan-1.6x-synthetic
01:59 +285: library-previous-error-neonCyan-1.6x-synthetic
01:59 +286: home-choice-error-neonCyan-1.6x-synthetic
02:00 +287: library-choice-error-neonCyan-1.6x-synthetic
02:00 +288: home-loading-neonCyan-1.6x-synthetic
02:00 +289: library-loading-neonCyan-1.6x-synthetic
02:00 +290: home-active-chosen-neonCyan-1.6x-synthetic
02:01 +291: library-active-chosen-neonCyan-1.6x-synthetic
02:01 +292: home-active-no-choice-neonCyan-1.6x-synthetic
02:01 +293: library-active-no-choice-neonCyan-1.6x-synthetic
02:02 +294: home-active-no-routine-neonCyan-1.6x-synthetic
02:02 +295: library-active-no-routine-neonCyan-1.6x-synthetic
02:02 +296: home-active-error-neonCyan-1.6x-synthetic
02:02 +297: library-active-error-neonCyan-1.6x-synthetic
02:02 +298: home-active-deleted-choice-neonCyan-1.6x-synthetic
02:03 +299: library-active-deleted-choice-neonCyan-1.6x-synthetic
02:03 +300: home-active-empty-choice-neonCyan-1.6x-synthetic
02:03 +301: library-active-empty-choice-neonCyan-1.6x-synthetic
02:04 +302: home-active-choice-error-neonCyan-1.6x-synthetic
02:04 +303: library-active-choice-error-neonCyan-1.6x-synthetic
02:04 +304: home-chosen-neonMagenta-1.0x-synthetic
02:06 +305: library-chosen-neonMagenta-1.0x-synthetic
02:07 +306: home-no-choice-neonMagenta-1.0x-synthetic
02:07 +307: library-no-choice-neonMagenta-1.0x-synthetic
02:07 +308: home-deleted-choice-neonMagenta-1.0x-synthetic
02:08 +309: library-deleted-choice-neonMagenta-1.0x-synthetic
02:08 +310: home-empty-choice-neonMagenta-1.0x-synthetic
02:08 +311: library-empty-choice-neonMagenta-1.0x-synthetic
02:09 +312: home-new-user-neonMagenta-1.0x-synthetic
02:09 +313: library-new-user-neonMagenta-1.0x-synthetic
02:09 +314: home-no-routine-neonMagenta-1.0x-synthetic
02:10 +315: library-no-routine-neonMagenta-1.0x-synthetic
02:10 +316: home-inactive-return-neonMagenta-1.0x-synthetic
02:10 +317: library-inactive-return-neonMagenta-1.0x-synthetic
02:10 +318: home-low-data-neonMagenta-1.0x-synthetic
02:11 +319: library-low-data-neonMagenta-1.0x-synthetic
02:11 +320: home-error-neonMagenta-1.0x-synthetic
02:11 +321: library-error-neonMagenta-1.0x-synthetic
02:11 +322: home-previous-error-neonMagenta-1.0x-synthetic
02:12 +323: library-previous-error-neonMagenta-1.0x-synthetic
02:12 +324: home-choice-error-neonMagenta-1.0x-synthetic
02:12 +325: library-choice-error-neonMagenta-1.0x-synthetic
02:13 +326: home-loading-neonMagenta-1.0x-synthetic
02:13 +327: library-loading-neonMagenta-1.0x-synthetic
02:13 +328: home-active-chosen-neonMagenta-1.0x-synthetic
02:14 +329: library-active-chosen-neonMagenta-1.0x-synthetic
02:14 +330: home-active-no-choice-neonMagenta-1.0x-synthetic
02:15 +331: library-active-no-choice-neonMagenta-1.0x-synthetic
02:15 +332: home-active-no-routine-neonMagenta-1.0x-synthetic
02:15 +333: library-active-no-routine-neonMagenta-1.0x-synthetic
02:15 +334: home-active-error-neonMagenta-1.0x-synthetic
02:16 +335: library-active-error-neonMagenta-1.0x-synthetic
02:16 +336: home-active-deleted-choice-neonMagenta-1.0x-synthetic
02:16 +337: library-active-deleted-choice-neonMagenta-1.0x-synthetic
02:17 +338: home-active-empty-choice-neonMagenta-1.0x-synthetic
02:17 +339: library-active-empty-choice-neonMagenta-1.0x-synthetic
02:17 +340: home-active-choice-error-neonMagenta-1.0x-synthetic
02:18 +341: library-active-choice-error-neonMagenta-1.0x-synthetic
02:18 +342: home-chosen-neonMagenta-1.6x-synthetic
02:20 +343: library-chosen-neonMagenta-1.6x-synthetic
02:20 +344: home-no-choice-neonMagenta-1.6x-synthetic
02:21 +345: library-no-choice-neonMagenta-1.6x-synthetic
02:21 +346: home-deleted-choice-neonMagenta-1.6x-synthetic
02:21 +347: library-deleted-choice-neonMagenta-1.6x-synthetic
02:22 +348: home-empty-choice-neonMagenta-1.6x-synthetic
02:22 +349: library-empty-choice-neonMagenta-1.6x-synthetic
02:23 +350: home-new-user-neonMagenta-1.6x-synthetic
02:23 +351: library-new-user-neonMagenta-1.6x-synthetic
02:23 +352: home-no-routine-neonMagenta-1.6x-synthetic
02:24 +353: library-no-routine-neonMagenta-1.6x-synthetic
02:24 +354: home-inactive-return-neonMagenta-1.6x-synthetic
02:24 +355: library-inactive-return-neonMagenta-1.6x-synthetic
02:25 +356: home-low-data-neonMagenta-1.6x-synthetic
02:25 +357: library-low-data-neonMagenta-1.6x-synthetic
02:25 +358: home-error-neonMagenta-1.6x-synthetic
02:25 +359: library-error-neonMagenta-1.6x-synthetic
02:26 +360: home-previous-error-neonMagenta-1.6x-synthetic
02:26 +361: library-previous-error-neonMagenta-1.6x-synthetic
02:26 +362: home-choice-error-neonMagenta-1.6x-synthetic
02:27 +363: library-choice-error-neonMagenta-1.6x-synthetic
02:27 +364: home-loading-neonMagenta-1.6x-synthetic
02:27 +365: library-loading-neonMagenta-1.6x-synthetic
02:28 +366: home-active-chosen-neonMagenta-1.6x-synthetic
02:28 +367: library-active-chosen-neonMagenta-1.6x-synthetic
02:28 +368: home-active-no-choice-neonMagenta-1.6x-synthetic
02:29 +369: library-active-no-choice-neonMagenta-1.6x-synthetic
02:29 +370: home-active-no-routine-neonMagenta-1.6x-synthetic
02:29 +371: library-active-no-routine-neonMagenta-1.6x-synthetic
02:29 +372: home-active-error-neonMagenta-1.6x-synthetic
02:30 +373: library-active-error-neonMagenta-1.6x-synthetic
02:30 +374: home-active-deleted-choice-neonMagenta-1.6x-synthetic
02:30 +375: library-active-deleted-choice-neonMagenta-1.6x-synthetic
02:31 +376: home-active-empty-choice-neonMagenta-1.6x-synthetic
02:31 +377: library-active-empty-choice-neonMagenta-1.6x-synthetic
02:31 +378: home-active-choice-error-neonMagenta-1.6x-synthetic
02:31 +379: library-active-choice-error-neonMagenta-1.6x-synthetic
02:32 +380: home-chosen-blazeOrange-1.0x-synthetic
02:33 +381: library-chosen-blazeOrange-1.0x-synthetic
02:34 +382: home-no-choice-blazeOrange-1.0x-synthetic
02:34 +383: library-no-choice-blazeOrange-1.0x-synthetic
02:35 +384: home-deleted-choice-blazeOrange-1.0x-synthetic
02:35 +385: library-deleted-choice-blazeOrange-1.0x-synthetic
02:36 +386: home-empty-choice-blazeOrange-1.0x-synthetic
02:36 +387: library-empty-choice-blazeOrange-1.0x-synthetic
02:36 +388: home-new-user-blazeOrange-1.0x-synthetic
02:37 +389: library-new-user-blazeOrange-1.0x-synthetic
02:37 +390: home-no-routine-blazeOrange-1.0x-synthetic
02:37 +391: library-no-routine-blazeOrange-1.0x-synthetic
02:38 +392: home-inactive-return-blazeOrange-1.0x-synthetic
02:38 +393: library-inactive-return-blazeOrange-1.0x-synthetic
02:38 +394: home-low-data-blazeOrange-1.0x-synthetic
02:39 +395: library-low-data-blazeOrange-1.0x-synthetic
02:39 +396: home-error-blazeOrange-1.0x-synthetic
02:39 +397: library-error-blazeOrange-1.0x-synthetic
02:39 +398: home-previous-error-blazeOrange-1.0x-synthetic
02:40 +399: library-previous-error-blazeOrange-1.0x-synthetic
02:40 +400: home-choice-error-blazeOrange-1.0x-synthetic
02:41 +401: library-choice-error-blazeOrange-1.0x-synthetic
02:41 +402: home-loading-blazeOrange-1.0x-synthetic
02:41 +403: library-loading-blazeOrange-1.0x-synthetic
02:42 +404: home-active-chosen-blazeOrange-1.0x-synthetic
02:42 +405: library-active-chosen-blazeOrange-1.0x-synthetic
02:42 +406: home-active-no-choice-blazeOrange-1.0x-synthetic
02:43 +407: library-active-no-choice-blazeOrange-1.0x-synthetic
02:43 +408: home-active-no-routine-blazeOrange-1.0x-synthetic
02:43 +409: library-active-no-routine-blazeOrange-1.0x-synthetic
02:43 +410: home-active-error-blazeOrange-1.0x-synthetic
02:44 +411: library-active-error-blazeOrange-1.0x-synthetic
02:44 +412: home-active-deleted-choice-blazeOrange-1.0x-synthetic
02:44 +413: library-active-deleted-choice-blazeOrange-1.0x-synthetic
02:45 +414: home-active-empty-choice-blazeOrange-1.0x-synthetic
02:45 +415: library-active-empty-choice-blazeOrange-1.0x-synthetic
02:45 +416: home-active-choice-error-blazeOrange-1.0x-synthetic
02:46 +417: library-active-choice-error-blazeOrange-1.0x-synthetic
02:46 +418: home-chosen-blazeOrange-1.6x-synthetic
02:48 +419: library-chosen-blazeOrange-1.6x-synthetic
02:48 +420: home-no-choice-blazeOrange-1.6x-synthetic
02:49 +421: library-no-choice-blazeOrange-1.6x-synthetic
02:49 +422: home-deleted-choice-blazeOrange-1.6x-synthetic
02:49 +423: library-deleted-choice-blazeOrange-1.6x-synthetic
02:50 +424: home-empty-choice-blazeOrange-1.6x-synthetic
02:50 +425: library-empty-choice-blazeOrange-1.6x-synthetic
02:50 +426: home-new-user-blazeOrange-1.6x-synthetic
02:50 +427: library-new-user-blazeOrange-1.6x-synthetic
02:51 +428: home-no-routine-blazeOrange-1.6x-synthetic
02:51 +429: library-no-routine-blazeOrange-1.6x-synthetic
02:51 +430: home-inactive-return-blazeOrange-1.6x-synthetic
02:52 +431: library-inactive-return-blazeOrange-1.6x-synthetic
02:52 +432: home-low-data-blazeOrange-1.6x-synthetic
02:52 +433: library-low-data-blazeOrange-1.6x-synthetic
02:52 +434: home-error-blazeOrange-1.6x-synthetic
02:53 +435: library-error-blazeOrange-1.6x-synthetic
02:53 +436: home-previous-error-blazeOrange-1.6x-synthetic
02:53 +437: library-previous-error-blazeOrange-1.6x-synthetic
02:54 +438: home-choice-error-blazeOrange-1.6x-synthetic
02:54 +439: library-choice-error-blazeOrange-1.6x-synthetic
02:54 +440: home-loading-blazeOrange-1.6x-synthetic
02:55 +441: library-loading-blazeOrange-1.6x-synthetic
02:55 +442: home-active-chosen-blazeOrange-1.6x-synthetic
02:55 +443: library-active-chosen-blazeOrange-1.6x-synthetic
02:56 +444: home-active-no-choice-blazeOrange-1.6x-synthetic
02:56 +445: library-active-no-choice-blazeOrange-1.6x-synthetic
02:56 +446: home-active-no-routine-blazeOrange-1.6x-synthetic
02:57 +447: library-active-no-routine-blazeOrange-1.6x-synthetic
02:57 +448: home-active-error-blazeOrange-1.6x-synthetic
02:57 +449: library-active-error-blazeOrange-1.6x-synthetic
02:57 +450: home-active-deleted-choice-blazeOrange-1.6x-synthetic
02:58 +451: library-active-deleted-choice-blazeOrange-1.6x-synthetic
02:58 +452: home-active-empty-choice-blazeOrange-1.6x-synthetic
02:58 +453: library-active-empty-choice-blazeOrange-1.6x-synthetic
02:59 +454: home-active-choice-error-blazeOrange-1.6x-synthetic
02:59 +455: library-active-choice-error-blazeOrange-1.6x-synthetic
02:59 +456: (tearDownAll)
02:59 +456: All tests passed!
