00:00 +0: loading C:/Users/Atharva Patil/Documents/projects/gymlog/test/upgrade/session_1_render_test.dart
00:00 +0: (setUpAll)
00:00 +0: header-weighted-higgsfield-1.0x-synthetic
00:00 +1: header-reps-higgsfield-1.0x-synthetic
00:00 +2: header-timed-higgsfield-1.0x-synthetic
00:01 +3: header-distance-higgsfield-1.0x-synthetic
00:01 +4: header-empty-higgsfield-1.0x-synthetic
00:01 +5: finish-weighted-higgsfield-1.0x-synthetic
00:01 +6: finish-reps-higgsfield-1.0x-synthetic
00:01 +7: finish-timed-higgsfield-1.0x-synthetic
00:02 +8: finish-distance-higgsfield-1.0x-synthetic
00:02 +9: pr-higgsfield-1.0x-synthetic
00:02 +10: share-monument-higgsfield-1.0x-synthetic
00:02 +11: share-technical-higgsfield-1.0x-synthetic
00:02 +12: share-sticker-higgsfield-1.0x-synthetic
00:02 +13: detail-higgsfield-1.0x-synthetic
00:03 +14: detail-error-higgsfield-1.0x-synthetic
00:03 +15: detail-empty-higgsfield-1.0x-synthetic
00:03 +16: exercise-higgsfield-1.0x-synthetic
00:03 +17: exercise-no-estimate-higgsfield-1.0x-synthetic
00:03 +18: progress-higgsfield-1.0x-synthetic
00:03 +19: progress-low-higgsfield-1.0x-synthetic
00:04 +20: progress-empty-higgsfield-1.0x-synthetic
00:04 +21: roles-higgsfield-1.0x-synthetic
00:04 +22: header-weighted-higgsfield-1.6x-synthetic
00:04 +23: header-reps-higgsfield-1.6x-synthetic
00:04 +24: header-timed-higgsfield-1.6x-synthetic
00:04 +25: header-distance-higgsfield-1.6x-synthetic
00:05 +26: header-empty-higgsfield-1.6x-synthetic
00:05 +27: finish-weighted-higgsfield-1.6x-synthetic
00:05 +28: finish-reps-higgsfield-1.6x-synthetic
00:05 +29: finish-timed-higgsfield-1.6x-synthetic
00:05 +30: finish-distance-higgsfield-1.6x-synthetic
00:05 +31: pr-higgsfield-1.6x-synthetic
00:05 +32: share-monument-higgsfield-1.6x-synthetic
00:05 +33: share-technical-higgsfield-1.6x-synthetic
00:06 +34: share-sticker-higgsfield-1.6x-synthetic
00:06 +35: detail-higgsfield-1.6x-synthetic
00:06 +36: detail-error-higgsfield-1.6x-synthetic
00:06 +37: detail-empty-higgsfield-1.6x-synthetic
00:06 +38: exercise-higgsfield-1.6x-synthetic
00:06 +39: exercise-no-estimate-higgsfield-1.6x-synthetic
00:06 +40: progress-higgsfield-1.6x-synthetic
00:06 +41: progress-low-higgsfield-1.6x-synthetic
00:06 +42: progress-empty-higgsfield-1.6x-synthetic
00:07 +43: roles-higgsfield-1.6x-synthetic
00:07 +44: header-weighted-neonPurple-1.0x-synthetic
00:07 +45: header-reps-neonPurple-1.0x-synthetic
00:07 +46: header-timed-neonPurple-1.0x-synthetic
00:07 +47: header-distance-neonPurple-1.0x-synthetic
00:07 +48: header-empty-neonPurple-1.0x-synthetic
00:07 +49: finish-weighted-neonPurple-1.0x-synthetic
00:07 +50: finish-reps-neonPurple-1.0x-synthetic
00:07 +51: finish-timed-neonPurple-1.0x-synthetic
00:07 +52: finish-distance-neonPurple-1.0x-synthetic
00:08 +53: pr-neonPurple-1.0x-synthetic
00:08 +54: share-monument-neonPurple-1.0x-synthetic
00:08 +55: share-technical-neonPurple-1.0x-synthetic
00:08 +56: share-sticker-neonPurple-1.0x-synthetic
00:08 +57: detail-neonPurple-1.0x-synthetic
00:08 +58: detail-error-neonPurple-1.0x-synthetic
00:08 +59: detail-empty-neonPurple-1.0x-synthetic
00:08 +60: exercise-neonPurple-1.0x-synthetic
00:09 +61: exercise-no-estimate-neonPurple-1.0x-synthetic
00:09 +62: progress-neonPurple-1.0x-synthetic
00:09 +63: progress-low-neonPurple-1.0x-synthetic
00:09 +64: progress-empty-neonPurple-1.0x-synthetic
00:09 +65: roles-neonPurple-1.0x-synthetic
00:09 +66: header-weighted-neonPurple-1.6x-synthetic
00:09 +67: header-reps-neonPurple-1.6x-synthetic
00:09 +68: header-timed-neonPurple-1.6x-synthetic
00:09 +69: header-distance-neonPurple-1.6x-synthetic
00:09 +70: header-empty-neonPurple-1.6x-synthetic
00:09 +71: finish-weighted-neonPurple-1.6x-synthetic
00:09 +72: finish-reps-neonPurple-1.6x-synthetic
00:10 +73: finish-timed-neonPurple-1.6x-synthetic
00:10 +74: finish-distance-neonPurple-1.6x-synthetic
00:10 +75: pr-neonPurple-1.6x-synthetic
00:10 +76: share-monument-neonPurple-1.6x-synthetic
00:10 +77: share-technical-neonPurple-1.6x-synthetic
00:10 +78: share-sticker-neonPurple-1.6x-synthetic
00:10 +79: detail-neonPurple-1.6x-synthetic
00:10 +80: detail-error-neonPurple-1.6x-synthetic
00:11 +81: detail-empty-neonPurple-1.6x-synthetic
00:11 +82: exercise-neonPurple-1.6x-synthetic
00:11 +83: exercise-no-estimate-neonPurple-1.6x-synthetic
00:11 +84: progress-neonPurple-1.6x-synthetic
00:11 +85: progress-low-neonPurple-1.6x-synthetic
00:11 +86: progress-empty-neonPurple-1.6x-synthetic
00:11 +87: roles-neonPurple-1.6x-synthetic
00:11 +88: header-weighted-white-1.0x-synthetic
00:11 +89: header-reps-white-1.0x-synthetic
00:11 +90: header-timed-white-1.0x-synthetic
00:11 +91: header-distance-white-1.0x-synthetic
00:11 +92: header-empty-white-1.0x-synthetic
00:12 +93: finish-weighted-white-1.0x-synthetic
00:12 +94: finish-reps-white-1.0x-synthetic
00:12 +95: finish-timed-white-1.0x-synthetic
00:12 +96: finish-distance-white-1.0x-synthetic
00:12 +97: pr-white-1.0x-synthetic
00:12 +98: share-monument-white-1.0x-synthetic
00:12 +99: share-technical-white-1.0x-synthetic
00:12 +100: share-sticker-white-1.0x-synthetic
00:12 +101: detail-white-1.0x-synthetic
00:12 +102: detail-error-white-1.0x-synthetic
00:13 +103: detail-empty-white-1.0x-synthetic
00:13 +104: exercise-white-1.0x-synthetic
00:13 +105: exercise-no-estimate-white-1.0x-synthetic
00:13 +106: progress-white-1.0x-synthetic
00:13 +107: progress-low-white-1.0x-synthetic
00:13 +108: progress-empty-white-1.0x-synthetic
00:13 +109: roles-white-1.0x-synthetic
00:13 +110: header-weighted-white-1.6x-synthetic
00:13 +111: header-reps-white-1.6x-synthetic
00:14 +112: header-timed-white-1.6x-synthetic
00:14 +113: header-distance-white-1.6x-synthetic
00:14 +114: header-empty-white-1.6x-synthetic
00:14 +115: finish-weighted-white-1.6x-synthetic
00:14 +116: finish-reps-white-1.6x-synthetic
00:14 +117: finish-timed-white-1.6x-synthetic
00:14 +118: finish-distance-white-1.6x-synthetic
00:14 +119: pr-white-1.6x-synthetic
00:14 +120: share-monument-white-1.6x-synthetic
00:14 +121: share-technical-white-1.6x-synthetic
00:14 +122: share-sticker-white-1.6x-synthetic
00:15 +123: detail-white-1.6x-synthetic
00:15 +124: detail-error-white-1.6x-synthetic
00:15 +125: detail-empty-white-1.6x-synthetic
00:15 +126: exercise-white-1.6x-synthetic
00:15 +127: exercise-no-estimate-white-1.6x-synthetic
00:15 +128: progress-white-1.6x-synthetic
00:15 +129: progress-low-white-1.6x-synthetic
00:15 +130: progress-empty-white-1.6x-synthetic
00:15 +131: roles-white-1.6x-synthetic
00:15 +132: header-weighted-neonCyan-1.0x-synthetic
00:15 +133: header-reps-neonCyan-1.0x-synthetic
00:15 +134: header-timed-neonCyan-1.0x-synthetic
00:16 +135: header-distance-neonCyan-1.0x-synthetic
00:16 +136: header-empty-neonCyan-1.0x-synthetic
00:16 +137: finish-weighted-neonCyan-1.0x-synthetic
00:16 +138: finish-reps-neonCyan-1.0x-synthetic
00:16 +139: finish-timed-neonCyan-1.0x-synthetic
00:16 +140: finish-distance-neonCyan-1.0x-synthetic
00:16 +141: pr-neonCyan-1.0x-synthetic
00:16 +142: share-monument-neonCyan-1.0x-synthetic
00:16 +143: share-technical-neonCyan-1.0x-synthetic
00:17 +144: share-sticker-neonCyan-1.0x-synthetic
00:17 +145: detail-neonCyan-1.0x-synthetic
00:17 +146: detail-error-neonCyan-1.0x-synthetic
00:17 +147: detail-empty-neonCyan-1.0x-synthetic
00:17 +148: exercise-neonCyan-1.0x-synthetic
00:17 +149: exercise-no-estimate-neonCyan-1.0x-synthetic
00:17 +150: progress-neonCyan-1.0x-synthetic
00:17 +151: progress-low-neonCyan-1.0x-synthetic
00:17 +152: progress-empty-neonCyan-1.0x-synthetic
00:17 +153: roles-neonCyan-1.0x-synthetic
00:17 +154: header-weighted-neonCyan-1.6x-synthetic
00:18 +155: header-reps-neonCyan-1.6x-synthetic
00:18 +156: header-timed-neonCyan-1.6x-synthetic
00:18 +157: header-distance-neonCyan-1.6x-synthetic
00:18 +158: header-empty-neonCyan-1.6x-synthetic
00:18 +159: finish-weighted-neonCyan-1.6x-synthetic
00:18 +160: finish-reps-neonCyan-1.6x-synthetic
00:18 +161: finish-timed-neonCyan-1.6x-synthetic
00:18 +162: finish-distance-neonCyan-1.6x-synthetic
00:18 +163: pr-neonCyan-1.6x-synthetic
00:18 +164: share-monument-neonCyan-1.6x-synthetic
00:18 +165: share-technical-neonCyan-1.6x-synthetic
00:19 +166: share-sticker-neonCyan-1.6x-synthetic
00:19 +167: detail-neonCyan-1.6x-synthetic
00:19 +168: detail-error-neonCyan-1.6x-synthetic
00:19 +169: detail-empty-neonCyan-1.6x-synthetic
00:19 +170: exercise-neonCyan-1.6x-synthetic
00:19 +171: exercise-no-estimate-neonCyan-1.6x-synthetic
00:19 +172: progress-neonCyan-1.6x-synthetic
00:19 +173: progress-low-neonCyan-1.6x-synthetic
00:19 +174: progress-empty-neonCyan-1.6x-synthetic
00:19 +175: roles-neonCyan-1.6x-synthetic
00:20 +176: header-weighted-neonMagenta-1.0x-synthetic
00:20 +177: header-reps-neonMagenta-1.0x-synthetic
00:20 +178: header-timed-neonMagenta-1.0x-synthetic
00:20 +179: header-distance-neonMagenta-1.0x-synthetic
00:20 +180: header-empty-neonMagenta-1.0x-synthetic
00:20 +181: finish-weighted-neonMagenta-1.0x-synthetic
00:20 +182: finish-reps-neonMagenta-1.0x-synthetic
00:20 +183: finish-timed-neonMagenta-1.0x-synthetic
00:20 +184: finish-distance-neonMagenta-1.0x-synthetic
00:20 +185: pr-neonMagenta-1.0x-synthetic
00:20 +186: share-monument-neonMagenta-1.0x-synthetic
00:20 +187: share-technical-neonMagenta-1.0x-synthetic
00:21 +188: share-sticker-neonMagenta-1.0x-synthetic
00:21 +189: detail-neonMagenta-1.0x-synthetic
00:21 +190: detail-error-neonMagenta-1.0x-synthetic
00:21 +191: detail-empty-neonMagenta-1.0x-synthetic
00:21 +192: exercise-neonMagenta-1.0x-synthetic
00:21 +193: exercise-no-estimate-neonMagenta-1.0x-synthetic
00:21 +194: progress-neonMagenta-1.0x-synthetic
00:21 +195: progress-low-neonMagenta-1.0x-synthetic
00:21 +196: progress-empty-neonMagenta-1.0x-synthetic
00:21 +197: roles-neonMagenta-1.0x-synthetic
00:21 +198: header-weighted-neonMagenta-1.6x-synthetic
00:21 +199: header-reps-neonMagenta-1.6x-synthetic
00:21 +200: header-timed-neonMagenta-1.6x-synthetic
00:21 +201: header-distance-neonMagenta-1.6x-synthetic
00:22 +202: header-empty-neonMagenta-1.6x-synthetic
00:22 +203: finish-weighted-neonMagenta-1.6x-synthetic
00:22 +204: finish-reps-neonMagenta-1.6x-synthetic
00:22 +205: finish-timed-neonMagenta-1.6x-synthetic
00:22 +206: finish-distance-neonMagenta-1.6x-synthetic
00:22 +207: pr-neonMagenta-1.6x-synthetic
00:22 +208: share-monument-neonMagenta-1.6x-synthetic
00:22 +209: share-technical-neonMagenta-1.6x-synthetic
00:22 +210: share-sticker-neonMagenta-1.6x-synthetic
00:23 +211: detail-neonMagenta-1.6x-synthetic
00:23 +212: detail-error-neonMagenta-1.6x-synthetic
00:23 +213: detail-empty-neonMagenta-1.6x-synthetic
00:23 +214: exercise-neonMagenta-1.6x-synthetic
00:23 +215: exercise-no-estimate-neonMagenta-1.6x-synthetic
00:23 +216: progress-neonMagenta-1.6x-synthetic
00:23 +217: progress-low-neonMagenta-1.6x-synthetic
00:23 +218: progress-empty-neonMagenta-1.6x-synthetic
00:23 +219: roles-neonMagenta-1.6x-synthetic
00:23 +220: header-weighted-blazeOrange-1.0x-synthetic
00:24 +221: header-reps-blazeOrange-1.0x-synthetic
00:24 +222: header-timed-blazeOrange-1.0x-synthetic
00:24 +223: header-distance-blazeOrange-1.0x-synthetic
00:24 +224: header-empty-blazeOrange-1.0x-synthetic
00:24 +225: finish-weighted-blazeOrange-1.0x-synthetic
00:24 +226: finish-reps-blazeOrange-1.0x-synthetic
00:24 +227: finish-timed-blazeOrange-1.0x-synthetic
00:24 +228: finish-distance-blazeOrange-1.0x-synthetic
00:24 +229: pr-blazeOrange-1.0x-synthetic
00:24 +230: share-monument-blazeOrange-1.0x-synthetic
00:24 +231: share-technical-blazeOrange-1.0x-synthetic
00:24 +232: share-sticker-blazeOrange-1.0x-synthetic
00:24 +233: detail-blazeOrange-1.0x-synthetic
00:25 +234: detail-error-blazeOrange-1.0x-synthetic
00:25 +235: detail-empty-blazeOrange-1.0x-synthetic
00:25 +236: exercise-blazeOrange-1.0x-synthetic
00:25 +237: exercise-no-estimate-blazeOrange-1.0x-synthetic
00:25 +238: progress-blazeOrange-1.0x-synthetic
00:25 +239: progress-low-blazeOrange-1.0x-synthetic
00:25 +240: progress-empty-blazeOrange-1.0x-synthetic
00:25 +241: roles-blazeOrange-1.0x-synthetic
00:25 +242: header-weighted-blazeOrange-1.6x-synthetic
00:25 +243: header-reps-blazeOrange-1.6x-synthetic
00:25 +244: header-timed-blazeOrange-1.6x-synthetic
00:26 +245: header-distance-blazeOrange-1.6x-synthetic
00:26 +246: header-empty-blazeOrange-1.6x-synthetic
00:26 +247: finish-weighted-blazeOrange-1.6x-synthetic
00:26 +248: finish-reps-blazeOrange-1.6x-synthetic
00:26 +249: finish-timed-blazeOrange-1.6x-synthetic
00:26 +250: finish-distance-blazeOrange-1.6x-synthetic
00:26 +251: pr-blazeOrange-1.6x-synthetic
00:26 +252: share-monument-blazeOrange-1.6x-synthetic
00:26 +253: share-technical-blazeOrange-1.6x-synthetic
00:26 +254: share-sticker-blazeOrange-1.6x-synthetic
00:26 +255: detail-blazeOrange-1.6x-synthetic
00:26 +256: detail-error-blazeOrange-1.6x-synthetic
00:27 +257: detail-empty-blazeOrange-1.6x-synthetic
00:27 +258: exercise-blazeOrange-1.6x-synthetic
00:27 +259: exercise-no-estimate-blazeOrange-1.6x-synthetic
00:27 +260: progress-blazeOrange-1.6x-synthetic
00:27 +261: progress-low-blazeOrange-1.6x-synthetic
00:27 +262: progress-empty-blazeOrange-1.6x-synthetic
00:27 +263: roles-blazeOrange-1.6x-synthetic
00:27 +264: (tearDownAll)
00:27 +264: All tests passed!
