00:00 +0: loading C:/Users/Atharva Patil/Documents/projects/gymlog/test/upgrade/session_2_launchpad_test.dart
lib/core/database/daos/workouts_dao.dart:1002:56: Error: The argument type 'DateTime?' can't be assigned to the parameter type 'DateTime'.
 - 'DateTime' is from 'dart:core'.
                sessionId: sessionId, completedAt: set.completedAt)));
                                                       ^
00:00 +0 -1: loading C:/Users/Atharva Patil/Documents/projects/gymlog/test/upgrade/session_2_launchpad_test.dart [E]
  Failed to load "C:/Users/Atharva Patil/Documents/projects/gymlog/test/upgrade/session_2_launchpad_test.dart":
  Compilation failed for testPath=C:/Users/Atharva Patil/Documents/projects/gymlog/test/upgrade/session_2_launchpad_test.dart: lib/core/database/daos/workouts_dao.dart:1002:56: Error: The argument type 'DateTime?' can't be assigned to the parameter type 'DateTime'.
   - 'DateTime' is from 'dart:core'.
                  sessionId: sessionId, completedAt: set.completedAt)));
                                                         ^
  .
  Error: The Dart compiler exited unexpectedly.
  package:flutter_tools/src/base/common.dart 34:3  throwToolExit
  package:flutter_tools/src/compile.dart 1009:11   DefaultResidentCompiler._compile.<fn>
  dart:async/zone_root.dart 48:47                  _rootRunUnary
  dart:async/zone.dart 733:19                      _CustomZone.runUnary
  dart:async/future_impl.dart 948:45               Future._propagateToListeners.handleValueCallback
  dart:async/future_impl.dart 977:13               Future._propagateToListeners
  dart:async/future_impl.dart 862:9                Future._propagateToListeners
  dart:async/future_impl.dart 720:5                Future._completeWithValue
  dart:async/future_impl.dart 804:7                Future._asyncCompleteWithValue.<fn>
  dart:async/zone_root.dart 35:13                  _rootRun
  dart:async/zone.dart 726:19                      _CustomZone.run
  dart:async/zone.dart 625:7                       _CustomZone.runGuarded
  dart:async/zone.dart 666:23                      _CustomZone.bindCallbackGuarded.<fn>
  dart:async/schedule_microtask.dart 40:35         _microtaskLoop
  dart:async/schedule_microtask.dart 49:5          _startMicrotaskLoop
  dart:isolate-patch/isolate_patch.dart 127:13     _runPendingImmediateCallback
  dart:isolate-patch/isolate_patch.dart 193:5      _RawReceivePort._handleMessage
  
lib/core/database/daos/workouts_dao.dart:1002:56: Error: The argument type 'DateTime?' can't be assigned to the parameter type 'DateTime'.
 - 'DateTime' is from 'dart:core'.
                sessionId: sessionId, completedAt: set.completedAt)));
                                                       ^
00:00 +0 -2: loading C:/Users/Atharva Patil/Documents/projects/gymlog/test/upgrade/session_2_training_logic_test.dart [E]
  Failed to load "C:/Users/Atharva Patil/Documents/projects/gymlog/test/upgrade/session_2_training_logic_test.dart":
  Compilation failed for testPath=C:/Users/Atharva Patil/Documents/projects/gymlog/test/upgrade/session_2_training_logic_test.dart: lib/core/database/daos/workouts_dao.dart:1002:56: Error: The argument type 'DateTime?' can't be assigned to the parameter type 'DateTime'.
   - 'DateTime' is from 'dart:core'.
                  sessionId: sessionId, completedAt: set.completedAt)));
                                                         ^
  .
00:00 +0 -2: loading C:/Users/Atharva Patil/Documents/projects/gymlog/test/upgrade/session_2_launchpad_test.dart [E]
  Error: The Dart compiler exited unexpectedly.
  package:flutter_tools/src/base/common.dart 34:3  throwToolExit
  package:flutter_tools/src/compile.dart 1009:11   DefaultResidentCompiler._compile.<fn>
  dart:async/zone_root.dart 48:47                  _rootRunUnary
  dart:async/zone.dart 733:19                      _CustomZone.runUnary
  dart:async/future_impl.dart 948:45               Future._propagateToListeners.handleValueCallback
  dart:async/future_impl.dart 977:13               Future._propagateToListeners
  dart:async/future_impl.dart 862:9                Future._propagateToListeners
  dart:async/future_impl.dart 720:5                Future._completeWithValue
  dart:async/future_impl.dart 804:7                Future._asyncCompleteWithValue.<fn>
  dart:async/zone_root.dart 35:13                  _rootRun
  dart:async/zone.dart 726:19                      _CustomZone.run
  dart:async/zone.dart 625:7                       _CustomZone.runGuarded
  dart:async/zone.dart 666:23                      _CustomZone.bindCallbackGuarded.<fn>
  dart:async/schedule_microtask.dart 40:35         _microtaskLoop
  dart:async/schedule_microtask.dart 49:5          _startMicrotaskLoop
  dart:isolate-patch/isolate_patch.dart 127:13     _runPendingImmediateCallback
  dart:isolate-patch/isolate_patch.dart 193:5      _RawReceivePort._handleMessage
  
lib/core/database/daos/workouts_dao.dart:1002:56: Error: The argument type 'DateTime?' can't be assigned to the parameter type 'DateTime'.
 - 'DateTime' is from 'dart:core'.
                sessionId: sessionId, completedAt: set.completedAt)));
                                                       ^
00:00 +0 -3: loading C:/Users/Atharva Patil/Documents/projects/gymlog/test/upgrade/session_2_launch_actions_test.dart [E]
  Failed to load "C:/Users/Atharva Patil/Documents/projects/gymlog/test/upgrade/session_2_launch_actions_test.dart":
  Compilation failed for testPath=C:/Users/Atharva Patil/Documents/projects/gymlog/test/upgrade/session_2_launch_actions_test.dart: lib/core/database/daos/workouts_dao.dart:1002:56: Error: The argument type 'DateTime?' can't be assigned to the parameter type 'DateTime'.
   - 'DateTime' is from 'dart:core'.
                  sessionId: sessionId, completedAt: set.completedAt)));
                                                         ^
  .
00:00 +0 -3: loading C:/Users/Atharva Patil/Documents/projects/gymlog/test/upgrade/session_2_launchpad_test.dart [E]
  Error: The Dart compiler exited unexpectedly.
  package:flutter_tools/src/base/common.dart 34:3  throwToolExit
  package:flutter_tools/src/compile.dart 1009:11   DefaultResidentCompiler._compile.<fn>
  dart:async/zone_root.dart 48:47                  _rootRunUnary
  dart:async/zone.dart 733:19                      _CustomZone.runUnary
  dart:async/future_impl.dart 948:45               Future._propagateToListeners.handleValueCallback
  dart:async/future_impl.dart 977:13               Future._propagateToListeners
  dart:async/future_impl.dart 862:9                Future._propagateToListeners
  dart:async/future_impl.dart 720:5                Future._completeWithValue
  dart:async/future_impl.dart 804:7                Future._asyncCompleteWithValue.<fn>
  dart:async/zone_root.dart 35:13                  _rootRun
  dart:async/zone.dart 726:19                      _CustomZone.run
  dart:async/zone.dart 625:7                       _CustomZone.runGuarded
  dart:async/zone.dart 666:23                      _CustomZone.bindCallbackGuarded.<fn>
  dart:async/schedule_microtask.dart 40:35         _microtaskLoop
  dart:async/schedule_microtask.dart 49:5          _startMicrotaskLoop
  dart:isolate-patch/isolate_patch.dart 127:13     _runPendingImmediateCallback
  dart:isolate-patch/isolate_patch.dart 193:5      _RawReceivePort._handleMessage
  
lib/core/database/daos/workouts_dao.dart:1002:56: Error: The argument type 'DateTime?' can't be assigned to the parameter type 'DateTime'.
 - 'DateTime' is from 'dart:core'.
                sessionId: sessionId, completedAt: set.completedAt)));
                                                       ^
00:00 +0 -4: loading C:/Users/Atharva Patil/Documents/projects/gymlog/test/radius_token_test.dart [E]
  Failed to load "C:/Users/Atharva Patil/Documents/projects/gymlog/test/radius_token_test.dart":
  Compilation failed for testPath=C:/Users/Atharva Patil/Documents/projects/gymlog/test/radius_token_test.dart: lib/core/database/daos/workouts_dao.dart:1002:56: Error: The argument type 'DateTime?' can't be assigned to the parameter type 'DateTime'.
   - 'DateTime' is from 'dart:core'.
                  sessionId: sessionId, completedAt: set.completedAt)));
                                                         ^
  .
00:00 +0 -4: loading C:/Users/Atharva Patil/Documents/projects/gymlog/test/upgrade/session_2_launchpad_test.dart [E]
  Error: The Dart compiler exited unexpectedly.
  package:flutter_tools/src/base/common.dart 34:3  throwToolExit
  package:flutter_tools/src/compile.dart 1009:11   DefaultResidentCompiler._compile.<fn>
  dart:async/zone_root.dart 48:47                  _rootRunUnary
  dart:async/zone.dart 733:19                      _CustomZone.runUnary
  dart:async/future_impl.dart 948:45               Future._propagateToListeners.handleValueCallback
  dart:async/future_impl.dart 977:13               Future._propagateToListeners
  dart:async/future_impl.dart 862:9                Future._propagateToListeners
  dart:async/future_impl.dart 720:5                Future._completeWithValue
  dart:async/future_impl.dart 804:7                Future._asyncCompleteWithValue.<fn>
  dart:async/zone_root.dart 35:13                  _rootRun
  dart:async/zone.dart 726:19                      _CustomZone.run
  dart:async/zone.dart 625:7                       _CustomZone.runGuarded
  dart:async/zone.dart 666:23                      _CustomZone.bindCallbackGuarded.<fn>
  dart:async/schedule_microtask.dart 40:35         _microtaskLoop
  dart:async/schedule_microtask.dart 49:5          _startMicrotaskLoop
  dart:isolate-patch/isolate_patch.dart 127:13     _runPendingImmediateCallback
  dart:isolate-patch/isolate_patch.dart 193:5      _RawReceivePort._handleMessage
  
lib/core/database/daos/workouts_dao.dart:1002:56: Error: The argument type 'DateTime?' can't be assigned to the parameter type 'DateTime'.
 - 'DateTime' is from 'dart:core'.
                sessionId: sessionId, completedAt: set.completedAt)));
                                                       ^
00:00 +0 -5: loading C:/Users/Atharva Patil/Documents/projects/gymlog/test/screens_theme_test.dart [E]
  Failed to load "C:/Users/Atharva Patil/Documents/projects/gymlog/test/screens_theme_test.dart":
  Compilation failed for testPath=C:/Users/Atharva Patil/Documents/projects/gymlog/test/screens_theme_test.dart: lib/core/database/daos/workouts_dao.dart:1002:56: Error: The argument type 'DateTime?' can't be assigned to the parameter type 'DateTime'.
   - 'DateTime' is from 'dart:core'.
                  sessionId: sessionId, completedAt: set.completedAt)));
                                                         ^
  .
00:00 +0 -5: loading C:/Users/Atharva Patil/Documents/projects/gymlog/test/upgrade/session_2_launchpad_test.dart [E]
  Error: The Dart compiler exited unexpectedly.
  package:flutter_tools/src/base/common.dart 34:3  throwToolExit
  package:flutter_tools/src/compile.dart 1009:11   DefaultResidentCompiler._compile.<fn>
  dart:async/zone_root.dart 48:47                  _rootRunUnary
  dart:async/zone.dart 733:19                      _CustomZone.runUnary
  dart:async/future_impl.dart 948:45               Future._propagateToListeners.handleValueCallback
  dart:async/future_impl.dart 977:13               Future._propagateToListeners
  dart:async/future_impl.dart 862:9                Future._propagateToListeners
  dart:async/future_impl.dart 720:5                Future._completeWithValue
  dart:async/future_impl.dart 804:7                Future._asyncCompleteWithValue.<fn>
  dart:async/zone_root.dart 35:13                  _rootRun
  dart:async/zone.dart 726:19                      _CustomZone.run
  dart:async/zone.dart 625:7                       _CustomZone.runGuarded
  dart:async/zone.dart 666:23                      _CustomZone.bindCallbackGuarded.<fn>
  dart:async/schedule_microtask.dart 40:35         _microtaskLoop
  dart:async/schedule_microtask.dart 49:5          _startMicrotaskLoop
  dart:isolate-patch/isolate_patch.dart 127:13     _runPendingImmediateCallback
  dart:isolate-patch/isolate_patch.dart 193:5      _RawReceivePort._handleMessage
  
00:00 +0 -5: C:/Users/Atharva Patil/Documents/projects/gymlog/test/no_ai_slop_copy_test.dart: no em/en dashes in lib copy (comments stripped)
00:00 +1 -5: Some tests failed.

Failing tests:
  C:/Users/Atharva Patil/Documents/projects/gymlog/test/radius_token_test.dart: loading C:/Users/Atharva Patil/Documents/projects/gymlog/test/radius_token_test.dart
  C:/Users/Atharva Patil/Documents/projects/gymlog/test/screens_theme_test.dart: loading C:/Users/Atharva Patil/Documents/projects/gymlog/test/screens_theme_test.dart
  C:/Users/Atharva Patil/Documents/projects/gymlog/test/upgrade/session_2_launch_actions_test.dart: loading C:/Users/Atharva Patil/Documents/projects/gymlog/test/upgrade/session_2_launch_actions_test.dart
  C:/Users/Atharva Patil/Documents/projects/gymlog/test/upgrade/session_2_launchpad_test.dart: loading C:/Users/Atharva Patil/Documents/projects/gymlog/test/upgrade/session_2_launchpad_test.dart
  C:/Users/Atharva Patil/Documents/projects/gymlog/test/upgrade/session_2_training_logic_test.dart: loading C:/Users/Atharva Patil/Documents/projects/gymlog/test/upgrade/session_2_training_logic_test.dart
