
▸ check inline GoogleFonts

▸ check non-semantic AppColors in migrated screens
▸ format
Formatted 362 files (0 changed) in 2.58 seconds.

▸ analyze
Analyzing gymlog...                                             
No issues found! (ran in 56.0s)

Unhandled exception:
SocketException: Connection attempt cancelled, host: www.google-analytics.com, port: 443
#0      _NativeSocket.startConnect (dart:io-patch/socket_patch.dart:817:35)
#1      _RawSocket.startConnect (dart:io-patch/socket_patch.dart:2281:26)
#2      RawSocket.startConnect (dart:io-patch/socket_patch.dart:41:23)
#3      RawSecureSocket.startConnect (dart:io/secure_socket.dart:334:22)
#4      SecureSocket.startConnect (dart:io/secure_socket.dart:85:28)
#5      _ConnectionTarget.connect (dart:_http/http_impl.dart:2692:26)
#6      _HttpClient._getConnection.connect (dart:_http/http_impl.dart:3197:12)
#7      _HttpClient._getConnection (dart:_http/http_impl.dart:3202:12)
#8      _HttpClient._openUrl (dart:_http/http_impl.dart:3021:12)
#9      _HttpClient.openUrl (dart:_http/http_impl.dart:2863:7)
#10     IOClient.send (package:http/src/io_client.dart:114:38)
#11     BaseClient._sendUnstreamed (package:http/src/base_client.dart:93:38)
#12     BaseClient.post (package:http/src/base_client.dart:32:7)
#13     GAClient.sendData (package:unified_analytics/src/ga_client.dart:65:28)
#14     AnalyticsImpl.send (package:unified_analytics/src/analytics.dart:629:38)
#15     _handleToolErrorImpl (package:flutter_tools/runner.dart:246:23)
#16     _handleToolError (package:flutter_tools/runner.dart:173:40)
#17     run.<anonymous closure>.<anonymous closure> (package:flutter_tools/runner.dart:139:15)
#18     _rootRunBinary (dart:async/zone_root.dart:70:47)
#19     _CustomZone.runBinary (dart:async/zone.dart:740:19)
#20     runZonedGuarded.<anonymous closure> (dart:async/zone_api.dart:134:22)
#21     _Zone._processUncaughtError (dart:async/zone.dart:482:14)
#22     _CustomZone.handleUncaughtError (dart:async/zone.dart:703:5)
#23     _CustomZone.runUnaryGuarded (dart:async/zone.dart:635:7)
#24     _BufferingStreamSubscription._sendData (dart:async/stream_impl.dart:381:11)
#25     _BufferingStreamSubscription._add (dart:async/stream_impl.dart:312:7)
#26     _SyncStreamControllerDispatch._sendData (dart:async/stream_controller.dart:798:19)
#27     _StreamController._add (dart:async/stream_controller.dart:663:7)
#28     _StreamController.add (dart:async/stream_controller.dart:618:5)
#29     _Socket._onData (dart:io-patch/socket_patch.dart:2874:41)
#30     _rootRunUnary (dart:async/zone_root.dart:56:13)
#31     _CustomZone.runUnary (dart:async/zone.dart:733:19)
#32     _CustomZone.runUnaryGuarded (dart:async/zone.dart:633:7)
#33     _BufferingStreamSubscription._sendData (dart:async/stream_impl.dart:381:11)
#34     _BufferingStreamSubscription._add (dart:async/stream_impl.dart:312:7)
#35     _SyncStreamControllerDispatch._sendData (dart:async/stream_controller.dart:798:19)
#36     _StreamController._add (dart:async/stream_controller.dart:663:7)
#37     _StreamController.add (dart:async/stream_controller.dart:618:5)
#38     new _RawSocket.<anonymous closure> (dart:io-patch/socket_patch.dart:2312:31)
#39     _NativeSocket.issueReadEvent.issue (dart:io-patch/socket_patch.dart:1647:14)
#40     _microtaskLoop (dart:async/schedule_microtask.dart:40:35)
#41     _startMicrotaskLoop (dart:async/schedule_microtask.dart:49:5)
#42     _runPendingImmediateCallback (dart:isolate-patch/isolate_patch.dart:127:13)
#43     _RawReceivePort._handleMessage (dart:isolate-patch/isolate_patch.dart:193:5)
✗ analyze failed
