00:00 +0: loading C:/Users/Atharva Patil/Documents/projects/gymlog/test/upgrade/session_1_render_test.dart
00:00 +0: (setUpAll)
00:00 +0: share-monument-higgsfield-1.0x-synthetic
00:00 +1: share-technical-higgsfield-1.0x-synthetic
00:00 +2: share-sticker-higgsfield-1.0x-synthetic
00:00 +3: share-duration-monument-higgsfield-1.0x-synthetic
00:00 +4: share-duration-technical-higgsfield-1.0x-synthetic
00:00 +5: share-duration-sticker-higgsfield-1.0x-synthetic
00:00 +6: share-distance-monument-higgsfield-1.0x-synthetic
00:00 +7: share-distance-technical-higgsfield-1.0x-synthetic
00:01 +8: share-distance-sticker-higgsfield-1.0x-synthetic
00:01 +9: share-monument-higgsfield-1.6x-synthetic
00:01 +10: share-technical-higgsfield-1.6x-synthetic
00:01 +11: share-sticker-higgsfield-1.6x-synthetic
00:01 +12: share-duration-monument-higgsfield-1.6x-synthetic
00:01 +13: share-duration-technical-higgsfield-1.6x-synthetic
00:01 +14: share-duration-sticker-higgsfield-1.6x-synthetic
00:01 +15: share-distance-monument-higgsfield-1.6x-synthetic
00:01 +16: share-distance-technical-higgsfield-1.6x-synthetic
00:01 +17: share-distance-sticker-higgsfield-1.6x-synthetic
00:01 +18: share-monument-neonPurple-1.0x-synthetic
00:01 +19: share-technical-neonPurple-1.0x-synthetic
00:01 +20: share-sticker-neonPurple-1.0x-synthetic
00:01 +21: share-duration-monument-neonPurple-1.0x-synthetic
00:01 +22: share-duration-technical-neonPurple-1.0x-synthetic
00:02 +23: share-duration-sticker-neonPurple-1.0x-synthetic
00:02 +24: share-distance-monument-neonPurple-1.0x-synthetic
00:02 +25: share-distance-technical-neonPurple-1.0x-synthetic
00:02 +26: share-distance-sticker-neonPurple-1.0x-synthetic
00:02 +27: share-monument-neonPurple-1.6x-synthetic
00:02 +28: share-technical-neonPurple-1.6x-synthetic
00:02 +29: share-sticker-neonPurple-1.6x-synthetic
00:02 +30: share-duration-monument-neonPurple-1.6x-synthetic
00:02 +31: share-duration-technical-neonPurple-1.6x-synthetic
00:02 +32: share-duration-sticker-neonPurple-1.6x-synthetic
00:02 +33: share-distance-monument-neonPurple-1.6x-synthetic
00:02 +34: share-distance-technical-neonPurple-1.6x-synthetic
00:02 +35: share-distance-sticker-neonPurple-1.6x-synthetic
00:02 +36: share-monument-white-1.0x-synthetic
00:03 +37: share-technical-white-1.0x-synthetic
00:03 +38: share-sticker-white-1.0x-synthetic
00:03 +39: share-duration-monument-white-1.0x-synthetic
00:03 +40: share-duration-technical-white-1.0x-synthetic
00:03 +41: share-duration-sticker-white-1.0x-synthetic
00:03 +42: share-distance-monument-white-1.0x-synthetic
00:03 +43: share-distance-technical-white-1.0x-synthetic
00:03 +44: share-distance-sticker-white-1.0x-synthetic
00:03 +45: share-monument-white-1.6x-synthetic
00:03 +46: share-technical-white-1.6x-synthetic
00:03 +47: share-sticker-white-1.6x-synthetic
00:03 +48: share-duration-monument-white-1.6x-synthetic
00:03 +49: share-duration-technical-white-1.6x-synthetic
00:03 +50: share-duration-sticker-white-1.6x-synthetic
00:03 +51: share-distance-monument-white-1.6x-synthetic
00:04 +52: share-distance-technical-white-1.6x-synthetic
00:04 +53: share-distance-sticker-white-1.6x-synthetic
00:04 +54: share-monument-neonCyan-1.0x-synthetic
00:04 +55: share-technical-neonCyan-1.0x-synthetic
00:04 +56: share-sticker-neonCyan-1.0x-synthetic
00:04 +57: share-duration-monument-neonCyan-1.0x-synthetic
00:04 +58: share-duration-technical-neonCyan-1.0x-synthetic
00:04 +59: share-duration-sticker-neonCyan-1.0x-synthetic
00:04 +60: share-distance-monument-neonCyan-1.0x-synthetic
00:04 +61: share-distance-technical-neonCyan-1.0x-synthetic
00:04 +62: share-distance-sticker-neonCyan-1.0x-synthetic
00:05 +63: share-monument-neonCyan-1.6x-synthetic
00:05 +64: share-technical-neonCyan-1.6x-synthetic
00:05 +65: share-sticker-neonCyan-1.6x-synthetic
00:05 +66: share-duration-monument-neonCyan-1.6x-synthetic
00:05 +67: share-duration-technical-neonCyan-1.6x-synthetic
00:05 +68: share-duration-sticker-neonCyan-1.6x-synthetic
00:05 +69: share-distance-monument-neonCyan-1.6x-synthetic
00:05 +70: share-distance-technical-neonCyan-1.6x-synthetic
00:05 +71: share-distance-sticker-neonCyan-1.6x-synthetic
00:05 +72: share-monument-neonMagenta-1.0x-synthetic
00:05 +73: share-technical-neonMagenta-1.0x-synthetic
00:05 +74: share-sticker-neonMagenta-1.0x-synthetic
00:06 +75: share-duration-monument-neonMagenta-1.0x-synthetic
00:06 +76: share-duration-technical-neonMagenta-1.0x-synthetic
00:06 +77: share-duration-sticker-neonMagenta-1.0x-synthetic
00:06 +78: share-distance-monument-neonMagenta-1.0x-synthetic
00:06 +79: share-distance-technical-neonMagenta-1.0x-synthetic
00:06 +80: share-distance-sticker-neonMagenta-1.0x-synthetic
00:06 +81: share-monument-neonMagenta-1.6x-synthetic
00:06 +82: share-technical-neonMagenta-1.6x-synthetic
00:06 +83: share-sticker-neonMagenta-1.6x-synthetic
00:06 +84: share-duration-monument-neonMagenta-1.6x-synthetic
00:06 +85: share-duration-technical-neonMagenta-1.6x-synthetic
00:06 +86: share-duration-sticker-neonMagenta-1.6x-synthetic
00:06 +87: share-distance-monument-neonMagenta-1.6x-synthetic
00:06 +88: share-distance-technical-neonMagenta-1.6x-synthetic
00:07 +89: share-distance-sticker-neonMagenta-1.6x-synthetic
00:07 +90: share-monument-blazeOrange-1.0x-synthetic
00:07 +91: share-technical-blazeOrange-1.0x-synthetic
00:07 +92: share-sticker-blazeOrange-1.0x-synthetic
00:07 +93: share-duration-monument-blazeOrange-1.0x-synthetic
00:07 +94: share-duration-technical-blazeOrange-1.0x-synthetic
00:07 +95: share-duration-sticker-blazeOrange-1.0x-synthetic
00:07 +96: share-distance-monument-blazeOrange-1.0x-synthetic
00:07 +97: share-distance-technical-blazeOrange-1.0x-synthetic
00:07 +98: share-distance-sticker-blazeOrange-1.0x-synthetic
00:07 +99: share-monument-blazeOrange-1.6x-synthetic
00:07 +100: share-technical-blazeOrange-1.6x-synthetic
00:07 +101: share-sticker-blazeOrange-1.6x-synthetic
00:07 +102: share-duration-monument-blazeOrange-1.6x-synthetic
00:07 +103: share-duration-technical-blazeOrange-1.6x-synthetic
00:07 +104: share-duration-sticker-blazeOrange-1.6x-synthetic
00:08 +105: share-distance-monument-blazeOrange-1.6x-synthetic
00:08 +106: share-distance-technical-blazeOrange-1.6x-synthetic
00:08 +107: share-distance-sticker-blazeOrange-1.6x-synthetic
00:08 +108: (tearDownAll)
00:08 +108: All tests passed!
