00:00 +0: loading C:/Users/Atharva Patil/Documents/projects/gymlog/test/upgrade/session_1_render_test.dart
00:00 +0: (setUpAll)
00:00 +0: pr-pace-higgsfield-1.0x-synthetic
00:00 +1: share-pace-monument-higgsfield-1.0x-synthetic
00:00 +2: share-pace-technical-higgsfield-1.0x-synthetic
00:00 +3: share-pace-sticker-higgsfield-1.0x-synthetic
00:00 +4: pr-pace-higgsfield-1.6x-synthetic
00:00 +5: share-pace-monument-higgsfield-1.6x-synthetic
00:00 +6: share-pace-technical-higgsfield-1.6x-synthetic
00:01 +7: share-pace-sticker-higgsfield-1.6x-synthetic
00:01 +8: pr-pace-neonPurple-1.0x-synthetic
00:01 +9: share-pace-monument-neonPurple-1.0x-synthetic
00:01 +10: share-pace-technical-neonPurple-1.0x-synthetic
00:01 +11: share-pace-sticker-neonPurple-1.0x-synthetic
00:01 +12: pr-pace-neonPurple-1.6x-synthetic
00:01 +13: share-pace-monument-neonPurple-1.6x-synthetic
00:01 +14: share-pace-technical-neonPurple-1.6x-synthetic
00:01 +15: share-pace-sticker-neonPurple-1.6x-synthetic
00:01 +16: pr-pace-white-1.0x-synthetic
00:01 +17: share-pace-monument-white-1.0x-synthetic
00:01 +18: share-pace-technical-white-1.0x-synthetic
00:01 +19: share-pace-sticker-white-1.0x-synthetic
00:01 +20: pr-pace-white-1.6x-synthetic
00:02 +21: share-pace-monument-white-1.6x-synthetic
00:02 +22: share-pace-technical-white-1.6x-synthetic
00:02 +23: share-pace-sticker-white-1.6x-synthetic
00:02 +24: pr-pace-neonCyan-1.0x-synthetic
00:02 +25: share-pace-monument-neonCyan-1.0x-synthetic
00:02 +26: share-pace-technical-neonCyan-1.0x-synthetic
00:02 +27: share-pace-sticker-neonCyan-1.0x-synthetic
00:02 +28: pr-pace-neonCyan-1.6x-synthetic
00:02 +29: share-pace-monument-neonCyan-1.6x-synthetic
00:02 +30: share-pace-technical-neonCyan-1.6x-synthetic
00:02 +31: share-pace-sticker-neonCyan-1.6x-synthetic
00:02 +32: pr-pace-neonMagenta-1.0x-synthetic
00:02 +33: share-pace-monument-neonMagenta-1.0x-synthetic
00:03 +34: share-pace-technical-neonMagenta-1.0x-synthetic
00:03 +35: share-pace-sticker-neonMagenta-1.0x-synthetic
00:03 +36: pr-pace-neonMagenta-1.6x-synthetic
00:03 +37: share-pace-monument-neonMagenta-1.6x-synthetic
00:03 +38: share-pace-technical-neonMagenta-1.6x-synthetic
00:03 +39: share-pace-sticker-neonMagenta-1.6x-synthetic
00:03 +40: pr-pace-blazeOrange-1.0x-synthetic
00:03 +41: share-pace-monument-blazeOrange-1.0x-synthetic
00:03 +42: share-pace-technical-blazeOrange-1.0x-synthetic
00:03 +43: share-pace-sticker-blazeOrange-1.0x-synthetic
00:03 +44: pr-pace-blazeOrange-1.6x-synthetic
00:03 +45: share-pace-monument-blazeOrange-1.6x-synthetic
00:04 +46: share-pace-technical-blazeOrange-1.6x-synthetic
00:04 +47: share-pace-sticker-blazeOrange-1.6x-synthetic
00:04 +48: (tearDownAll)
00:04 +48: All tests passed!
