00:00 +0: loading C:/Users/Atharva Patil/Documents/projects/gymlog/test/upgrade/session_2_acceptance_render_test.dart
00:00 +0: (setUpAll)
00:00 +0: home-chosen-higgsfield-1.0x-synthetic
00:03 +1: library-chosen-higgsfield-1.0x-synthetic
00:03 +2: home-no-choice-higgsfield-1.0x-synthetic
00:03 +3: library-no-choice-higgsfield-1.0x-synthetic
00:04 +4: home-deleted-choice-higgsfield-1.0x-synthetic
00:04 +5: library-deleted-choice-higgsfield-1.0x-synthetic
00:04 +6: home-empty-choice-higgsfield-1.0x-synthetic
00:05 +7: library-empty-choice-higgsfield-1.0x-synthetic
00:05 +8: home-new-user-higgsfield-1.0x-synthetic
00:05 +9: library-new-user-higgsfield-1.0x-synthetic
00:05 +10: home-no-routine-higgsfield-1.0x-synthetic
00:06 +11: library-no-routine-higgsfield-1.0x-synthetic
00:06 +12: home-inactive-return-higgsfield-1.0x-synthetic
00:06 +13: library-inactive-return-higgsfield-1.0x-synthetic
00:06 +14: home-low-data-higgsfield-1.0x-synthetic
00:07 +15: library-low-data-higgsfield-1.0x-synthetic
00:07 +16: home-error-higgsfield-1.0x-synthetic
00:07 +17: library-error-higgsfield-1.0x-synthetic
00:07 +18: home-previous-error-higgsfield-1.0x-synthetic
00:07 +19: library-previous-error-higgsfield-1.0x-synthetic
00:08 +20: home-choice-error-higgsfield-1.0x-synthetic
00:08 +21: library-choice-error-higgsfield-1.0x-synthetic
00:08 +22: home-loading-higgsfield-1.0x-synthetic
00:09 +23: library-loading-higgsfield-1.0x-synthetic
00:09 +24: home-chosen-higgsfield-1.6x-synthetic
00:09 +25: library-chosen-higgsfield-1.6x-synthetic
00:09 +26: home-no-choice-higgsfield-1.6x-synthetic
00:10 +27: library-no-choice-higgsfield-1.6x-synthetic
00:10 +28: home-deleted-choice-higgsfield-1.6x-synthetic
00:10 +29: library-deleted-choice-higgsfield-1.6x-synthetic
00:10 +30: home-empty-choice-higgsfield-1.6x-synthetic
00:11 +31: library-empty-choice-higgsfield-1.6x-synthetic
00:11 +32: home-new-user-higgsfield-1.6x-synthetic
00:11 +33: library-new-user-higgsfield-1.6x-synthetic
00:11 +34: home-no-routine-higgsfield-1.6x-synthetic
00:11 +35: library-no-routine-higgsfield-1.6x-synthetic
00:12 +36: home-inactive-return-higgsfield-1.6x-synthetic
00:12 +37: library-inactive-return-higgsfield-1.6x-synthetic
00:12 +38: home-low-data-higgsfield-1.6x-synthetic
00:12 +39: library-low-data-higgsfield-1.6x-synthetic
00:13 +40: home-error-higgsfield-1.6x-synthetic
00:13 +41: library-error-higgsfield-1.6x-synthetic
00:13 +42: home-previous-error-higgsfield-1.6x-synthetic
00:14 +43: library-previous-error-higgsfield-1.6x-synthetic
00:14 +44: home-choice-error-higgsfield-1.6x-synthetic
00:14 +45: library-choice-error-higgsfield-1.6x-synthetic
00:14 +46: home-loading-higgsfield-1.6x-synthetic
00:15 +47: library-loading-higgsfield-1.6x-synthetic
00:15 +48: home-chosen-neonPurple-1.0x-synthetic
00:15 +49: library-chosen-neonPurple-1.0x-synthetic
00:16 +50: home-no-choice-neonPurple-1.0x-synthetic
00:16 +51: library-no-choice-neonPurple-1.0x-synthetic
00:16 +52: home-deleted-choice-neonPurple-1.0x-synthetic
00:16 +53: library-deleted-choice-neonPurple-1.0x-synthetic
00:17 +54: home-empty-choice-neonPurple-1.0x-synthetic
00:17 +55: library-empty-choice-neonPurple-1.0x-synthetic
00:17 +56: home-new-user-neonPurple-1.0x-synthetic
00:17 +57: library-new-user-neonPurple-1.0x-synthetic
00:17 +58: home-no-routine-neonPurple-1.0x-synthetic
00:18 +59: library-no-routine-neonPurple-1.0x-synthetic
00:18 +60: home-inactive-return-neonPurple-1.0x-synthetic
00:18 +61: library-inactive-return-neonPurple-1.0x-synthetic
00:18 +62: home-low-data-neonPurple-1.0x-synthetic
00:19 +63: library-low-data-neonPurple-1.0x-synthetic
00:19 +64: home-error-neonPurple-1.0x-synthetic
00:19 +65: library-error-neonPurple-1.0x-synthetic
00:19 +66: home-previous-error-neonPurple-1.0x-synthetic
00:19 +67: library-previous-error-neonPurple-1.0x-synthetic
00:19 +68: home-choice-error-neonPurple-1.0x-synthetic
00:20 +69: library-choice-error-neonPurple-1.0x-synthetic
00:20 +70: home-loading-neonPurple-1.0x-synthetic
00:20 +71: library-loading-neonPurple-1.0x-synthetic
00:20 +72: home-chosen-neonPurple-1.6x-synthetic
00:21 +73: library-chosen-neonPurple-1.6x-synthetic
00:21 +74: home-no-choice-neonPurple-1.6x-synthetic
00:21 +75: library-no-choice-neonPurple-1.6x-synthetic
00:21 +76: home-deleted-choice-neonPurple-1.6x-synthetic
00:22 +77: library-deleted-choice-neonPurple-1.6x-synthetic
00:22 +78: home-empty-choice-neonPurple-1.6x-synthetic
00:22 +79: library-empty-choice-neonPurple-1.6x-synthetic
00:22 +80: home-new-user-neonPurple-1.6x-synthetic
00:22 +81: library-new-user-neonPurple-1.6x-synthetic
00:23 +82: home-no-routine-neonPurple-1.6x-synthetic
00:23 +83: library-no-routine-neonPurple-1.6x-synthetic
00:23 +84: home-inactive-return-neonPurple-1.6x-synthetic
00:23 +85: library-inactive-return-neonPurple-1.6x-synthetic
00:23 +86: home-low-data-neonPurple-1.6x-synthetic
00:23 +87: library-low-data-neonPurple-1.6x-synthetic
00:24 +88: home-error-neonPurple-1.6x-synthetic
00:24 +89: library-error-neonPurple-1.6x-synthetic
00:24 +90: home-previous-error-neonPurple-1.6x-synthetic
00:24 +91: library-previous-error-neonPurple-1.6x-synthetic
00:24 +92: home-choice-error-neonPurple-1.6x-synthetic
00:24 +93: library-choice-error-neonPurple-1.6x-synthetic
00:25 +94: home-loading-neonPurple-1.6x-synthetic
00:25 +95: library-loading-neonPurple-1.6x-synthetic
00:25 +96: home-chosen-white-1.0x-synthetic
00:25 +97: library-chosen-white-1.0x-synthetic
00:25 +98: home-no-choice-white-1.0x-synthetic
00:25 +99: library-no-choice-white-1.0x-synthetic
00:26 +100: home-deleted-choice-white-1.0x-synthetic
00:26 +101: library-deleted-choice-white-1.0x-synthetic
00:26 +102: home-empty-choice-white-1.0x-synthetic
00:26 +103: library-empty-choice-white-1.0x-synthetic
00:26 +104: home-new-user-white-1.0x-synthetic
00:26 +105: library-new-user-white-1.0x-synthetic
00:26 +106: home-no-routine-white-1.0x-synthetic
00:26 +107: library-no-routine-white-1.0x-synthetic
00:26 +108: home-inactive-return-white-1.0x-synthetic
00:27 +109: library-inactive-return-white-1.0x-synthetic
00:27 +110: home-low-data-white-1.0x-synthetic
00:27 +111: library-low-data-white-1.0x-synthetic
00:27 +112: home-error-white-1.0x-synthetic
00:27 +113: library-error-white-1.0x-synthetic
00:27 +114: home-previous-error-white-1.0x-synthetic
00:27 +115: library-previous-error-white-1.0x-synthetic
00:28 +116: home-choice-error-white-1.0x-synthetic
00:28 +117: library-choice-error-white-1.0x-synthetic
00:28 +118: home-loading-white-1.0x-synthetic
00:28 +119: library-loading-white-1.0x-synthetic
00:28 +120: home-chosen-white-1.6x-synthetic
00:28 +121: library-chosen-white-1.6x-synthetic
00:28 +122: home-no-choice-white-1.6x-synthetic
00:29 +123: library-no-choice-white-1.6x-synthetic
00:29 +124: home-deleted-choice-white-1.6x-synthetic
00:29 +125: library-deleted-choice-white-1.6x-synthetic
00:29 +126: home-empty-choice-white-1.6x-synthetic
00:29 +127: library-empty-choice-white-1.6x-synthetic
00:29 +128: home-new-user-white-1.6x-synthetic
00:29 +129: library-new-user-white-1.6x-synthetic
00:29 +130: home-no-routine-white-1.6x-synthetic
00:30 +131: library-no-routine-white-1.6x-synthetic
00:30 +132: home-inactive-return-white-1.6x-synthetic
00:30 +133: library-inactive-return-white-1.6x-synthetic
00:30 +134: home-low-data-white-1.6x-synthetic
00:30 +135: library-low-data-white-1.6x-synthetic
00:31 +136: home-error-white-1.6x-synthetic
00:31 +137: library-error-white-1.6x-synthetic
00:31 +138: home-previous-error-white-1.6x-synthetic
00:31 +139: library-previous-error-white-1.6x-synthetic
00:31 +140: home-choice-error-white-1.6x-synthetic
00:31 +141: library-choice-error-white-1.6x-synthetic
00:31 +142: home-loading-white-1.6x-synthetic
00:32 +143: library-loading-white-1.6x-synthetic
00:32 +144: home-chosen-neonCyan-1.0x-synthetic
00:32 +145: library-chosen-neonCyan-1.0x-synthetic
00:32 +146: home-no-choice-neonCyan-1.0x-synthetic
00:32 +147: library-no-choice-neonCyan-1.0x-synthetic
00:32 +148: home-deleted-choice-neonCyan-1.0x-synthetic
00:32 +149: library-deleted-choice-neonCyan-1.0x-synthetic
00:33 +150: home-empty-choice-neonCyan-1.0x-synthetic
00:33 +151: library-empty-choice-neonCyan-1.0x-synthetic
00:33 +152: home-new-user-neonCyan-1.0x-synthetic
00:33 +153: library-new-user-neonCyan-1.0x-synthetic
00:33 +154: home-no-routine-neonCyan-1.0x-synthetic
00:33 +155: library-no-routine-neonCyan-1.0x-synthetic
00:33 +156: home-inactive-return-neonCyan-1.0x-synthetic
00:34 +157: library-inactive-return-neonCyan-1.0x-synthetic
00:34 +158: home-low-data-neonCyan-1.0x-synthetic
00:34 +159: library-low-data-neonCyan-1.0x-synthetic
00:34 +160: home-error-neonCyan-1.0x-synthetic
00:34 +161: library-error-neonCyan-1.0x-synthetic
00:34 +162: home-previous-error-neonCyan-1.0x-synthetic
00:34 +163: library-previous-error-neonCyan-1.0x-synthetic
00:35 +164: home-choice-error-neonCyan-1.0x-synthetic
00:35 +165: library-choice-error-neonCyan-1.0x-synthetic
00:35 +166: home-loading-neonCyan-1.0x-synthetic
00:35 +167: library-loading-neonCyan-1.0x-synthetic
00:35 +168: home-chosen-neonCyan-1.6x-synthetic
00:35 +169: library-chosen-neonCyan-1.6x-synthetic
00:35 +170: home-no-choice-neonCyan-1.6x-synthetic
00:35 +171: library-no-choice-neonCyan-1.6x-synthetic
00:36 +172: home-deleted-choice-neonCyan-1.6x-synthetic
00:36 +173: library-deleted-choice-neonCyan-1.6x-synthetic
00:36 +174: home-empty-choice-neonCyan-1.6x-synthetic
00:36 +175: library-empty-choice-neonCyan-1.6x-synthetic
00:36 +176: home-new-user-neonCyan-1.6x-synthetic
00:36 +177: library-new-user-neonCyan-1.6x-synthetic
00:36 +178: home-no-routine-neonCyan-1.6x-synthetic
00:36 +179: library-no-routine-neonCyan-1.6x-synthetic
00:37 +180: home-inactive-return-neonCyan-1.6x-synthetic
00:37 +181: library-inactive-return-neonCyan-1.6x-synthetic
00:37 +182: home-low-data-neonCyan-1.6x-synthetic
00:37 +183: library-low-data-neonCyan-1.6x-synthetic
00:37 +184: home-error-neonCyan-1.6x-synthetic
00:37 +185: library-error-neonCyan-1.6x-synthetic
00:37 +186: home-previous-error-neonCyan-1.6x-synthetic
00:38 +187: library-previous-error-neonCyan-1.6x-synthetic
00:38 +188: home-choice-error-neonCyan-1.6x-synthetic
00:38 +189: library-choice-error-neonCyan-1.6x-synthetic
00:38 +190: home-loading-neonCyan-1.6x-synthetic
00:38 +191: library-loading-neonCyan-1.6x-synthetic
00:38 +192: home-chosen-neonMagenta-1.0x-synthetic
00:39 +193: library-chosen-neonMagenta-1.0x-synthetic
00:39 +194: home-no-choice-neonMagenta-1.0x-synthetic
00:39 +195: library-no-choice-neonMagenta-1.0x-synthetic
00:39 +196: home-deleted-choice-neonMagenta-1.0x-synthetic
00:39 +197: library-deleted-choice-neonMagenta-1.0x-synthetic
00:39 +198: home-empty-choice-neonMagenta-1.0x-synthetic
00:40 +199: library-empty-choice-neonMagenta-1.0x-synthetic
00:40 +200: home-new-user-neonMagenta-1.0x-synthetic
00:40 +201: library-new-user-neonMagenta-1.0x-synthetic
00:40 +202: home-no-routine-neonMagenta-1.0x-synthetic
00:40 +203: library-no-routine-neonMagenta-1.0x-synthetic
00:40 +204: home-inactive-return-neonMagenta-1.0x-synthetic
00:40 +205: library-inactive-return-neonMagenta-1.0x-synthetic
00:41 +206: home-low-data-neonMagenta-1.0x-synthetic
00:41 +207: library-low-data-neonMagenta-1.0x-synthetic
00:41 +208: home-error-neonMagenta-1.0x-synthetic
00:41 +209: library-error-neonMagenta-1.0x-synthetic
00:41 +210: home-previous-error-neonMagenta-1.0x-synthetic
00:41 +211: library-previous-error-neonMagenta-1.0x-synthetic
00:41 +212: home-choice-error-neonMagenta-1.0x-synthetic
00:41 +213: library-choice-error-neonMagenta-1.0x-synthetic
00:41 +214: home-loading-neonMagenta-1.0x-synthetic
00:42 +215: library-loading-neonMagenta-1.0x-synthetic
00:42 +216: home-chosen-neonMagenta-1.6x-synthetic
00:42 +217: library-chosen-neonMagenta-1.6x-synthetic
00:42 +218: home-no-choice-neonMagenta-1.6x-synthetic
00:42 +219: library-no-choice-neonMagenta-1.6x-synthetic
00:42 +220: home-deleted-choice-neonMagenta-1.6x-synthetic
00:43 +221: library-deleted-choice-neonMagenta-1.6x-synthetic
00:43 +222: home-empty-choice-neonMagenta-1.6x-synthetic
00:43 +223: library-empty-choice-neonMagenta-1.6x-synthetic
00:43 +224: home-new-user-neonMagenta-1.6x-synthetic
00:43 +225: library-new-user-neonMagenta-1.6x-synthetic
00:44 +226: home-no-routine-neonMagenta-1.6x-synthetic
00:44 +227: library-no-routine-neonMagenta-1.6x-synthetic
00:44 +228: home-inactive-return-neonMagenta-1.6x-synthetic
00:44 +229: library-inactive-return-neonMagenta-1.6x-synthetic
00:44 +230: home-low-data-neonMagenta-1.6x-synthetic
00:44 +231: library-low-data-neonMagenta-1.6x-synthetic
00:45 +232: home-error-neonMagenta-1.6x-synthetic
00:45 +233: library-error-neonMagenta-1.6x-synthetic
00:45 +234: home-previous-error-neonMagenta-1.6x-synthetic
00:45 +235: library-previous-error-neonMagenta-1.6x-synthetic
00:45 +236: home-choice-error-neonMagenta-1.6x-synthetic
00:45 +237: library-choice-error-neonMagenta-1.6x-synthetic
00:45 +238: home-loading-neonMagenta-1.6x-synthetic
00:46 +239: library-loading-neonMagenta-1.6x-synthetic
00:46 +240: home-chosen-blazeOrange-1.0x-synthetic
00:46 +241: library-chosen-blazeOrange-1.0x-synthetic
00:46 +242: home-no-choice-blazeOrange-1.0x-synthetic
00:47 +243: library-no-choice-blazeOrange-1.0x-synthetic
00:47 +244: home-deleted-choice-blazeOrange-1.0x-synthetic
00:47 +245: library-deleted-choice-blazeOrange-1.0x-synthetic
00:47 +246: home-empty-choice-blazeOrange-1.0x-synthetic
00:47 +247: library-empty-choice-blazeOrange-1.0x-synthetic
00:48 +248: home-new-user-blazeOrange-1.0x-synthetic
00:48 +249: library-new-user-blazeOrange-1.0x-synthetic
00:48 +250: home-no-routine-blazeOrange-1.0x-synthetic
00:48 +251: library-no-routine-blazeOrange-1.0x-synthetic
00:48 +252: home-inactive-return-blazeOrange-1.0x-synthetic
00:48 +253: library-inactive-return-blazeOrange-1.0x-synthetic
00:48 +254: home-low-data-blazeOrange-1.0x-synthetic
00:48 +255: library-low-data-blazeOrange-1.0x-synthetic
00:49 +256: home-error-blazeOrange-1.0x-synthetic
00:49 +257: library-error-blazeOrange-1.0x-synthetic
00:49 +258: home-previous-error-blazeOrange-1.0x-synthetic
00:49 +259: library-previous-error-blazeOrange-1.0x-synthetic
00:49 +260: home-choice-error-blazeOrange-1.0x-synthetic
00:49 +261: library-choice-error-blazeOrange-1.0x-synthetic
00:50 +262: home-loading-blazeOrange-1.0x-synthetic
00:50 +263: library-loading-blazeOrange-1.0x-synthetic
00:50 +264: home-chosen-blazeOrange-1.6x-synthetic
00:50 +265: library-chosen-blazeOrange-1.6x-synthetic
00:50 +266: home-no-choice-blazeOrange-1.6x-synthetic
00:50 +267: library-no-choice-blazeOrange-1.6x-synthetic
00:51 +268: home-deleted-choice-blazeOrange-1.6x-synthetic
00:51 +269: library-deleted-choice-blazeOrange-1.6x-synthetic
00:51 +270: home-empty-choice-blazeOrange-1.6x-synthetic
00:51 +271: library-empty-choice-blazeOrange-1.6x-synthetic
00:51 +272: home-new-user-blazeOrange-1.6x-synthetic
00:51 +273: library-new-user-blazeOrange-1.6x-synthetic
00:52 +274: home-no-routine-blazeOrange-1.6x-synthetic
00:52 +275: library-no-routine-blazeOrange-1.6x-synthetic
00:52 +276: home-inactive-return-blazeOrange-1.6x-synthetic
00:52 +277: library-inactive-return-blazeOrange-1.6x-synthetic
00:52 +278: home-low-data-blazeOrange-1.6x-synthetic
00:52 +279: library-low-data-blazeOrange-1.6x-synthetic
00:53 +280: home-error-blazeOrange-1.6x-synthetic
00:53 +281: library-error-blazeOrange-1.6x-synthetic
00:53 +282: home-previous-error-blazeOrange-1.6x-synthetic
00:53 +283: library-previous-error-blazeOrange-1.6x-synthetic
00:53 +284: home-choice-error-blazeOrange-1.6x-synthetic
00:54 +285: library-choice-error-blazeOrange-1.6x-synthetic
00:54 +286: home-loading-blazeOrange-1.6x-synthetic
00:54 +287: library-loading-blazeOrange-1.6x-synthetic
00:54 +288: (tearDownAll)
00:54 +288: All tests passed!
