00:00 +0: loading C:/Users/Atharva Patil/Documents/projects/gymlog/test/upgrade/session_2_launchpad_test.dart
00:00 +0: C:/Users/Atharva Patil/Documents/projects/gymlog/test/upgrade/session_2_launchpad_test.dart: home labels a one-set plan in the singular
00:00 +1: C:/Users/Atharva Patil/Documents/projects/gymlog/test/upgrade/session_2_launchpad_test.dart: home labels a one-set plan in the singular
00:00 +2: C:/Users/Atharva Patil/Documents/projects/gymlog/test/upgrade/session_2_launchpad_test.dart: home labels a one-set plan in the singular
00:00 +3: C:/Users/Atharva Patil/Documents/projects/gymlog/test/upgrade/session_2_launchpad_test.dart: home labels a one-set plan in the singular
00:00 +4: C:/Users/Atharva Patil/Documents/projects/gymlog/test/upgrade/session_2_launchpad_test.dart: home labels a one-set plan in the singular
00:00 +5: C:/Users/Atharva Patil/Documents/projects/gymlog/test/upgrade/session_2_launchpad_test.dart: home labels a one-set plan in the singular
00:00 +6: C:/Users/Atharva Patil/Documents/projects/gymlog/test/upgrade/session_2_launchpad_test.dart: home labels a one-set plan in the singular
00:00 +7: C:/Users/Atharva Patil/Documents/projects/gymlog/test/upgrade/session_2_launchpad_test.dart: home labels a one-set plan in the singular
00:00 +8: C:/Users/Atharva Patil/Documents/projects/gymlog/test/upgrade/session_2_launchpad_test.dart: home labels a one-set plan in the singular
00:01 +9: C:/Users/Atharva Patil/Documents/projects/gymlog/test/upgrade/session_2_launchpad_test.dart: home labels a one-set plan in the singular
00:01 +10: C:/Users/Atharva Patil/Documents/projects/gymlog/test/upgrade/session_2_launchpad_test.dart: home labels a one-set plan in the singular
00:01 +11: C:/Users/Atharva Patil/Documents/projects/gymlog/test/upgrade/session_2_launchpad_test.dart: home labels a one-set plan in the singular
00:01 +12: C:/Users/Atharva Patil/Documents/projects/gymlog/test/upgrade/session_2_launchpad_test.dart: home labels a one-set plan in the singular
00:01 +13: C:/Users/Atharva Patil/Documents/projects/gymlog/test/upgrade/session_2_launchpad_test.dart: home labels a one-set plan in the singular
00:01 +14: C:/Users/Atharva Patil/Documents/projects/gymlog/test/upgrade/session_2_launchpad_test.dart: home labels a one-set plan in the singular
00:02 +15: C:/Users/Atharva Patil/Documents/projects/gymlog/test/upgrade/session_2_launchpad_test.dart: home guards an emptied chosen plan
00:03 +16: C:/Users/Atharva Patil/Documents/projects/gymlog/test/upgrade/session_2_launchpad_test.dart: home choice read failure is distinct from no choice
00:03 +17: C:/Users/Atharva Patil/Documents/projects/gymlog/test/upgrade/session_2_launchpad_test.dart: home uses explicit choice and one-tap Change
00:04 +18: C:/Users/Atharva Patil/Documents/projects/gymlog/test/upgrade/session_2_launchpad_test.dart: home never chooses the first routine by inference
00:04 +19: C:/Users/Atharva Patil/Documents/projects/gymlog/test/upgrade/session_2_launchpad_test.dart: home shows a deleted choice without replacing it
00:04 +20: C:/Users/Atharva Patil/Documents/projects/gymlog/test/upgrade/session_2_launchpad_test.dart: home new user has a designed first-session entry
00:04 +21: C:/Users/Atharva Patil/Documents/projects/gymlog/test/upgrade/session_2_launchpad_test.dart: library labels a one-set plan in the singular
00:04 +22: C:/Users/Atharva Patil/Documents/projects/gymlog/test/upgrade/session_2_launchpad_test.dart: library guards an emptied chosen plan
00:04 +23: C:/Users/Atharva Patil/Documents/projects/gymlog/test/upgrade/session_2_launchpad_test.dart: library choice read failure is distinct from no choice
00:05 +24: C:/Users/Atharva Patil/Documents/projects/gymlog/test/upgrade/session_2_launchpad_test.dart: library uses explicit choice and one-tap Change
00:05 +25: C:/Users/Atharva Patil/Documents/projects/gymlog/test/upgrade/session_2_launchpad_test.dart: library never chooses the first routine by inference
00:05 +26: C:/Users/Atharva Patil/Documents/projects/gymlog/test/upgrade/session_2_launchpad_test.dart: library shows a deleted choice without replacing it
00:06 +27: C:/Users/Atharva Patil/Documents/projects/gymlog/test/upgrade/session_2_launchpad_test.dart: library new user has a designed first-session entry
00:06 +28: C:/Users/Atharva Patil/Documents/projects/gymlog/test/upgrade/session_2_launchpad_test.dart: Empty Library prioritizes browsing and avoids duplicate errors
00:06 +29: C:/Users/Atharva Patil/Documents/projects/gymlog/test/upgrade/session_2_launchpad_test.dart: Change exposes the selected choice to assistive technology
00:06 +30: C:/Users/Atharva Patil/Documents/projects/gymlog/test/upgrade/session_2_launchpad_test.dart: Home preserves freestyle during library read failure and deleted-only state
00:06 +31: C:/Users/Atharva Patil/Documents/projects/gymlog/test/upgrade/session_2_launchpad_test.dart: Change uses bounded searchable choices and preserves choice on read failure
00:07 +32: C:/Users/Atharva Patil/Documents/projects/gymlog/test/upgrade/session_2_launchpad_test.dart: Previous-set read failure does not invent no history or block Start
00:07 +33: C:/Users/Atharva Patil/Documents/projects/gymlog/test/upgrade/session_2_launchpad_test.dart: Home keeps freestyle and History secondary and accessible
00:07 +34: C:/Users/Atharva Patil/Documents/projects/gymlog/test/upgrade/session_2_launchpad_test.dart: Home has no guilt language on an inactive return
00:07 +35: C:/Users/Atharva Patil/Documents/projects/gymlog/test/upgrade/session_2_launchpad_test.dart: Change selection updates both launch surfaces and persists
00:07 +36: C:/Users/Atharva Patil/Documents/projects/gymlog/test/upgrade/session_2_launchpad_test.dart: Library groups the program and quiets creation
00:08 +37: All tests passed!
