00:00 +0: loading C:/Users/Atharva Patil/AppData/Local/Temp/gymlog-session-1-e59da5b148c9422eb5b38291499006f6/test/upgrade/session_1_render_test.dart
00:00 +0: (setUpAll)
00:00 +0: header-weighted-higgsfield-1.0x-synthetic
00:00 +1: header-reps-higgsfield-1.0x-synthetic
00:00 +2: header-timed-higgsfield-1.0x-synthetic
00:00 +3: header-distance-higgsfield-1.0x-synthetic
00:01 +4: header-empty-higgsfield-1.0x-synthetic
00:01 +5: finish-weighted-higgsfield-1.0x-synthetic
00:01 +6: finish-reps-higgsfield-1.0x-synthetic
00:01 +7: finish-timed-higgsfield-1.0x-synthetic
00:01 +8: finish-distance-higgsfield-1.0x-synthetic
00:01 +9: pr-higgsfield-1.0x-synthetic
00:01 +10: share-monument-higgsfield-1.0x-synthetic
00:01 +11: share-technical-higgsfield-1.0x-synthetic
00:01 +12: share-sticker-higgsfield-1.0x-synthetic
00:02 +13: detail-higgsfield-1.0x-synthetic
00:02 +14: detail-error-higgsfield-1.0x-synthetic
00:02 +15: detail-empty-higgsfield-1.0x-synthetic
00:02 +16: exercise-higgsfield-1.0x-synthetic
00:02 +17: exercise-no-estimate-higgsfield-1.0x-synthetic
00:02 +18: progress-higgsfield-1.0x-synthetic
00:02 +19: progress-low-higgsfield-1.0x-synthetic
00:02 +20: progress-empty-higgsfield-1.0x-synthetic
00:03 +21: roles-higgsfield-1.0x-synthetic
00:03 +22: header-weighted-higgsfield-1.6x-synthetic
00:03 +23: header-reps-higgsfield-1.6x-synthetic
00:03 +24: header-timed-higgsfield-1.6x-synthetic
00:03 +25: header-distance-higgsfield-1.6x-synthetic
00:03 +26: header-empty-higgsfield-1.6x-synthetic
00:03 +27: finish-weighted-higgsfield-1.6x-synthetic
00:03 +28: finish-reps-higgsfield-1.6x-synthetic
00:03 +29: finish-timed-higgsfield-1.6x-synthetic
00:03 +30: finish-distance-higgsfield-1.6x-synthetic
00:03 +31: pr-higgsfield-1.6x-synthetic
00:03 +32: share-monument-higgsfield-1.6x-synthetic
00:04 +33: share-technical-higgsfield-1.6x-synthetic
00:04 +34: share-sticker-higgsfield-1.6x-synthetic
00:04 +35: detail-higgsfield-1.6x-synthetic
00:04 +36: detail-error-higgsfield-1.6x-synthetic
00:04 +37: detail-empty-higgsfield-1.6x-synthetic
00:04 +38: exercise-higgsfield-1.6x-synthetic
00:04 +39: exercise-no-estimate-higgsfield-1.6x-synthetic
00:04 +40: progress-higgsfield-1.6x-synthetic
00:04 +41: progress-low-higgsfield-1.6x-synthetic
00:04 +42: progress-empty-higgsfield-1.6x-synthetic
00:04 +43: roles-higgsfield-1.6x-synthetic
00:04 +44: header-weighted-neonPurple-1.0x-synthetic
00:04 +45: header-reps-neonPurple-1.0x-synthetic
00:04 +46: header-timed-neonPurple-1.0x-synthetic
00:04 +47: header-distance-neonPurple-1.0x-synthetic
00:04 +48: header-empty-neonPurple-1.0x-synthetic
00:04 +49: finish-weighted-neonPurple-1.0x-synthetic
00:05 +50: finish-reps-neonPurple-1.0x-synthetic
00:05 +51: finish-timed-neonPurple-1.0x-synthetic
00:05 +52: finish-distance-neonPurple-1.0x-synthetic
00:05 +53: pr-neonPurple-1.0x-synthetic
00:05 +54: share-monument-neonPurple-1.0x-synthetic
00:05 +55: share-technical-neonPurple-1.0x-synthetic
00:05 +56: share-sticker-neonPurple-1.0x-synthetic
00:05 +57: detail-neonPurple-1.0x-synthetic
00:05 +58: detail-error-neonPurple-1.0x-synthetic
00:05 +59: detail-empty-neonPurple-1.0x-synthetic
00:05 +60: exercise-neonPurple-1.0x-synthetic
00:05 +61: exercise-no-estimate-neonPurple-1.0x-synthetic
00:05 +62: progress-neonPurple-1.0x-synthetic
00:05 +63: progress-low-neonPurple-1.0x-synthetic
00:05 +64: progress-empty-neonPurple-1.0x-synthetic
00:05 +65: roles-neonPurple-1.0x-synthetic
00:05 +66: header-weighted-neonPurple-1.6x-synthetic
00:06 +67: header-reps-neonPurple-1.6x-synthetic
00:06 +68: header-timed-neonPurple-1.6x-synthetic
00:06 +69: header-distance-neonPurple-1.6x-synthetic
00:06 +70: header-empty-neonPurple-1.6x-synthetic
00:06 +71: finish-weighted-neonPurple-1.6x-synthetic
00:06 +72: finish-reps-neonPurple-1.6x-synthetic
00:06 +73: finish-timed-neonPurple-1.6x-synthetic
00:06 +74: finish-distance-neonPurple-1.6x-synthetic
00:06 +75: pr-neonPurple-1.6x-synthetic
00:06 +76: share-monument-neonPurple-1.6x-synthetic
00:06 +77: share-technical-neonPurple-1.6x-synthetic
00:06 +78: share-sticker-neonPurple-1.6x-synthetic
00:06 +79: detail-neonPurple-1.6x-synthetic
00:06 +80: detail-error-neonPurple-1.6x-synthetic
00:06 +81: detail-empty-neonPurple-1.6x-synthetic
00:06 +82: exercise-neonPurple-1.6x-synthetic
00:06 +83: exercise-no-estimate-neonPurple-1.6x-synthetic
00:07 +84: progress-neonPurple-1.6x-synthetic
00:07 +85: progress-low-neonPurple-1.6x-synthetic
00:07 +86: progress-empty-neonPurple-1.6x-synthetic
00:07 +87: roles-neonPurple-1.6x-synthetic
00:07 +88: (tearDownAll)
00:07 +88: All tests passed!
