00:00 +0: loading C:/Users/Atharva Patil/Documents/projects/gymlog/test/upgrade/session_2_acceptance_render_test.dart
00:00 +0: (setUpAll)
00:00 +0: home-chosen-higgsfield-1.0x-synthetic
00:04 +1: library-chosen-higgsfield-1.0x-synthetic
00:04 +2: home-no-choice-higgsfield-1.0x-synthetic
00:04 +3: library-no-choice-higgsfield-1.0x-synthetic
00:05 +4: home-deleted-choice-higgsfield-1.0x-synthetic
00:05 +5: library-deleted-choice-higgsfield-1.0x-synthetic
00:05 +6: home-empty-choice-higgsfield-1.0x-synthetic
00:06 +7: library-empty-choice-higgsfield-1.0x-synthetic
00:06 +8: home-new-user-higgsfield-1.0x-synthetic
00:06 +9: library-new-user-higgsfield-1.0x-synthetic
00:06 +10: home-no-routine-higgsfield-1.0x-synthetic
00:07 +11: library-no-routine-higgsfield-1.0x-synthetic
00:07 +12: home-inactive-return-higgsfield-1.0x-synthetic
00:07 +13: library-inactive-return-higgsfield-1.0x-synthetic
00:07 +14: home-low-data-higgsfield-1.0x-synthetic
00:07 +15: library-low-data-higgsfield-1.0x-synthetic
00:08 +16: home-error-higgsfield-1.0x-synthetic
00:08 +17: library-error-higgsfield-1.0x-synthetic
00:08 +18: home-previous-error-higgsfield-1.0x-synthetic
00:09 +19: library-previous-error-higgsfield-1.0x-synthetic
00:09 +20: home-choice-error-higgsfield-1.0x-synthetic
00:09 +21: library-choice-error-higgsfield-1.0x-synthetic
00:09 +22: home-loading-higgsfield-1.0x-synthetic
00:10 +23: library-loading-higgsfield-1.0x-synthetic
00:10 +24: home-active-chosen-higgsfield-1.0x-synthetic
00:10 +25: library-active-chosen-higgsfield-1.0x-synthetic
00:10 +26: home-active-no-choice-higgsfield-1.0x-synthetic
00:10 +27: library-active-no-choice-higgsfield-1.0x-synthetic
00:11 +28: home-active-no-routine-higgsfield-1.0x-synthetic
00:11 +29: library-active-no-routine-higgsfield-1.0x-synthetic
00:11 +30: home-active-error-higgsfield-1.0x-synthetic
00:11 +31: library-active-error-higgsfield-1.0x-synthetic
00:11 +32: home-active-deleted-choice-higgsfield-1.0x-synthetic
00:12 +33: library-active-deleted-choice-higgsfield-1.0x-synthetic
00:12 +34: home-active-empty-choice-higgsfield-1.0x-synthetic
00:12 +35: library-active-empty-choice-higgsfield-1.0x-synthetic
00:12 +36: home-active-choice-error-higgsfield-1.0x-synthetic
00:13 +37: library-active-choice-error-higgsfield-1.0x-synthetic
00:13 +38: home-chosen-higgsfield-1.6x-synthetic
00:14 +39: library-chosen-higgsfield-1.6x-synthetic
00:14 +40: home-no-choice-higgsfield-1.6x-synthetic
00:15 +41: library-no-choice-higgsfield-1.6x-synthetic
00:15 +42: home-deleted-choice-higgsfield-1.6x-synthetic
00:15 +43: library-deleted-choice-higgsfield-1.6x-synthetic
00:15 +44: home-empty-choice-higgsfield-1.6x-synthetic
00:16 +45: library-empty-choice-higgsfield-1.6x-synthetic
00:16 +46: home-new-user-higgsfield-1.6x-synthetic
00:16 +47: library-new-user-higgsfield-1.6x-synthetic
00:16 +48: home-no-routine-higgsfield-1.6x-synthetic
00:16 +49: library-no-routine-higgsfield-1.6x-synthetic
00:17 +50: home-inactive-return-higgsfield-1.6x-synthetic
00:17 +51: library-inactive-return-higgsfield-1.6x-synthetic
00:17 +52: home-low-data-higgsfield-1.6x-synthetic
00:17 +53: library-low-data-higgsfield-1.6x-synthetic
00:18 +54: home-error-higgsfield-1.6x-synthetic
00:18 +55: library-error-higgsfield-1.6x-synthetic
00:18 +56: home-previous-error-higgsfield-1.6x-synthetic
00:18 +57: library-previous-error-higgsfield-1.6x-synthetic
00:19 +58: home-choice-error-higgsfield-1.6x-synthetic
00:19 +59: library-choice-error-higgsfield-1.6x-synthetic
00:19 +60: home-loading-higgsfield-1.6x-synthetic
00:20 +61: library-loading-higgsfield-1.6x-synthetic
00:20 +62: home-active-chosen-higgsfield-1.6x-synthetic
00:20 +63: library-active-chosen-higgsfield-1.6x-synthetic
00:20 +64: home-active-no-choice-higgsfield-1.6x-synthetic
00:20 +65: library-active-no-choice-higgsfield-1.6x-synthetic
00:21 +66: home-active-no-routine-higgsfield-1.6x-synthetic
00:21 +67: library-active-no-routine-higgsfield-1.6x-synthetic
00:21 +68: home-active-error-higgsfield-1.6x-synthetic
00:21 +69: library-active-error-higgsfield-1.6x-synthetic
00:21 +70: home-active-deleted-choice-higgsfield-1.6x-synthetic
00:22 +71: library-active-deleted-choice-higgsfield-1.6x-synthetic
00:22 +72: home-active-empty-choice-higgsfield-1.6x-synthetic
00:22 +73: library-active-empty-choice-higgsfield-1.6x-synthetic
00:22 +74: home-active-choice-error-higgsfield-1.6x-synthetic
00:23 +75: library-active-choice-error-higgsfield-1.6x-synthetic
00:23 +76: home-chosen-neonPurple-1.0x-synthetic
00:25 +77: library-chosen-neonPurple-1.0x-synthetic
00:25 +78: home-no-choice-neonPurple-1.0x-synthetic
00:26 +79: library-no-choice-neonPurple-1.0x-synthetic
00:26 +80: home-deleted-choice-neonPurple-1.0x-synthetic
00:26 +81: library-deleted-choice-neonPurple-1.0x-synthetic
00:27 +82: home-empty-choice-neonPurple-1.0x-synthetic
00:27 +83: library-empty-choice-neonPurple-1.0x-synthetic
00:28 +84: home-new-user-neonPurple-1.0x-synthetic
00:28 +85: library-new-user-neonPurple-1.0x-synthetic
00:28 +86: home-no-routine-neonPurple-1.0x-synthetic
00:28 +87: library-no-routine-neonPurple-1.0x-synthetic
00:29 +88: home-inactive-return-neonPurple-1.0x-synthetic
00:29 +89: library-inactive-return-neonPurple-1.0x-synthetic
00:30 +90: home-low-data-neonPurple-1.0x-synthetic
00:30 +91: library-low-data-neonPurple-1.0x-synthetic
00:30 +92: home-error-neonPurple-1.0x-synthetic
00:30 +93: library-error-neonPurple-1.0x-synthetic
00:30 +94: home-previous-error-neonPurple-1.0x-synthetic
00:31 +95: library-previous-error-neonPurple-1.0x-synthetic
00:31 +96: home-choice-error-neonPurple-1.0x-synthetic
00:31 +97: library-choice-error-neonPurple-1.0x-synthetic
00:32 +98: home-loading-neonPurple-1.0x-synthetic
00:32 +99: library-loading-neonPurple-1.0x-synthetic
00:32 +100: home-active-chosen-neonPurple-1.0x-synthetic
00:33 +101: library-active-chosen-neonPurple-1.0x-synthetic
00:33 +102: home-active-no-choice-neonPurple-1.0x-synthetic
00:33 +103: library-active-no-choice-neonPurple-1.0x-synthetic
00:33 +104: home-active-no-routine-neonPurple-1.0x-synthetic
00:34 +105: library-active-no-routine-neonPurple-1.0x-synthetic
00:34 +106: home-active-error-neonPurple-1.0x-synthetic
00:34 +107: library-active-error-neonPurple-1.0x-synthetic
00:34 +108: home-active-deleted-choice-neonPurple-1.0x-synthetic
00:35 +109: library-active-deleted-choice-neonPurple-1.0x-synthetic
00:35 +110: home-active-empty-choice-neonPurple-1.0x-synthetic
00:35 +111: library-active-empty-choice-neonPurple-1.0x-synthetic
00:36 +112: home-active-choice-error-neonPurple-1.0x-synthetic
00:36 +113: library-active-choice-error-neonPurple-1.0x-synthetic
00:36 +114: home-chosen-neonPurple-1.6x-synthetic
00:38 +115: library-chosen-neonPurple-1.6x-synthetic
00:38 +116: home-no-choice-neonPurple-1.6x-synthetic
00:39 +117: library-no-choice-neonPurple-1.6x-synthetic
00:39 +118: home-deleted-choice-neonPurple-1.6x-synthetic
00:39 +119: library-deleted-choice-neonPurple-1.6x-synthetic
00:39 +120: home-empty-choice-neonPurple-1.6x-synthetic
00:40 +121: library-empty-choice-neonPurple-1.6x-synthetic
00:40 +122: home-new-user-neonPurple-1.6x-synthetic
00:40 +123: library-new-user-neonPurple-1.6x-synthetic
00:40 +124: home-no-routine-neonPurple-1.6x-synthetic
00:41 +125: library-no-routine-neonPurple-1.6x-synthetic
00:41 +126: home-inactive-return-neonPurple-1.6x-synthetic
00:41 +127: library-inactive-return-neonPurple-1.6x-synthetic
00:41 +128: home-low-data-neonPurple-1.6x-synthetic
00:42 +129: library-low-data-neonPurple-1.6x-synthetic
00:42 +130: home-error-neonPurple-1.6x-synthetic
00:42 +131: library-error-neonPurple-1.6x-synthetic
00:42 +132: home-previous-error-neonPurple-1.6x-synthetic
00:42 +133: library-previous-error-neonPurple-1.6x-synthetic
00:43 +134: home-choice-error-neonPurple-1.6x-synthetic
00:43 +135: library-choice-error-neonPurple-1.6x-synthetic
00:43 +136: home-loading-neonPurple-1.6x-synthetic
00:43 +137: library-loading-neonPurple-1.6x-synthetic
00:44 +138: home-active-chosen-neonPurple-1.6x-synthetic
00:44 +139: library-active-chosen-neonPurple-1.6x-synthetic
00:44 +140: home-active-no-choice-neonPurple-1.6x-synthetic
00:44 +141: library-active-no-choice-neonPurple-1.6x-synthetic
00:45 +142: home-active-no-routine-neonPurple-1.6x-synthetic
00:45 +143: library-active-no-routine-neonPurple-1.6x-synthetic
00:45 +144: home-active-error-neonPurple-1.6x-synthetic
00:45 +145: library-active-error-neonPurple-1.6x-synthetic
00:46 +146: home-active-deleted-choice-neonPurple-1.6x-synthetic
00:46 +147: library-active-deleted-choice-neonPurple-1.6x-synthetic
00:46 +148: home-active-empty-choice-neonPurple-1.6x-synthetic
00:47 +149: library-active-empty-choice-neonPurple-1.6x-synthetic
00:47 +150: home-active-choice-error-neonPurple-1.6x-synthetic
00:47 +151: library-active-choice-error-neonPurple-1.6x-synthetic
00:47 +152: home-chosen-white-1.0x-synthetic
00:49 +153: library-chosen-white-1.0x-synthetic
00:49 +154: home-no-choice-white-1.0x-synthetic
00:49 +155: library-no-choice-white-1.0x-synthetic
00:50 +156: home-deleted-choice-white-1.0x-synthetic
00:50 +157: library-deleted-choice-white-1.0x-synthetic
00:50 +158: home-empty-choice-white-1.0x-synthetic
00:50 +159: library-empty-choice-white-1.0x-synthetic
00:51 +160: home-new-user-white-1.0x-synthetic
00:51 +161: library-new-user-white-1.0x-synthetic
00:51 +162: home-no-routine-white-1.0x-synthetic
00:51 +163: library-no-routine-white-1.0x-synthetic
00:52 +164: home-inactive-return-white-1.0x-synthetic
00:52 +165: library-inactive-return-white-1.0x-synthetic
00:52 +166: home-low-data-white-1.0x-synthetic
00:52 +167: library-low-data-white-1.0x-synthetic
00:53 +168: home-error-white-1.0x-synthetic
00:53 +169: library-error-white-1.0x-synthetic
00:53 +170: home-previous-error-white-1.0x-synthetic
00:53 +171: library-previous-error-white-1.0x-synthetic
00:54 +172: home-choice-error-white-1.0x-synthetic
00:54 +173: library-choice-error-white-1.0x-synthetic
00:54 +174: home-loading-white-1.0x-synthetic
00:54 +175: library-loading-white-1.0x-synthetic
00:55 +176: home-active-chosen-white-1.0x-synthetic
00:55 +177: library-active-chosen-white-1.0x-synthetic
00:55 +178: home-active-no-choice-white-1.0x-synthetic
00:56 +179: library-active-no-choice-white-1.0x-synthetic
00:56 +180: home-active-no-routine-white-1.0x-synthetic
00:56 +181: library-active-no-routine-white-1.0x-synthetic
00:56 +182: home-active-error-white-1.0x-synthetic
00:57 +183: library-active-error-white-1.0x-synthetic
00:57 +184: home-active-deleted-choice-white-1.0x-synthetic
00:57 +185: library-active-deleted-choice-white-1.0x-synthetic
00:57 +186: home-active-empty-choice-white-1.0x-synthetic
00:58 +187: library-active-empty-choice-white-1.0x-synthetic
00:58 +188: home-active-choice-error-white-1.0x-synthetic
00:58 +189: library-active-choice-error-white-1.0x-synthetic
00:59 +190: home-chosen-white-1.6x-synthetic
01:00 +191: library-chosen-white-1.6x-synthetic
01:00 +192: home-no-choice-white-1.6x-synthetic
01:01 +193: library-no-choice-white-1.6x-synthetic
01:01 +194: home-deleted-choice-white-1.6x-synthetic
01:01 +195: library-deleted-choice-white-1.6x-synthetic
01:02 +196: home-empty-choice-white-1.6x-synthetic
01:02 +197: library-empty-choice-white-1.6x-synthetic
01:02 +198: home-new-user-white-1.6x-synthetic
01:02 +199: library-new-user-white-1.6x-synthetic
01:03 +200: home-no-routine-white-1.6x-synthetic
01:03 +201: library-no-routine-white-1.6x-synthetic
01:03 +202: home-inactive-return-white-1.6x-synthetic
01:03 +203: library-inactive-return-white-1.6x-synthetic
01:04 +204: home-low-data-white-1.6x-synthetic
01:04 +205: library-low-data-white-1.6x-synthetic
01:05 +206: home-error-white-1.6x-synthetic
01:05 +207: library-error-white-1.6x-synthetic
01:05 +208: home-previous-error-white-1.6x-synthetic
01:06 +209: library-previous-error-white-1.6x-synthetic
01:06 +210: home-choice-error-white-1.6x-synthetic
01:06 +211: library-choice-error-white-1.6x-synthetic
01:07 +212: home-loading-white-1.6x-synthetic
01:07 +213: library-loading-white-1.6x-synthetic
01:08 +214: home-active-chosen-white-1.6x-synthetic
01:08 +215: library-active-chosen-white-1.6x-synthetic
01:08 +216: home-active-no-choice-white-1.6x-synthetic
01:08 +217: library-active-no-choice-white-1.6x-synthetic
01:09 +218: home-active-no-routine-white-1.6x-synthetic
01:09 +219: library-active-no-routine-white-1.6x-synthetic
01:09 +220: home-active-error-white-1.6x-synthetic
01:09 +221: library-active-error-white-1.6x-synthetic
01:09 +222: home-active-deleted-choice-white-1.6x-synthetic
01:10 +223: library-active-deleted-choice-white-1.6x-synthetic
01:10 +224: home-active-empty-choice-white-1.6x-synthetic
01:10 +225: library-active-empty-choice-white-1.6x-synthetic
01:11 +226: home-active-choice-error-white-1.6x-synthetic
01:11 +227: library-active-choice-error-white-1.6x-synthetic
01:11 +228: home-chosen-neonCyan-1.0x-synthetic
01:13 +229: library-chosen-neonCyan-1.0x-synthetic
01:14 +230: home-no-choice-neonCyan-1.0x-synthetic
01:14 +231: library-no-choice-neonCyan-1.0x-synthetic
01:15 +232: home-deleted-choice-neonCyan-1.0x-synthetic
01:16 +233: library-deleted-choice-neonCyan-1.0x-synthetic
01:16 +234: home-empty-choice-neonCyan-1.0x-synthetic
01:17 +235: library-empty-choice-neonCyan-1.0x-synthetic
01:17 +236: home-new-user-neonCyan-1.0x-synthetic
01:17 +237: library-new-user-neonCyan-1.0x-synthetic
01:18 +238: home-no-routine-neonCyan-1.0x-synthetic
01:18 +239: library-no-routine-neonCyan-1.0x-synthetic
01:18 +240: home-inactive-return-neonCyan-1.0x-synthetic
01:19 +241: library-inactive-return-neonCyan-1.0x-synthetic
01:19 +242: home-low-data-neonCyan-1.0x-synthetic
01:19 +243: library-low-data-neonCyan-1.0x-synthetic
01:20 +244: home-error-neonCyan-1.0x-synthetic
01:20 +245: library-error-neonCyan-1.0x-synthetic
01:20 +246: home-previous-error-neonCyan-1.0x-synthetic
01:20 +247: library-previous-error-neonCyan-1.0x-synthetic
01:21 +248: home-choice-error-neonCyan-1.0x-synthetic
01:21 +249: library-choice-error-neonCyan-1.0x-synthetic
01:21 +250: home-loading-neonCyan-1.0x-synthetic
01:22 +251: library-loading-neonCyan-1.0x-synthetic
01:22 +252: home-active-chosen-neonCyan-1.0x-synthetic
01:22 +253: library-active-chosen-neonCyan-1.0x-synthetic
01:22 +254: home-active-no-choice-neonCyan-1.0x-synthetic
01:23 +255: library-active-no-choice-neonCyan-1.0x-synthetic
01:23 +256: home-active-no-routine-neonCyan-1.0x-synthetic
01:23 +257: library-active-no-routine-neonCyan-1.0x-synthetic
01:23 +258: home-active-error-neonCyan-1.0x-synthetic
01:24 +259: library-active-error-neonCyan-1.0x-synthetic
01:24 +260: home-active-deleted-choice-neonCyan-1.0x-synthetic
01:24 +261: library-active-deleted-choice-neonCyan-1.0x-synthetic
01:24 +262: home-active-empty-choice-neonCyan-1.0x-synthetic
01:25 +263: library-active-empty-choice-neonCyan-1.0x-synthetic
01:25 +264: home-active-choice-error-neonCyan-1.0x-synthetic
01:25 +265: library-active-choice-error-neonCyan-1.0x-synthetic
01:25 +266: home-chosen-neonCyan-1.6x-synthetic
01:26 +267: library-chosen-neonCyan-1.6x-synthetic
01:27 +268: home-no-choice-neonCyan-1.6x-synthetic
01:27 +269: library-no-choice-neonCyan-1.6x-synthetic
01:27 +270: home-deleted-choice-neonCyan-1.6x-synthetic
01:28 +271: library-deleted-choice-neonCyan-1.6x-synthetic
01:28 +272: home-empty-choice-neonCyan-1.6x-synthetic
01:28 +273: library-empty-choice-neonCyan-1.6x-synthetic
01:28 +274: home-new-user-neonCyan-1.6x-synthetic
01:28 +275: library-new-user-neonCyan-1.6x-synthetic
01:29 +276: home-no-routine-neonCyan-1.6x-synthetic
01:29 +277: library-no-routine-neonCyan-1.6x-synthetic
01:29 +278: home-inactive-return-neonCyan-1.6x-synthetic
01:29 +279: library-inactive-return-neonCyan-1.6x-synthetic
01:30 +280: home-low-data-neonCyan-1.6x-synthetic
01:30 +281: library-low-data-neonCyan-1.6x-synthetic
01:30 +282: home-error-neonCyan-1.6x-synthetic
01:31 +283: library-error-neonCyan-1.6x-synthetic
01:31 +284: home-previous-error-neonCyan-1.6x-synthetic
01:31 +285: library-previous-error-neonCyan-1.6x-synthetic
01:31 +286: home-choice-error-neonCyan-1.6x-synthetic
01:32 +287: library-choice-error-neonCyan-1.6x-synthetic
01:32 +288: home-loading-neonCyan-1.6x-synthetic
01:32 +289: library-loading-neonCyan-1.6x-synthetic
01:32 +290: home-active-chosen-neonCyan-1.6x-synthetic
01:33 +291: library-active-chosen-neonCyan-1.6x-synthetic
01:33 +292: home-active-no-choice-neonCyan-1.6x-synthetic
01:33 +293: library-active-no-choice-neonCyan-1.6x-synthetic
01:33 +294: home-active-no-routine-neonCyan-1.6x-synthetic
01:34 +295: library-active-no-routine-neonCyan-1.6x-synthetic
01:34 +296: home-active-error-neonCyan-1.6x-synthetic
01:34 +297: library-active-error-neonCyan-1.6x-synthetic
01:34 +298: home-active-deleted-choice-neonCyan-1.6x-synthetic
01:35 +299: library-active-deleted-choice-neonCyan-1.6x-synthetic
01:35 +300: home-active-empty-choice-neonCyan-1.6x-synthetic
01:35 +301: library-active-empty-choice-neonCyan-1.6x-synthetic
01:36 +302: home-active-choice-error-neonCyan-1.6x-synthetic
01:36 +303: library-active-choice-error-neonCyan-1.6x-synthetic
01:36 +304: home-chosen-neonMagenta-1.0x-synthetic
01:37 +305: library-chosen-neonMagenta-1.0x-synthetic
01:38 +306: home-no-choice-neonMagenta-1.0x-synthetic
01:38 +307: library-no-choice-neonMagenta-1.0x-synthetic
01:39 +308: home-deleted-choice-neonMagenta-1.0x-synthetic
01:39 +309: library-deleted-choice-neonMagenta-1.0x-synthetic
01:39 +310: home-empty-choice-neonMagenta-1.0x-synthetic
01:39 +311: library-empty-choice-neonMagenta-1.0x-synthetic
01:40 +312: home-new-user-neonMagenta-1.0x-synthetic
01:40 +313: library-new-user-neonMagenta-1.0x-synthetic
01:40 +314: home-no-routine-neonMagenta-1.0x-synthetic
01:41 +315: library-no-routine-neonMagenta-1.0x-synthetic
01:41 +316: home-inactive-return-neonMagenta-1.0x-synthetic
01:41 +317: library-inactive-return-neonMagenta-1.0x-synthetic
01:42 +318: home-low-data-neonMagenta-1.0x-synthetic
01:42 +319: library-low-data-neonMagenta-1.0x-synthetic
01:42 +320: home-error-neonMagenta-1.0x-synthetic
01:43 +321: library-error-neonMagenta-1.0x-synthetic
01:43 +322: home-previous-error-neonMagenta-1.0x-synthetic
01:43 +323: library-previous-error-neonMagenta-1.0x-synthetic
01:44 +324: home-choice-error-neonMagenta-1.0x-synthetic
01:44 +325: library-choice-error-neonMagenta-1.0x-synthetic
01:45 +326: home-loading-neonMagenta-1.0x-synthetic
01:45 +327: library-loading-neonMagenta-1.0x-synthetic
01:45 +328: home-active-chosen-neonMagenta-1.0x-synthetic
01:46 +329: library-active-chosen-neonMagenta-1.0x-synthetic
01:46 +330: home-active-no-choice-neonMagenta-1.0x-synthetic
01:47 +331: library-active-no-choice-neonMagenta-1.0x-synthetic
01:47 +332: home-active-no-routine-neonMagenta-1.0x-synthetic
01:47 +333: library-active-no-routine-neonMagenta-1.0x-synthetic
01:47 +334: home-active-error-neonMagenta-1.0x-synthetic
01:48 +335: library-active-error-neonMagenta-1.0x-synthetic
01:48 +336: home-active-deleted-choice-neonMagenta-1.0x-synthetic
01:48 +337: library-active-deleted-choice-neonMagenta-1.0x-synthetic
01:49 +338: home-active-empty-choice-neonMagenta-1.0x-synthetic
01:49 +339: library-active-empty-choice-neonMagenta-1.0x-synthetic
01:49 +340: home-active-choice-error-neonMagenta-1.0x-synthetic
01:50 +341: library-active-choice-error-neonMagenta-1.0x-synthetic
01:50 +342: home-chosen-neonMagenta-1.6x-synthetic
01:51 +343: library-chosen-neonMagenta-1.6x-synthetic
01:52 +344: home-no-choice-neonMagenta-1.6x-synthetic
01:52 +345: library-no-choice-neonMagenta-1.6x-synthetic
01:52 +346: home-deleted-choice-neonMagenta-1.6x-synthetic
01:53 +347: library-deleted-choice-neonMagenta-1.6x-synthetic
01:53 +348: home-empty-choice-neonMagenta-1.6x-synthetic
01:53 +349: library-empty-choice-neonMagenta-1.6x-synthetic
01:54 +350: home-new-user-neonMagenta-1.6x-synthetic
01:54 +351: library-new-user-neonMagenta-1.6x-synthetic
01:54 +352: home-no-routine-neonMagenta-1.6x-synthetic
01:55 +353: library-no-routine-neonMagenta-1.6x-synthetic
01:55 +354: home-inactive-return-neonMagenta-1.6x-synthetic
01:55 +355: library-inactive-return-neonMagenta-1.6x-synthetic
01:56 +356: home-low-data-neonMagenta-1.6x-synthetic
01:56 +357: library-low-data-neonMagenta-1.6x-synthetic
01:56 +358: home-error-neonMagenta-1.6x-synthetic
01:57 +359: library-error-neonMagenta-1.6x-synthetic
01:57 +360: home-previous-error-neonMagenta-1.6x-synthetic
01:57 +361: library-previous-error-neonMagenta-1.6x-synthetic
01:58 +362: home-choice-error-neonMagenta-1.6x-synthetic
01:58 +363: library-choice-error-neonMagenta-1.6x-synthetic
01:58 +364: home-loading-neonMagenta-1.6x-synthetic
01:58 +365: library-loading-neonMagenta-1.6x-synthetic
01:59 +366: home-active-chosen-neonMagenta-1.6x-synthetic
01:59 +367: library-active-chosen-neonMagenta-1.6x-synthetic
02:00 +368: home-active-no-choice-neonMagenta-1.6x-synthetic
02:00 +369: library-active-no-choice-neonMagenta-1.6x-synthetic
02:00 +370: home-active-no-routine-neonMagenta-1.6x-synthetic
02:01 +371: library-active-no-routine-neonMagenta-1.6x-synthetic
02:01 +372: home-active-error-neonMagenta-1.6x-synthetic
02:01 +373: library-active-error-neonMagenta-1.6x-synthetic
02:01 +374: home-active-deleted-choice-neonMagenta-1.6x-synthetic
02:02 +375: library-active-deleted-choice-neonMagenta-1.6x-synthetic
02:02 +376: home-active-empty-choice-neonMagenta-1.6x-synthetic
02:02 +377: library-active-empty-choice-neonMagenta-1.6x-synthetic
02:03 +378: home-active-choice-error-neonMagenta-1.6x-synthetic
02:03 +379: library-active-choice-error-neonMagenta-1.6x-synthetic
02:03 +380: home-chosen-blazeOrange-1.0x-synthetic
02:04 +381: library-chosen-blazeOrange-1.0x-synthetic
02:05 +382: home-no-choice-blazeOrange-1.0x-synthetic
02:05 +383: library-no-choice-blazeOrange-1.0x-synthetic
02:06 +384: home-deleted-choice-blazeOrange-1.0x-synthetic
02:06 +385: library-deleted-choice-blazeOrange-1.0x-synthetic
02:06 +386: home-empty-choice-blazeOrange-1.0x-synthetic
02:06 +387: library-empty-choice-blazeOrange-1.0x-synthetic
02:06 +388: home-new-user-blazeOrange-1.0x-synthetic
02:07 +389: library-new-user-blazeOrange-1.0x-synthetic
02:07 +390: home-no-routine-blazeOrange-1.0x-synthetic
02:07 +391: library-no-routine-blazeOrange-1.0x-synthetic
02:07 +392: home-inactive-return-blazeOrange-1.0x-synthetic
02:08 +393: library-inactive-return-blazeOrange-1.0x-synthetic
02:08 +394: home-low-data-blazeOrange-1.0x-synthetic
02:08 +395: library-low-data-blazeOrange-1.0x-synthetic
02:08 +396: home-error-blazeOrange-1.0x-synthetic
02:09 +397: library-error-blazeOrange-1.0x-synthetic
02:09 +398: home-previous-error-blazeOrange-1.0x-synthetic
02:09 +399: library-previous-error-blazeOrange-1.0x-synthetic
02:09 +400: home-choice-error-blazeOrange-1.0x-synthetic
02:10 +401: library-choice-error-blazeOrange-1.0x-synthetic
02:10 +402: home-loading-blazeOrange-1.0x-synthetic
02:10 +403: library-loading-blazeOrange-1.0x-synthetic
02:11 +404: home-active-chosen-blazeOrange-1.0x-synthetic
02:11 +405: library-active-chosen-blazeOrange-1.0x-synthetic
02:11 +406: home-active-no-choice-blazeOrange-1.0x-synthetic
02:11 +407: library-active-no-choice-blazeOrange-1.0x-synthetic
02:11 +408: home-active-no-routine-blazeOrange-1.0x-synthetic
02:11 +409: library-active-no-routine-blazeOrange-1.0x-synthetic
02:12 +410: home-active-error-blazeOrange-1.0x-synthetic
02:12 +411: library-active-error-blazeOrange-1.0x-synthetic
02:12 +412: home-active-deleted-choice-blazeOrange-1.0x-synthetic
02:12 +413: library-active-deleted-choice-blazeOrange-1.0x-synthetic
02:12 +414: home-active-empty-choice-blazeOrange-1.0x-synthetic
02:13 +415: library-active-empty-choice-blazeOrange-1.0x-synthetic
02:13 +416: home-active-choice-error-blazeOrange-1.0x-synthetic
02:13 +417: library-active-choice-error-blazeOrange-1.0x-synthetic
02:13 +418: home-chosen-blazeOrange-1.6x-synthetic
02:14 +419: library-chosen-blazeOrange-1.6x-synthetic
02:15 +420: home-no-choice-blazeOrange-1.6x-synthetic
02:15 +421: library-no-choice-blazeOrange-1.6x-synthetic
02:15 +422: home-deleted-choice-blazeOrange-1.6x-synthetic
02:15 +423: library-deleted-choice-blazeOrange-1.6x-synthetic
02:16 +424: home-empty-choice-blazeOrange-1.6x-synthetic
02:16 +425: library-empty-choice-blazeOrange-1.6x-synthetic
02:16 +426: home-new-user-blazeOrange-1.6x-synthetic
02:16 +427: library-new-user-blazeOrange-1.6x-synthetic
02:17 +428: home-no-routine-blazeOrange-1.6x-synthetic
02:17 +429: library-no-routine-blazeOrange-1.6x-synthetic
02:17 +430: home-inactive-return-blazeOrange-1.6x-synthetic
02:17 +431: library-inactive-return-blazeOrange-1.6x-synthetic
02:17 +432: home-low-data-blazeOrange-1.6x-synthetic
02:18 +433: library-low-data-blazeOrange-1.6x-synthetic
02:18 +434: home-error-blazeOrange-1.6x-synthetic
02:18 +435: library-error-blazeOrange-1.6x-synthetic
02:18 +436: home-previous-error-blazeOrange-1.6x-synthetic
02:18 +437: library-previous-error-blazeOrange-1.6x-synthetic
02:19 +438: home-choice-error-blazeOrange-1.6x-synthetic
02:19 +439: library-choice-error-blazeOrange-1.6x-synthetic
02:19 +440: home-loading-blazeOrange-1.6x-synthetic
02:19 +441: library-loading-blazeOrange-1.6x-synthetic
02:20 +442: home-active-chosen-blazeOrange-1.6x-synthetic
02:20 +443: library-active-chosen-blazeOrange-1.6x-synthetic
02:20 +444: home-active-no-choice-blazeOrange-1.6x-synthetic
02:20 +445: library-active-no-choice-blazeOrange-1.6x-synthetic
02:21 +446: home-active-no-routine-blazeOrange-1.6x-synthetic
02:21 +447: library-active-no-routine-blazeOrange-1.6x-synthetic
02:21 +448: home-active-error-blazeOrange-1.6x-synthetic
02:21 +449: library-active-error-blazeOrange-1.6x-synthetic
02:21 +450: home-active-deleted-choice-blazeOrange-1.6x-synthetic
02:21 +451: library-active-deleted-choice-blazeOrange-1.6x-synthetic
02:22 +452: home-active-empty-choice-blazeOrange-1.6x-synthetic
02:22 +453: library-active-empty-choice-blazeOrange-1.6x-synthetic
02:22 +454: home-active-choice-error-blazeOrange-1.6x-synthetic
02:23 +455: library-active-choice-error-blazeOrange-1.6x-synthetic
02:23 +456: (tearDownAll)
02:23 +456: All tests passed!
