00:00 +0: loading C:/Users/Atharva Patil/Documents/projects/gymlog/test/upgrade/session_2_acceptance_render_test.dart
00:00 +0: (setUpAll)
00:00 +0: home-chosen-higgsfield-1.0x-synthetic
00:04 +1: library-chosen-higgsfield-1.0x-synthetic
00:05 +2: home-no-choice-higgsfield-1.0x-synthetic
00:06 +3: library-no-choice-higgsfield-1.0x-synthetic
00:07 +4: home-deleted-choice-higgsfield-1.0x-synthetic
00:07 +5: library-deleted-choice-higgsfield-1.0x-synthetic
00:08 +6: home-empty-choice-higgsfield-1.0x-synthetic
00:08 +7: library-empty-choice-higgsfield-1.0x-synthetic
00:09 +8: home-new-user-higgsfield-1.0x-synthetic
00:09 +9: library-new-user-higgsfield-1.0x-synthetic
00:10 +10: home-no-routine-higgsfield-1.0x-synthetic
00:10 +11: library-no-routine-higgsfield-1.0x-synthetic
00:11 +12: home-inactive-return-higgsfield-1.0x-synthetic
00:11 +13: library-inactive-return-higgsfield-1.0x-synthetic
00:12 +14: home-low-data-higgsfield-1.0x-synthetic
00:12 +15: library-low-data-higgsfield-1.0x-synthetic
00:12 +16: home-error-higgsfield-1.0x-synthetic
00:13 +17: library-error-higgsfield-1.0x-synthetic
00:13 +18: home-previous-error-higgsfield-1.0x-synthetic
00:13 +19: library-previous-error-higgsfield-1.0x-synthetic
00:14 +20: home-choice-error-higgsfield-1.0x-synthetic
00:14 +21: library-choice-error-higgsfield-1.0x-synthetic
00:15 +22: home-loading-higgsfield-1.0x-synthetic
00:15 +23: library-loading-higgsfield-1.0x-synthetic
00:16 +24: home-active-chosen-higgsfield-1.0x-synthetic
00:16 +25: library-active-chosen-higgsfield-1.0x-synthetic
00:17 +26: home-active-no-choice-higgsfield-1.0x-synthetic
00:17 +27: library-active-no-choice-higgsfield-1.0x-synthetic
00:18 +28: home-active-no-routine-higgsfield-1.0x-synthetic
00:18 +29: library-active-no-routine-higgsfield-1.0x-synthetic
00:18 +30: home-active-error-higgsfield-1.0x-synthetic
00:18 +31: library-active-error-higgsfield-1.0x-synthetic
00:19 +32: home-active-deleted-choice-higgsfield-1.0x-synthetic
00:19 +33: library-active-deleted-choice-higgsfield-1.0x-synthetic
00:20 +34: home-active-empty-choice-higgsfield-1.0x-synthetic
00:20 +35: library-active-empty-choice-higgsfield-1.0x-synthetic
00:20 +36: home-active-choice-error-higgsfield-1.0x-synthetic
00:21 +37: library-active-choice-error-higgsfield-1.0x-synthetic
00:21 +38: home-chosen-higgsfield-1.6x-synthetic
00:23 +39: library-chosen-higgsfield-1.6x-synthetic
00:24 +40: home-no-choice-higgsfield-1.6x-synthetic
00:25 +41: library-no-choice-higgsfield-1.6x-synthetic
00:25 +42: home-deleted-choice-higgsfield-1.6x-synthetic
00:25 +43: library-deleted-choice-higgsfield-1.6x-synthetic
00:26 +44: home-empty-choice-higgsfield-1.6x-synthetic
00:26 +45: library-empty-choice-higgsfield-1.6x-synthetic
00:27 +46: home-new-user-higgsfield-1.6x-synthetic
00:27 +47: library-new-user-higgsfield-1.6x-synthetic
00:27 +48: home-no-routine-higgsfield-1.6x-synthetic
00:28 +49: library-no-routine-higgsfield-1.6x-synthetic
00:28 +50: home-inactive-return-higgsfield-1.6x-synthetic
00:28 +51: library-inactive-return-higgsfield-1.6x-synthetic
00:29 +52: home-low-data-higgsfield-1.6x-synthetic
00:29 +53: library-low-data-higgsfield-1.6x-synthetic
00:30 +54: home-error-higgsfield-1.6x-synthetic
00:30 +55: library-error-higgsfield-1.6x-synthetic
00:30 +56: home-previous-error-higgsfield-1.6x-synthetic
00:31 +57: library-previous-error-higgsfield-1.6x-synthetic
00:32 +58: home-choice-error-higgsfield-1.6x-synthetic
00:32 +59: library-choice-error-higgsfield-1.6x-synthetic
00:32 +60: home-loading-higgsfield-1.6x-synthetic
00:33 +61: library-loading-higgsfield-1.6x-synthetic
00:33 +62: home-active-chosen-higgsfield-1.6x-synthetic
00:34 +63: library-active-chosen-higgsfield-1.6x-synthetic
00:34 +64: home-active-no-choice-higgsfield-1.6x-synthetic
00:35 +65: library-active-no-choice-higgsfield-1.6x-synthetic
00:35 +66: home-active-no-routine-higgsfield-1.6x-synthetic
00:35 +67: library-active-no-routine-higgsfield-1.6x-synthetic
00:35 +68: home-active-error-higgsfield-1.6x-synthetic
00:36 +69: library-active-error-higgsfield-1.6x-synthetic
00:36 +70: home-active-deleted-choice-higgsfield-1.6x-synthetic
00:37 +71: library-active-deleted-choice-higgsfield-1.6x-synthetic
00:37 +72: home-active-empty-choice-higgsfield-1.6x-synthetic
00:37 +73: library-active-empty-choice-higgsfield-1.6x-synthetic
00:38 +74: home-active-choice-error-higgsfield-1.6x-synthetic
00:38 +75: library-active-choice-error-higgsfield-1.6x-synthetic
00:39 +76: home-chosen-neonPurple-1.0x-synthetic
00:40 +77: library-chosen-neonPurple-1.0x-synthetic
00:41 +78: home-no-choice-neonPurple-1.0x-synthetic
00:41 +79: library-no-choice-neonPurple-1.0x-synthetic
00:42 +80: home-deleted-choice-neonPurple-1.0x-synthetic
00:42 +81: library-deleted-choice-neonPurple-1.0x-synthetic
00:42 +82: home-empty-choice-neonPurple-1.0x-synthetic
00:43 +83: library-empty-choice-neonPurple-1.0x-synthetic
00:43 +84: home-new-user-neonPurple-1.0x-synthetic
00:43 +85: library-new-user-neonPurple-1.0x-synthetic
00:44 +86: home-no-routine-neonPurple-1.0x-synthetic
00:44 +87: library-no-routine-neonPurple-1.0x-synthetic
00:44 +88: home-inactive-return-neonPurple-1.0x-synthetic
00:45 +89: library-inactive-return-neonPurple-1.0x-synthetic
00:45 +90: home-low-data-neonPurple-1.0x-synthetic
00:45 +91: library-low-data-neonPurple-1.0x-synthetic
00:46 +92: home-error-neonPurple-1.0x-synthetic
00:46 +93: library-error-neonPurple-1.0x-synthetic
00:47 +94: home-previous-error-neonPurple-1.0x-synthetic
00:48 +95: library-previous-error-neonPurple-1.0x-synthetic
00:48 +96: home-choice-error-neonPurple-1.0x-synthetic
00:49 +97: library-choice-error-neonPurple-1.0x-synthetic
00:49 +98: home-loading-neonPurple-1.0x-synthetic
00:49 +99: library-loading-neonPurple-1.0x-synthetic
00:50 +100: home-active-chosen-neonPurple-1.0x-synthetic
00:50 +101: library-active-chosen-neonPurple-1.0x-synthetic
00:51 +102: home-active-no-choice-neonPurple-1.0x-synthetic
00:51 +103: library-active-no-choice-neonPurple-1.0x-synthetic
00:52 +104: home-active-no-routine-neonPurple-1.0x-synthetic
00:52 +105: library-active-no-routine-neonPurple-1.0x-synthetic
00:52 +106: home-active-error-neonPurple-1.0x-synthetic
00:53 +107: library-active-error-neonPurple-1.0x-synthetic
00:53 +108: home-active-deleted-choice-neonPurple-1.0x-synthetic
00:53 +109: library-active-deleted-choice-neonPurple-1.0x-synthetic
00:54 +110: home-active-empty-choice-neonPurple-1.0x-synthetic
00:54 +111: library-active-empty-choice-neonPurple-1.0x-synthetic
00:55 +112: home-active-choice-error-neonPurple-1.0x-synthetic
00:56 +113: library-active-choice-error-neonPurple-1.0x-synthetic
00:56 +114: home-chosen-neonPurple-1.6x-synthetic
00:58 +115: library-chosen-neonPurple-1.6x-synthetic
00:58 +116: home-no-choice-neonPurple-1.6x-synthetic
00:59 +117: library-no-choice-neonPurple-1.6x-synthetic
00:59 +118: home-deleted-choice-neonPurple-1.6x-synthetic
00:59 +119: library-deleted-choice-neonPurple-1.6x-synthetic
00:59 +120: home-empty-choice-neonPurple-1.6x-synthetic
01:00 +121: library-empty-choice-neonPurple-1.6x-synthetic
01:00 +122: home-new-user-neonPurple-1.6x-synthetic
01:00 +123: library-new-user-neonPurple-1.6x-synthetic
01:00 +124: home-no-routine-neonPurple-1.6x-synthetic
01:01 +125: library-no-routine-neonPurple-1.6x-synthetic
01:01 +126: home-inactive-return-neonPurple-1.6x-synthetic
01:01 +127: library-inactive-return-neonPurple-1.6x-synthetic
01:02 +128: home-low-data-neonPurple-1.6x-synthetic
01:02 +129: library-low-data-neonPurple-1.6x-synthetic
01:03 +130: home-error-neonPurple-1.6x-synthetic
01:03 +131: library-error-neonPurple-1.6x-synthetic
01:03 +132: home-previous-error-neonPurple-1.6x-synthetic
01:03 +133: library-previous-error-neonPurple-1.6x-synthetic
01:04 +134: home-choice-error-neonPurple-1.6x-synthetic
01:04 +135: library-choice-error-neonPurple-1.6x-synthetic
01:05 +136: home-loading-neonPurple-1.6x-synthetic
01:05 +137: library-loading-neonPurple-1.6x-synthetic
01:05 +138: home-active-chosen-neonPurple-1.6x-synthetic
01:06 +139: library-active-chosen-neonPurple-1.6x-synthetic
01:06 +140: home-active-no-choice-neonPurple-1.6x-synthetic
01:06 +141: library-active-no-choice-neonPurple-1.6x-synthetic
01:07 +142: home-active-no-routine-neonPurple-1.6x-synthetic
01:07 +143: library-active-no-routine-neonPurple-1.6x-synthetic
01:08 +144: home-active-error-neonPurple-1.6x-synthetic
01:08 +145: library-active-error-neonPurple-1.6x-synthetic
01:08 +146: home-active-deleted-choice-neonPurple-1.6x-synthetic
01:09 +147: library-active-deleted-choice-neonPurple-1.6x-synthetic
01:09 +148: home-active-empty-choice-neonPurple-1.6x-synthetic
01:09 +149: library-active-empty-choice-neonPurple-1.6x-synthetic
01:10 +150: home-active-choice-error-neonPurple-1.6x-synthetic
01:10 +151: library-active-choice-error-neonPurple-1.6x-synthetic
01:10 +152: home-chosen-white-1.0x-synthetic
01:12 +153: library-chosen-white-1.0x-synthetic
01:13 +154: home-no-choice-white-1.0x-synthetic
01:13 +155: library-no-choice-white-1.0x-synthetic
01:13 +156: home-deleted-choice-white-1.0x-synthetic
01:14 +157: library-deleted-choice-white-1.0x-synthetic
01:14 +158: home-empty-choice-white-1.0x-synthetic
01:14 +159: library-empty-choice-white-1.0x-synthetic
01:15 +160: home-new-user-white-1.0x-synthetic
01:15 +161: library-new-user-white-1.0x-synthetic
01:15 +162: home-no-routine-white-1.0x-synthetic
01:16 +163: library-no-routine-white-1.0x-synthetic
01:16 +164: home-inactive-return-white-1.0x-synthetic
01:16 +165: library-inactive-return-white-1.0x-synthetic
01:17 +166: home-low-data-white-1.0x-synthetic
01:17 +167: library-low-data-white-1.0x-synthetic
01:17 +168: home-error-white-1.0x-synthetic
01:18 +169: library-error-white-1.0x-synthetic
01:18 +170: home-previous-error-white-1.0x-synthetic
01:18 +171: library-previous-error-white-1.0x-synthetic
01:19 +172: home-choice-error-white-1.0x-synthetic
01:19 +173: library-choice-error-white-1.0x-synthetic
01:20 +174: home-loading-white-1.0x-synthetic
01:20 +175: library-loading-white-1.0x-synthetic
01:20 +176: home-active-chosen-white-1.0x-synthetic
01:21 +177: library-active-chosen-white-1.0x-synthetic
01:21 +178: home-active-no-choice-white-1.0x-synthetic
01:21 +179: library-active-no-choice-white-1.0x-synthetic
01:22 +180: home-active-no-routine-white-1.0x-synthetic
01:22 +181: library-active-no-routine-white-1.0x-synthetic
01:22 +182: home-active-error-white-1.0x-synthetic
01:22 +183: library-active-error-white-1.0x-synthetic
01:23 +184: home-active-deleted-choice-white-1.0x-synthetic
01:23 +185: library-active-deleted-choice-white-1.0x-synthetic
01:23 +186: home-active-empty-choice-white-1.0x-synthetic
01:24 +187: library-active-empty-choice-white-1.0x-synthetic
01:24 +188: home-active-choice-error-white-1.0x-synthetic
01:24 +189: library-active-choice-error-white-1.0x-synthetic
01:25 +190: home-chosen-white-1.6x-synthetic
01:27 +191: library-chosen-white-1.6x-synthetic
01:27 +192: home-no-choice-white-1.6x-synthetic
01:27 +193: library-no-choice-white-1.6x-synthetic
01:28 +194: home-deleted-choice-white-1.6x-synthetic
01:28 +195: library-deleted-choice-white-1.6x-synthetic
01:28 +196: home-empty-choice-white-1.6x-synthetic
01:28 +197: library-empty-choice-white-1.6x-synthetic
01:28 +198: home-new-user-white-1.6x-synthetic
01:28 +199: library-new-user-white-1.6x-synthetic
01:28 +200: home-no-routine-white-1.6x-synthetic
01:29 +201: library-no-routine-white-1.6x-synthetic
01:29 +202: home-inactive-return-white-1.6x-synthetic
01:29 +203: library-inactive-return-white-1.6x-synthetic
01:29 +204: home-low-data-white-1.6x-synthetic
01:29 +205: library-low-data-white-1.6x-synthetic
01:29 +206: home-error-white-1.6x-synthetic
01:29 +207: library-error-white-1.6x-synthetic
01:30 +208: home-previous-error-white-1.6x-synthetic
01:30 +209: library-previous-error-white-1.6x-synthetic
01:30 +210: home-choice-error-white-1.6x-synthetic
01:30 +211: library-choice-error-white-1.6x-synthetic
01:30 +212: home-loading-white-1.6x-synthetic
01:30 +213: library-loading-white-1.6x-synthetic
01:31 +214: home-active-chosen-white-1.6x-synthetic
01:31 +215: library-active-chosen-white-1.6x-synthetic
01:31 +216: home-active-no-choice-white-1.6x-synthetic
01:32 +217: library-active-no-choice-white-1.6x-synthetic
01:32 +218: home-active-no-routine-white-1.6x-synthetic
01:32 +219: library-active-no-routine-white-1.6x-synthetic
01:32 +220: home-active-error-white-1.6x-synthetic
01:32 +221: library-active-error-white-1.6x-synthetic
01:33 +222: home-active-deleted-choice-white-1.6x-synthetic
01:33 +223: library-active-deleted-choice-white-1.6x-synthetic
01:33 +224: home-active-empty-choice-white-1.6x-synthetic
01:33 +225: library-active-empty-choice-white-1.6x-synthetic
01:34 +226: home-active-choice-error-white-1.6x-synthetic
01:34 +227: library-active-choice-error-white-1.6x-synthetic
01:34 +228: home-chosen-neonCyan-1.0x-synthetic
01:35 +229: library-chosen-neonCyan-1.0x-synthetic
01:35 +230: home-no-choice-neonCyan-1.0x-synthetic
01:35 +231: library-no-choice-neonCyan-1.0x-synthetic
01:35 +232: home-deleted-choice-neonCyan-1.0x-synthetic
01:36 +233: library-deleted-choice-neonCyan-1.0x-synthetic
01:36 +234: home-empty-choice-neonCyan-1.0x-synthetic
01:36 +235: library-empty-choice-neonCyan-1.0x-synthetic
01:36 +236: home-new-user-neonCyan-1.0x-synthetic
01:36 +237: library-new-user-neonCyan-1.0x-synthetic
01:37 +238: home-no-routine-neonCyan-1.0x-synthetic
01:37 +239: library-no-routine-neonCyan-1.0x-synthetic
01:37 +240: home-inactive-return-neonCyan-1.0x-synthetic
01:37 +241: library-inactive-return-neonCyan-1.0x-synthetic
01:37 +242: home-low-data-neonCyan-1.0x-synthetic
01:37 +243: library-low-data-neonCyan-1.0x-synthetic
01:38 +244: home-error-neonCyan-1.0x-synthetic
01:38 +245: library-error-neonCyan-1.0x-synthetic
01:38 +246: home-previous-error-neonCyan-1.0x-synthetic
01:38 +247: library-previous-error-neonCyan-1.0x-synthetic
01:38 +248: home-choice-error-neonCyan-1.0x-synthetic
01:38 +249: library-choice-error-neonCyan-1.0x-synthetic
01:39 +250: home-loading-neonCyan-1.0x-synthetic
01:39 +251: library-loading-neonCyan-1.0x-synthetic
01:39 +252: home-active-chosen-neonCyan-1.0x-synthetic
01:39 +253: library-active-chosen-neonCyan-1.0x-synthetic
01:39 +254: home-active-no-choice-neonCyan-1.0x-synthetic
01:40 +255: library-active-no-choice-neonCyan-1.0x-synthetic
01:40 +256: home-active-no-routine-neonCyan-1.0x-synthetic
01:40 +257: library-active-no-routine-neonCyan-1.0x-synthetic
01:40 +258: home-active-error-neonCyan-1.0x-synthetic
01:40 +259: library-active-error-neonCyan-1.0x-synthetic
01:41 +260: home-active-deleted-choice-neonCyan-1.0x-synthetic
01:41 +261: library-active-deleted-choice-neonCyan-1.0x-synthetic
01:41 +262: home-active-empty-choice-neonCyan-1.0x-synthetic
01:41 +263: library-active-empty-choice-neonCyan-1.0x-synthetic
01:41 +264: home-active-choice-error-neonCyan-1.0x-synthetic
01:41 +265: library-active-choice-error-neonCyan-1.0x-synthetic
01:42 +266: home-chosen-neonCyan-1.6x-synthetic
01:42 +267: library-chosen-neonCyan-1.6x-synthetic
01:43 +268: home-no-choice-neonCyan-1.6x-synthetic
01:43 +269: library-no-choice-neonCyan-1.6x-synthetic
01:43 +270: home-deleted-choice-neonCyan-1.6x-synthetic
01:43 +271: library-deleted-choice-neonCyan-1.6x-synthetic
01:44 +272: home-empty-choice-neonCyan-1.6x-synthetic
01:44 +273: library-empty-choice-neonCyan-1.6x-synthetic
01:44 +274: home-new-user-neonCyan-1.6x-synthetic
01:44 +275: library-new-user-neonCyan-1.6x-synthetic
01:44 +276: home-no-routine-neonCyan-1.6x-synthetic
01:44 +277: library-no-routine-neonCyan-1.6x-synthetic
01:45 +278: home-inactive-return-neonCyan-1.6x-synthetic
01:45 +279: library-inactive-return-neonCyan-1.6x-synthetic
01:45 +280: home-low-data-neonCyan-1.6x-synthetic
01:45 +281: library-low-data-neonCyan-1.6x-synthetic
01:45 +282: home-error-neonCyan-1.6x-synthetic
01:45 +283: library-error-neonCyan-1.6x-synthetic
01:45 +284: home-previous-error-neonCyan-1.6x-synthetic
01:46 +285: library-previous-error-neonCyan-1.6x-synthetic
01:46 +286: home-choice-error-neonCyan-1.6x-synthetic
01:46 +287: library-choice-error-neonCyan-1.6x-synthetic
01:46 +288: home-loading-neonCyan-1.6x-synthetic
01:47 +289: library-loading-neonCyan-1.6x-synthetic
01:47 +290: home-active-chosen-neonCyan-1.6x-synthetic
01:47 +291: library-active-chosen-neonCyan-1.6x-synthetic
01:47 +292: home-active-no-choice-neonCyan-1.6x-synthetic
01:47 +293: library-active-no-choice-neonCyan-1.6x-synthetic
01:48 +294: home-active-no-routine-neonCyan-1.6x-synthetic
01:48 +295: library-active-no-routine-neonCyan-1.6x-synthetic
01:48 +296: home-active-error-neonCyan-1.6x-synthetic
01:48 +297: library-active-error-neonCyan-1.6x-synthetic
01:49 +298: home-active-deleted-choice-neonCyan-1.6x-synthetic
01:49 +299: library-active-deleted-choice-neonCyan-1.6x-synthetic
01:49 +300: home-active-empty-choice-neonCyan-1.6x-synthetic
01:49 +301: library-active-empty-choice-neonCyan-1.6x-synthetic
01:49 +302: home-active-choice-error-neonCyan-1.6x-synthetic
01:49 +303: library-active-choice-error-neonCyan-1.6x-synthetic
01:50 +304: home-chosen-neonMagenta-1.0x-synthetic
01:50 +305: library-chosen-neonMagenta-1.0x-synthetic
01:51 +306: home-no-choice-neonMagenta-1.0x-synthetic
01:51 +307: library-no-choice-neonMagenta-1.0x-synthetic
01:51 +308: home-deleted-choice-neonMagenta-1.0x-synthetic
01:51 +309: library-deleted-choice-neonMagenta-1.0x-synthetic
01:51 +310: home-empty-choice-neonMagenta-1.0x-synthetic
01:51 +311: library-empty-choice-neonMagenta-1.0x-synthetic
01:51 +312: home-new-user-neonMagenta-1.0x-synthetic
01:52 +313: library-new-user-neonMagenta-1.0x-synthetic
01:52 +314: home-no-routine-neonMagenta-1.0x-synthetic
01:52 +315: library-no-routine-neonMagenta-1.0x-synthetic
01:52 +316: home-inactive-return-neonMagenta-1.0x-synthetic
01:52 +317: library-inactive-return-neonMagenta-1.0x-synthetic
01:52 +318: home-low-data-neonMagenta-1.0x-synthetic
01:52 +319: library-low-data-neonMagenta-1.0x-synthetic
01:52 +320: home-error-neonMagenta-1.0x-synthetic
01:53 +321: library-error-neonMagenta-1.0x-synthetic
01:53 +322: home-previous-error-neonMagenta-1.0x-synthetic
01:53 +323: library-previous-error-neonMagenta-1.0x-synthetic
01:53 +324: home-choice-error-neonMagenta-1.0x-synthetic
01:53 +325: library-choice-error-neonMagenta-1.0x-synthetic
01:53 +326: home-loading-neonMagenta-1.0x-synthetic
01:53 +327: library-loading-neonMagenta-1.0x-synthetic
01:54 +328: home-active-chosen-neonMagenta-1.0x-synthetic
01:54 +329: library-active-chosen-neonMagenta-1.0x-synthetic
01:54 +330: home-active-no-choice-neonMagenta-1.0x-synthetic
01:54 +331: library-active-no-choice-neonMagenta-1.0x-synthetic
01:54 +332: home-active-no-routine-neonMagenta-1.0x-synthetic
01:54 +333: library-active-no-routine-neonMagenta-1.0x-synthetic
01:54 +334: home-active-error-neonMagenta-1.0x-synthetic
01:55 +335: library-active-error-neonMagenta-1.0x-synthetic
01:55 +336: home-active-deleted-choice-neonMagenta-1.0x-synthetic
01:55 +337: library-active-deleted-choice-neonMagenta-1.0x-synthetic
01:55 +338: home-active-empty-choice-neonMagenta-1.0x-synthetic
01:55 +339: library-active-empty-choice-neonMagenta-1.0x-synthetic
01:55 +340: home-active-choice-error-neonMagenta-1.0x-synthetic
01:55 +341: library-active-choice-error-neonMagenta-1.0x-synthetic
01:56 +342: home-chosen-neonMagenta-1.6x-synthetic
01:56 +343: library-chosen-neonMagenta-1.6x-synthetic
01:56 +344: home-no-choice-neonMagenta-1.6x-synthetic
01:57 +345: library-no-choice-neonMagenta-1.6x-synthetic
01:57 +346: home-deleted-choice-neonMagenta-1.6x-synthetic
01:57 +347: library-deleted-choice-neonMagenta-1.6x-synthetic
01:57 +348: home-empty-choice-neonMagenta-1.6x-synthetic
01:57 +349: library-empty-choice-neonMagenta-1.6x-synthetic
01:57 +350: home-new-user-neonMagenta-1.6x-synthetic
01:58 +351: library-new-user-neonMagenta-1.6x-synthetic
01:58 +352: home-no-routine-neonMagenta-1.6x-synthetic
01:58 +353: library-no-routine-neonMagenta-1.6x-synthetic
01:58 +354: home-inactive-return-neonMagenta-1.6x-synthetic
01:58 +355: library-inactive-return-neonMagenta-1.6x-synthetic
01:58 +356: home-low-data-neonMagenta-1.6x-synthetic
01:58 +357: library-low-data-neonMagenta-1.6x-synthetic
01:59 +358: home-error-neonMagenta-1.6x-synthetic
01:59 +359: library-error-neonMagenta-1.6x-synthetic
01:59 +360: home-previous-error-neonMagenta-1.6x-synthetic
01:59 +361: library-previous-error-neonMagenta-1.6x-synthetic
01:59 +362: home-choice-error-neonMagenta-1.6x-synthetic
01:59 +363: library-choice-error-neonMagenta-1.6x-synthetic
01:59 +364: home-loading-neonMagenta-1.6x-synthetic
02:00 +365: library-loading-neonMagenta-1.6x-synthetic
02:00 +366: home-active-chosen-neonMagenta-1.6x-synthetic
02:00 +367: library-active-chosen-neonMagenta-1.6x-synthetic
02:00 +368: home-active-no-choice-neonMagenta-1.6x-synthetic
02:00 +369: library-active-no-choice-neonMagenta-1.6x-synthetic
02:00 +370: home-active-no-routine-neonMagenta-1.6x-synthetic
02:00 +371: library-active-no-routine-neonMagenta-1.6x-synthetic
02:00 +372: home-active-error-neonMagenta-1.6x-synthetic
02:00 +373: library-active-error-neonMagenta-1.6x-synthetic
02:00 +374: home-active-deleted-choice-neonMagenta-1.6x-synthetic
02:01 +375: library-active-deleted-choice-neonMagenta-1.6x-synthetic
02:01 +376: home-active-empty-choice-neonMagenta-1.6x-synthetic
02:01 +377: library-active-empty-choice-neonMagenta-1.6x-synthetic
02:01 +378: home-active-choice-error-neonMagenta-1.6x-synthetic
02:01 +379: library-active-choice-error-neonMagenta-1.6x-synthetic
02:01 +380: home-chosen-blazeOrange-1.0x-synthetic
02:02 +381: library-chosen-blazeOrange-1.0x-synthetic
02:02 +382: home-no-choice-blazeOrange-1.0x-synthetic
02:02 +383: library-no-choice-blazeOrange-1.0x-synthetic
02:02 +384: home-deleted-choice-blazeOrange-1.0x-synthetic
02:03 +385: library-deleted-choice-blazeOrange-1.0x-synthetic
02:03 +386: home-empty-choice-blazeOrange-1.0x-synthetic
02:03 +387: library-empty-choice-blazeOrange-1.0x-synthetic
02:03 +388: home-new-user-blazeOrange-1.0x-synthetic
02:03 +389: library-new-user-blazeOrange-1.0x-synthetic
02:03 +390: home-no-routine-blazeOrange-1.0x-synthetic
02:03 +391: library-no-routine-blazeOrange-1.0x-synthetic
02:04 +392: home-inactive-return-blazeOrange-1.0x-synthetic
02:04 +393: library-inactive-return-blazeOrange-1.0x-synthetic
02:04 +394: home-low-data-blazeOrange-1.0x-synthetic
02:04 +395: library-low-data-blazeOrange-1.0x-synthetic
02:04 +396: home-error-blazeOrange-1.0x-synthetic
02:04 +397: library-error-blazeOrange-1.0x-synthetic
02:04 +398: home-previous-error-blazeOrange-1.0x-synthetic
02:05 +399: library-previous-error-blazeOrange-1.0x-synthetic
02:05 +400: home-choice-error-blazeOrange-1.0x-synthetic
02:05 +401: library-choice-error-blazeOrange-1.0x-synthetic
02:05 +402: home-loading-blazeOrange-1.0x-synthetic
02:05 +403: library-loading-blazeOrange-1.0x-synthetic
02:05 +404: home-active-chosen-blazeOrange-1.0x-synthetic
02:05 +405: library-active-chosen-blazeOrange-1.0x-synthetic
02:05 +406: home-active-no-choice-blazeOrange-1.0x-synthetic
02:06 +407: library-active-no-choice-blazeOrange-1.0x-synthetic
02:06 +408: home-active-no-routine-blazeOrange-1.0x-synthetic
02:06 +409: library-active-no-routine-blazeOrange-1.0x-synthetic
02:06 +410: home-active-error-blazeOrange-1.0x-synthetic
02:06 +411: library-active-error-blazeOrange-1.0x-synthetic
02:06 +412: home-active-deleted-choice-blazeOrange-1.0x-synthetic
02:06 +413: library-active-deleted-choice-blazeOrange-1.0x-synthetic
02:07 +414: home-active-empty-choice-blazeOrange-1.0x-synthetic
02:07 +415: library-active-empty-choice-blazeOrange-1.0x-synthetic
02:07 +416: home-active-choice-error-blazeOrange-1.0x-synthetic
02:07 +417: library-active-choice-error-blazeOrange-1.0x-synthetic
02:07 +418: home-chosen-blazeOrange-1.6x-synthetic
02:08 +419: library-chosen-blazeOrange-1.6x-synthetic
02:08 +420: home-no-choice-blazeOrange-1.6x-synthetic
02:08 +421: library-no-choice-blazeOrange-1.6x-synthetic
02:08 +422: home-deleted-choice-blazeOrange-1.6x-synthetic
02:08 +423: library-deleted-choice-blazeOrange-1.6x-synthetic
02:08 +424: home-empty-choice-blazeOrange-1.6x-synthetic
02:09 +425: library-empty-choice-blazeOrange-1.6x-synthetic
02:09 +426: home-new-user-blazeOrange-1.6x-synthetic
02:09 +427: library-new-user-blazeOrange-1.6x-synthetic
02:09 +428: home-no-routine-blazeOrange-1.6x-synthetic
02:09 +429: library-no-routine-blazeOrange-1.6x-synthetic
02:09 +430: home-inactive-return-blazeOrange-1.6x-synthetic
02:10 +431: library-inactive-return-blazeOrange-1.6x-synthetic
02:10 +432: home-low-data-blazeOrange-1.6x-synthetic
02:10 +433: library-low-data-blazeOrange-1.6x-synthetic
02:10 +434: home-error-blazeOrange-1.6x-synthetic
02:10 +435: library-error-blazeOrange-1.6x-synthetic
02:10 +436: home-previous-error-blazeOrange-1.6x-synthetic
02:10 +437: library-previous-error-blazeOrange-1.6x-synthetic
02:10 +438: home-choice-error-blazeOrange-1.6x-synthetic
02:10 +439: library-choice-error-blazeOrange-1.6x-synthetic
02:11 +440: home-loading-blazeOrange-1.6x-synthetic
02:11 +441: library-loading-blazeOrange-1.6x-synthetic
02:11 +442: home-active-chosen-blazeOrange-1.6x-synthetic
02:11 +443: library-active-chosen-blazeOrange-1.6x-synthetic
02:11 +444: home-active-no-choice-blazeOrange-1.6x-synthetic
02:11 +445: library-active-no-choice-blazeOrange-1.6x-synthetic
02:11 +446: home-active-no-routine-blazeOrange-1.6x-synthetic
02:11 +447: library-active-no-routine-blazeOrange-1.6x-synthetic
02:12 +448: home-active-error-blazeOrange-1.6x-synthetic
02:12 +449: library-active-error-blazeOrange-1.6x-synthetic
02:12 +450: home-active-deleted-choice-blazeOrange-1.6x-synthetic
02:12 +451: library-active-deleted-choice-blazeOrange-1.6x-synthetic
02:12 +452: home-active-empty-choice-blazeOrange-1.6x-synthetic
02:12 +453: library-active-empty-choice-blazeOrange-1.6x-synthetic
02:12 +454: home-active-choice-error-blazeOrange-1.6x-synthetic
02:12 +455: library-active-choice-error-blazeOrange-1.6x-synthetic
02:12 +456: (tearDownAll)
02:13 +456: All tests passed!
